Component: ARM Compiler 5.06 update 7 (build 960) Tool: armlink [4d3601]

==============================================================================

Section Cross References

    startup_stm32f411xe.o(STACK) refers (Special) to heapauxi.o(.text) for __use_two_region_memory
    startup_stm32f411xe.o(HEAP) refers (Special) to heapauxi.o(.text) for __use_two_region_memory
    startup_stm32f411xe.o(RESET) refers (Special) to heapauxi.o(.text) for __use_two_region_memory
    startup_stm32f411xe.o(RESET) refers to startup_stm32f411xe.o(STACK) for __initial_sp
    startup_stm32f411xe.o(RESET) refers to startup_stm32f411xe.o(.text) for Reset_Handler
    startup_stm32f411xe.o(RESET) refers to stm32f4xx_it.o(i.NMI_Handler) for NMI_Handler
    startup_stm32f411xe.o(RESET) refers to stm32f4xx_it.o(i.HardFault_Handler) for HardFault_Handler
    startup_stm32f411xe.o(RESET) refers to stm32f4xx_it.o(i.MemManage_Handler) for MemManage_Handler
    startup_stm32f411xe.o(RESET) refers to stm32f4xx_it.o(i.BusFault_Handler) for BusFault_Handler
    startup_stm32f411xe.o(RESET) refers to stm32f4xx_it.o(i.UsageFault_Handler) for UsageFault_Handler
    startup_stm32f411xe.o(RESET) refers to port.o(.emb_text) for SVC_Handler
    startup_stm32f411xe.o(RESET) refers to stm32f4xx_it.o(i.DebugMon_Handler) for DebugMon_Handler
    startup_stm32f411xe.o(RESET) refers to cmsis_os2.o(i.SysTick_Handler) for SysTick_Handler
    startup_stm32f411xe.o(RESET) refers to stm32f4xx_it.o(i.TIM1_UP_TIM10_IRQHandler) for TIM1_UP_TIM10_IRQHandler
    startup_stm32f411xe.o(RESET) refers to stm32f4xx_it.o(i.USART1_IRQHandler) for USART1_IRQHandler
    startup_stm32f411xe.o(RESET) refers to stm32f4xx_it.o(i.DMA2_Stream2_IRQHandler) for DMA2_Stream2_IRQHandler
    startup_stm32f411xe.o(RESET) refers to stm32f4xx_it.o(i.DMA2_Stream7_IRQHandler) for DMA2_Stream7_IRQHandler
    startup_stm32f411xe.o(.text) refers (Special) to heapauxi.o(.text) for __use_two_region_memory
    startup_stm32f411xe.o(.text) refers to system_stm32f4xx.o(i.SystemInit) for SystemInit
    startup_stm32f411xe.o(.text) refers to __main.o(!!!main) for __main
    startup_stm32f411xe.o(.text) refers to startup_stm32f411xe.o(HEAP) for Heap_Mem
    startup_stm32f411xe.o(.text) refers to startup_stm32f411xe.o(STACK) for Stack_Mem
    main.o(i.HAL_TIM_PeriodElapsedCallback) refers to stm32f4xx_hal.o(i.HAL_IncTick) for HAL_IncTick
    main.o(i.SystemClock_Config) refers to rt_memclr_w.o(.text) for __aeabi_memclr4
    main.o(i.SystemClock_Config) refers to stm32f4xx_hal_rcc.o(i.HAL_RCC_OscConfig) for HAL_RCC_OscConfig
    main.o(i.SystemClock_Config) refers to stm32f4xx_hal_rcc.o(i.HAL_RCC_ClockConfig) for HAL_RCC_ClockConfig
    main.o(i.main) refers to stm32f4xx_hal.o(i.HAL_Init) for HAL_Init
    main.o(i.main) refers to main.o(i.SystemClock_Config) for SystemClock_Config
    main.o(i.main) refers to gpio.o(i.MX_GPIO_Init) for MX_GPIO_Init
    main.o(i.main) refers to dma.o(i.MX_DMA_Init) for MX_DMA_Init
    main.o(i.main) refers to usart.o(i.MX_USART1_UART_Init) for MX_USART1_UART_Init
    main.o(i.main) refers to i2c.o(i.MX_I2C1_Init) for MX_I2C1_Init
    main.o(i.main) refers to cmsis_os2.o(i.osKernelInitialize) for osKernelInitialize
    main.o(i.main) refers to freertos.o(i.MX_FREERTOS_Init) for MX_FREERTOS_Init
    main.o(i.main) refers to cmsis_os2.o(i.osKernelStart) for osKernelStart
    freertos.o(i.MX_FREERTOS_Init) refers to cmsis_os2.o(i.osThreadNew) for osThreadNew
    freertos.o(i.MX_FREERTOS_Init) refers to inference_task.o(i.InferenceTask_Init) for InferenceTask_Init
    freertos.o(i.MX_FREERTOS_Init) refers to sensor_task.o(i.SensorTask_Init) for SensorTask_Init
    freertos.o(i.MX_FREERTOS_Init) refers to freertos.o(.constdata) for .constdata
    freertos.o(i.MX_FREERTOS_Init) refers to freertos.o(i.StartDefaultTask) for StartDefaultTask
    freertos.o(i.MX_FREERTOS_Init) refers to freertos.o(.data) for .data
    freertos.o(i.StartDefaultTask) refers to bsp_usart_1.o(i.BSP_USART1_Init) for BSP_USART1_Init
    freertos.o(i.StartDefaultTask) refers to bsp_usart_1.o(i.BSP_USART1_Print) for BSP_USART1_Print
    freertos.o(i.StartDefaultTask) refers to bsp_usart_1.o(i.BSP_USART1_Receive) for BSP_USART1_Receive
    freertos.o(i.StartDefaultTask) refers to bsp_usart_1.o(i.BSP_USART1_Send) for BSP_USART1_Send
    freertos.o(i.StartDefaultTask) refers to bsp_usart_1.o(i.BSP_USART1_Printf) for BSP_USART1_Printf
    freertos.o(.constdata) refers to freertos.o(.conststring) for .conststring
    dma.o(i.MX_DMA_Init) refers to stm32f4xx_hal_cortex.o(i.HAL_NVIC_SetPriority) for HAL_NVIC_SetPriority
    dma.o(i.MX_DMA_Init) refers to stm32f4xx_hal_cortex.o(i.HAL_NVIC_EnableIRQ) for HAL_NVIC_EnableIRQ
    i2c.o(i.HAL_I2C_MspDeInit) refers to stm32f4xx_hal_gpio.o(i.HAL_GPIO_DeInit) for HAL_GPIO_DeInit
    i2c.o(i.HAL_I2C_MspInit) refers to rt_memclr_w.o(.text) for __aeabi_memclr4
    i2c.o(i.HAL_I2C_MspInit) refers to stm32f4xx_hal_gpio.o(i.HAL_GPIO_Init) for HAL_GPIO_Init
[...]
    ai_buffer_get_size                       0x080059f5   Thumb Code    96  ai_platform.o(i.ai_buffer_get_size)
    ai_check_custom_types                    0x08005a5d   Thumb Code    38  layers.o(i.ai_check_custom_types)
    ai_layers_forward_all                    0x08005a89   Thumb Code    80  layers.o(i.ai_layers_forward_all)
    ai_layers_init_all                       0x08005ad9   Thumb Code    30  layers.o(i.ai_layers_init_all)
    ai_layers_post_init_all                  0x08005af7   Thumb Code    54  layers.o(i.ai_layers_post_init_all)
    ai_network_create                        0x08005b2d   Thumb Code    20  network.o(i.ai_network_create)
    ai_network_create_and_init               0x08005b45   Thumb Code   136  network.o(i.ai_network_create_and_init)
    ai_network_data_params_get               0x08005bcd   Thumb Code    36  network_data.o(i.ai_network_data_params_get)
    ai_network_get_error                     0x08005bf5   Thumb Code     4  network.o(i.ai_network_get_error)
    ai_network_init                          0x08005bf9   Thumb Code    48  network.o(i.ai_network_init)
    ai_network_inputs_get                    0x08005c29   Thumb Code    12  network.o(i.ai_network_inputs_get)
    ai_network_outputs_get                   0x08005c3d   Thumb Code    12  network.o(i.ai_network_outputs_get)
    ai_network_run                           0x08005c51   Thumb Code     4  network.o(i.ai_network_run)
    ai_platform_bind_network_params          0x08005c55   Thumb Code    38  ai_platform_interface.o(i.ai_platform_bind_network_params)
    ai_platform_context_acquire              0x08005c81   Thumb Code    14  ai_platform_interface.o(i.ai_platform_context_acquire)
    ai_platform_get_activations_map          0x08005c95   Thumb Code    38  ai_platform_interface.o(i.ai_platform_get_activations_map)
    ai_platform_get_weights_map              0x08005cc1   Thumb Code    36  ai_platform_interface.o(i.ai_platform_get_weights_map)
    ai_platform_inputs_get                   0x08005ce9   Thumb Code    66  ai_platform_interface.o(i.ai_platform_inputs_get)
    ai_platform_network_create               0x08005d2d   Thumb Code   146  ai_platform_interface.o(i.ai_platform_network_create)
    ai_platform_network_get_error            0x08005dc9   Thumb Code    24  ai_platform_interface.o(i.ai_platform_network_get_error)
    ai_platform_network_init                 0x08005de5   Thumb Code   262  ai_platform_interface.o(i.ai_platform_network_init)
    ai_platform_network_post_init            0x08005efd   Thumb Code    76  ai_platform_interface.o(i.ai_platform_network_post_init)
    ai_platform_network_process              0x08005f4d   Thumb Code    84  ai_platform_interface.o(i.ai_platform_network_process)
    ai_platform_network_set_error            0x08005fa1   Thumb Code    12  ai_platform_interface.o(i.ai_platform_network_set_error)
    ai_platform_outputs_get                  0x08005fad   Thumb Code    72  ai_platform_interface.o(i.ai_platform_outputs_get)
    ai_version_get                           0x08005ff5   Thumb Code    12  ai_datatypes_internal.o(i.ai_version_get)
    core_get_error                           0x08006001   Thumb Code    12  core_common.o(i.core_get_error)
    core_init                                0x0800600d   Thumb Code     4  core_common.o(i.core_init)
    core_set_error                           0x08006043   Thumb Code    26  core_common.o(i.core_set_error)
    forward_ap                               0x080060d9   Thumb Code   366  layers_pool_generic_float.o(i.forward_ap)
    forward_conv2d_if32of32wf32_nl_pool      0x08006247   Thumb Code   684  layers_conv2d_generic_float.o(i.forward_conv2d_if32of32wf32_nl_pool)
    forward_dense                            0x080064f5   Thumb Code   322  layers_conv2d_generic_float.o(i.forward_dense)
    forward_lite_conv2d_if32of32wf32_pool    0x0800663d   Thumb Code   640  forward_lite_conv2d_if32of32wf32.o(i.forward_lite_conv2d_if32of32wf32_pool)
    forward_lite_dense_if32of32wf32          0x080068c1   Thumb Code   148  lite_dense_if32.o(i.forward_lite_dense_if32of32wf32)
    forward_lite_dense_if32of32wf32_lut4     0x08006959   Thumb Code   168  lite_dense_if32.o(i.forward_lite_dense_if32of32wf32_lut4)
    forward_lite_dense_if32of32wf32_lut8     0x08006a05   Thumb Code   168  lite_dense_if32.o(i.forward_lite_dense_if32of32wf32_lut8)
    forward_lite_nl_relu_if32of32            0x08006ab1   Thumb Code    46  lite_nl_generic_float.o(i.forward_lite_nl_relu_if32of32)
    forward_transpose                        0x08006ae5   Thumb Code    76  layers_generic_float.o(i.forward_transpose)
    get_tensor_byte_size                     0x08006cb5   Thumb Code    34  ai_datatypes_internal.o(i.get_tensor_byte_size)
    main                                     0x08006e7d   Thumb Code    38  main.o(i.main)
    osDelay                                  0x08007019   Thumb Code    26  cmsis_os2.o(i.osDelay)
    osKernelInitialize                       0x08007035   Thumb Code    32  cmsis_os2.o(i.osKernelInitialize)
    osKernelStart                            0x08007059   Thumb Code    48  cmsis_os2.o(i.osKernelStart)
    osThreadNew                              0x08007091   Thumb Code   138  cmsis_os2.o(i.osThreadNew)
    pool_func_ap_kernel_array_f32            0x0800711d   Thumb Code   124  layers_pool_generic_float.o(i.pool_func_ap_kernel_array_f32)
    pool_func_mp_array_f32                   0x08007199   Thumb Code   420  forward_lite_pool_f32.o(i.pool_func_mp_array_f32)
    pvPortMalloc                             0x08007ad5   Thumb Code   216  heap_4.o(i.pvPortMalloc)
    pxPortInitialiseStack                    0x08007bb1   Thumb Code    40  port.o(i.pxPortInitialiseStack)
    st_int8_copy                             0x08007c11   Thumb Code   144  st_int8_fill.o(i.st_int8_copy)
    uxListRemove                             0x08007ca1   Thumb Code    38  list.o(i.uxListRemove)
    vApplicationGetIdleTaskMemory            0x08007cc9   Thumb Code    16  cmsis_os2.o(i.vApplicationGetIdleTaskMemory)
    vApplicationGetTimerTaskMemory           0x08007cdd   Thumb Code    18  cmsis_os2.o(i.vApplicationGetTimerTaskMemory)
    vListInitialise                          0x08007cf5   Thumb Code    22  list.o(i.vListInitialise)
    vListInitialiseItem                      0x08007d0b   Thumb Code     6  list.o(i.vListInitialiseItem)
    vListInsert                              0x08007d11   Thumb Code    48  list.o(i.vListInsert)
    vListInsertEnd                           0x08007d41   Thumb Code    24  list.o(i.vListInsertEnd)
    vPortEnterCritical                       0x08007d59   Thumb Code    54  port.o(i.vPortEnterCritical)
    vPortExitCritical                        0x08007d99   Thumb Code    34  port.o(i.vPortExitCritical)
    vPortFree                                0x08007dc1   Thumb Code    94  heap_4.o(i.vPortFree)
    vPortSetupTimerInterrupt                 0x08007e25   Thumb Code    32  port.o(i.vPortSetupTimerInterrupt)
    vPortValidateInterruptPriority           0x08007e49   Thumb Code    74  port.o(i.vPortValidateInterruptPriority)
    vQueueAddToRegistry                      0x08007e9d   Thumb Code    34  queue.o(i.vQueueAddToRegistry)
    vQueueWaitForMessageRestricted           0x08007ec5   Thumb Code    68  queue.o(i.vQueueWaitForMessageRestricted)
    vTaskDelay                               0x08007f09   Thumb Code    66  tasks.o(i.vTaskDelay)
    vTaskDelayUntil                          0x08007f55   Thumb Code   132  tasks.o(i.vTaskDelayUntil)
    vTaskInternalSetTimeOutState             0x08007fe1   Thumb Code    12  tasks.o(i.vTaskInternalSetTimeOutState)
    vTaskMissedYield                         0x08007ff1   Thumb Code     8  tasks.o(i.vTaskMissedYield)
    vTaskPlaceOnEventList                    0x08007ffd   Thumb Code    44  tasks.o(i.vTaskPlaceOnEventList)
    vTaskPlaceOnEventListRestricted          0x0800802d   Thumb Code    52  tasks.o(i.vTaskPlaceOnEventListRestricted)
    vTaskStartScheduler                      0x08008065   Thumb Code   118  tasks.o(i.vTaskStartScheduler)
    vTaskSuspend                             0x080080ed   Thumb Code   144  tasks.o(i.vTaskSuspend)
    vTaskSuspendAll                          0x08008189   Thumb Code    10  tasks.o(i.vTaskSuspendAll)
    vTaskSwitchContext                       0x08008199   Thumb Code    90  tasks.o(i.vTaskSwitchContext)
    xPortStartScheduler                      0x080081fd   Thumb Code   222  port.o(i.xPortStartScheduler)
    xPortSysTickHandler                      0x080082f1   Thumb Code    38  port.o(i.xPortSysTickHandler)
    xQueueGenericCreate                      0x0800831d   Thumb Code    66  queue.o(i.xQueueGenericCreate)
    xQueueGenericCreateStatic                0x0800835f   Thumb Code   102  queue.o(i.xQueueGenericCreateStatic)
    xQueueGenericReset                       0x080083c5   Thumb Code   132  queue.o(i.xQueueGenericReset)
    xQueueGenericSend                        0x0800844d   Thumb Code   346  queue.o(i.xQueueGenericSend)
    xQueueGenericSendFromISR                 0x080085ad   Thumb Code   190  queue.o(i.xQueueGenericSendFromISR)
    xQueueReceive                            0x0800866d   Thumb Code   308  queue.o(i.xQueueReceive)
    xTaskCheckForTimeOut                     0x080087a5   Thumb Code   112  tasks.o(i.xTaskCheckForTimeOut)
    xTaskCreate                              0x08008819   Thumb Code    90  tasks.o(i.xTaskCreate)
    xTaskCreateStatic                        0x08008873   Thumb Code    86  tasks.o(i.xTaskCreateStatic)
    xTaskGetSchedulerState                   0x080088c9   Thumb Code    22  tasks.o(i.xTaskGetSchedulerState)
    xTaskGetTickCount                        0x080088e5   Thumb Code     6  tasks.o(i.xTaskGetTickCount)
    xTaskIncrementTick                       0x080088f1   Thumb Code   192  tasks.o(i.xTaskIncrementTick)
    xTaskPriorityDisinherit                  0x080089b9   Thumb Code   118  tasks.o(i.xTaskPriorityDisinherit)
    xTaskRemoveFromEventList                 0x08008a39   Thumb Code    98  tasks.o(i.xTaskRemoveFromEventList)
    xTaskResumeAll                           0x08008aa9   Thumb Code   182  tasks.o(i.xTaskResumeAll)
    xTimerCreateTimerTask                    0x08008b6d   Thumb Code    78  timers.o(i.xTimerCreateTimerTask)
    xTimerGenericCommand                     0x08008bcd   Thumb Code    98  timers.o(i.xTimerGenericCommand)
    _get_lc_numeric                          0x08008c35   Thumb Code    44  lc_numeric_c.o(locale$$code)
    _get_lc_ctype                            0x08008c61   Thumb Code    44  lc_ctype_c.o(locale$$code)
    _fp_init                                 0x08008c8d   Thumb Code    10  fpinit.o(x$fpl$fpinit)
    __fplib_config_fpu_vfp                   0x08008c95   Thumb Code     0  fpinit.o(x$fpl$fpinit)
    __fplib_config_pureend_doubles           0x08008c95   Thumb Code     0  fpinit.o(x$fpl$fpinit)
    _printf_fp_dec                           0x08008c97   Thumb Code     4  printf1.o(x$fpl$printf1)
    _printf_fp_hex                           0x08008c9b   Thumb Code     4  printf2.o(x$fpl$printf2)
    __I$use$fp                               0x08008c9e   Number         0  usenofp.o(x$fpl$usenofp)
    defaultTask_attributes                   0x08008ca0   Data          36  freertos.o(.constdata)
    AHBPrescTable                            0x08008ccc   Data          16  system_stm32f4xx.o(.constdata)
    APBPrescTable                            0x08008cdc   Data           8  system_stm32f4xx.o(.constdata)
    s_network_weights_array_u64              0x08008e60   Data        8808  network_data_params.o(.constdata)
    Region$$Table$$Base                      0x0800b4b8   Number         0  anon$$obj.o(Region$$Table)
    Region$$Table$$Limit                     0x0800b4d8   Number         0  anon$$obj.o(Region$$Table)
    __ctype                                  0x0800b501   Data           0  lc_ctype_c.o(locale$$data)
    defaultTaskHandle                        0x20000000   Data           4  freertos.o(.data)
    uwTickFreq                               0x20000004   Data           1  stm32f4xx_hal.o(.data)
    uwTickPrio                               0x20000008   Data           4  stm32f4xx_hal.o(.data)
    uwTick                                   0x2000000c   Data           4  stm32f4xx_hal.o(.data)
    SystemCoreClock                          0x20000010   Data           4  system_stm32f4xx.o(.data)
    pxCurrentTCB                             0x20000014   Data           4  tasks.o(.data)
    g_inference_result                       0x200000a8   Data           1  inference_task.o(.data)
    xInferenceQueue                          0x200000ac   Data           4  inference_task.o(.data)
    xInferenceTaskHandle                     0x200000b0   Data           4  inference_task.o(.data)
    g_prob_air                               0x200000b4   Data           4  inference_task.o(.data)
    g_prob_alcohol                           0x200000b8   Data           4  inference_task.o(.data)
    xSensorTaskHandle                        0x200000c4   Data           4  sensor_task.o(.data)
    g_network_data_map_activations           0x20000ba0   Data          28  network_data.o(.data)
    g_network_data_map_weights               0x20000bbc   Data          28  network_data.o(.data)
    hi2c1                                    0x20000bd8   Data          84  i2c.o(.bss)
    huart1                                   0x20000c2c   Data          72  usart.o(.bss)
    hdma_usart1_rx                           0x20000c74   Data          96  usart.o(.bss)
    hdma_usart1_tx                           0x20000cd4   Data          96  usart.o(.bss)
    htim1                                    0x20000d34   Data          72  stm32f4xx_hal_timebase_tim.o(.bss)
    xQueueRegistry                           0x20000d7c   Data          64  queue.o(.bss)
    __libspace_start                         0x2000958c   Data          96  libspace.o(.bss)
    __temporary_stack_top$libspace           0x200095ec   Data           0  libspace.o(.bss)



==============================================================================

Memory Map of the image

  Image Entry point : 0x08000199

  Load Region LR_IROM1 (Base: 0x08000000, Size: 0x0000c1dc, Max: 0x00080000, ABSOLUTE, COMPRESSED[0x0000b9bc])

    Execution Region ER_IROM1 (Exec base: 0x08000000, Load base: 0x08000000, Size: 0x0000b604, Max: 0x00080000, ABSOLUTE)

    Exec Addr    Load Addr    Size         Type   Attr      Idx    E Section Name        Object

    0x08000000   0x08000000   0x00000198   Data   RO            3    RESET               startup_stm32f411xe.o
    0x08000198   0x08000198   0x00000008   Code   RO         7544  * !!!main             c_w.l(__main.o)
    0x080001a0   0x080001a0   0x00000034   Code   RO         8214    !!!scatter          c_w.l(__scatter.o)
    0x080001d4   0x080001d4   0x0000005a   Code   RO         8212    !!dczerorl2         c_w.l(__dczerorl2.o)
    0x0800022e   0x0800022e   0x00000002   PAD
    0x08000230   0x08000230   0x0000001c   Code   RO         8216    !!handler_zi        c_w.l(__scatter_zi.o)
    0x0800024c   0x0800024c   0x00000000   Code   RO         7905    .ARM.Collect$$_printf_percent$$00000000  c_w.l(_printf_percent.o)
    0x0800024c   0x0800024c   0x00000006   Code   RO         7894    .ARM.Collect$$_printf_percent$$00000001  c_w.l(_printf_n.o)
    0x08000252   0x08000252   0x00000006   Code   RO         7896    .ARM.Collect$$_printf_percent$$00000002  c_w.l(_printf_p.o)
    0x08000258   0x08000258   0x00000006   Code   RO         7901    .ARM.Collect$$_printf_percent$$00000003  c_w.l(_printf_f.o)
    0x0800025e   0x0800025e   0x00000006   Code   RO         7902    .ARM.Collect$$_printf_percent$$00000004  c_w.l(_printf_e.o)
    0x08000264   0x08000264   0x00000006   Code   RO         7903    .ARM.Collect$$_printf_percent$$00000005  c_w.l(_printf_g.o)
    0x0800026a   0x0800026a   0x00000006   Code   RO         7904    .ARM.Collect$$_printf_percent$$00000006  c_w.l(_printf_a.o)
    0x08000270   0x08000270   0x0000000a   Code   RO         7909    .ARM.Collect$$_printf_percent$$00000007  c_w.l(_printf_ll.o)
    0x0800027a   0x0800027a   0x00000006   Code   RO         7898    .ARM.Collect$$_printf_percent$$00000008  c_w.l(_printf_i.o)
    0x08000280   0x08000280   0x00000006   Code   RO         7899    .ARM.Collect$$_printf_percent$$00000009  c_w.l(_printf_d.o)
    0x08000286   0x08000286   0x00000006   Code   RO         7900    .ARM.Collect$$_printf_percent$$0000000A  c_w.l(_printf_u.o)
    0x0800028c   0x0800028c   0x00000006   Code   RO         7897    .ARM.Collect$$_printf_percent$$0000000B  c_w.l(_printf_o.o)
    0x08000292   0x08000292   0x00000006   Code   RO         7895    .ARM.Collect$$_printf_percent$$0000000C  c_w.l(_printf_x.o)
    0x08000298   0x08000298   0x00000006   Code   RO         7906    .ARM.Collect$$_printf_percent$$0000000D  c_w.l(_printf_lli.o)
    0x0800029e   0x0800029e   0x00000006   Code   RO         7907    .ARM.Collect$$_printf_percent$$0000000E  c_w.l(_printf_lld.o)
    0x080002a4   0x080002a4   0x00000006   Code   RO         7908    .ARM.Collect$$_printf_percent$$0000000F  c_w.l(_printf_llu.o)
    0x080002aa   0x080002aa   0x00000006   Code   RO         7913    .ARM.Collect$$_printf_percent$$00000010  c_w.l(_printf_llo.o)
    0x080002b0   0x080002b0   0x00000006   Code   RO         7914    .ARM.Collect$$_printf_percent$$00000011  c_w.l(_printf_llx.o)
    0x080002b6   0x080002b6   0x0000000a   Code   RO         7910    .ARM.Collect$$_printf_percent$$00000012  c_w.l(_printf_l.o)
    0x080002c0   0x080002c0   0x00000006   Code   RO         7892    .ARM.Collect$$_printf_percent$$00000013  c_w.l(_printf_c.o)
    0x080002c6   0x080002c6   0x00000006   Code   RO         7893    .ARM.Collect$$_printf_percent$$00000014  c_w.l(_printf_s.o)
    0x080002cc   0x080002cc   0x00000006   Code   RO         7911    .ARM.Collect$$_printf_percent$$00000015  c_w.l(_printf_lc.o)
    0x080002d2   0x080002d2   0x00000006   Code   RO         7912    .ARM.Collect$$_printf_percent$$00000016  c_w.l(_printf_ls.o)
    0x080002d8   0x080002d8   0x00000004   Code   RO         8063    .ARM.Collect$$_printf_percent$$00000017  c_w.l(_printf_percent_end.o)
    0x080002dc   0x080002dc   0x00000002   Code   RO         8142    .ARM.Collect$$libinit$$00000000  c_w.l(libinit.o)
    0x080002de   0x080002de   0x00000004   Code   RO         7919    .ARM.Collect$$libinit$$00000001  c_w.l(libinit2.o)
    0x080002e2   0x080002e2   0x00000000   Code   RO         7922    .ARM.Collect$$libinit$$00000004  c_w.l(libinit2.o)
    0x080002e2   0x080002e2   0x00000000   Code   RO         7925    .ARM.Collect$$libinit$$0000000A  c_w.l(libinit2.o)
    0x080002e2   0x080002e2   0x00000000   Code   RO         7927    .ARM.Collect$$libinit$$0000000C  c_w.l(libinit2.o)
    0x080002e2   0x080002e2   0x00000000   Code   RO         7929    .ARM.Collect$$libinit$$0000000E  c_w.l(libinit2.o)
    0x080002e2   0x080002e2   0x00000006   Code   RO         7930    .ARM.Collect$$libinit$$0000000F  c_w.l(libinit2.o)
    0x080002e8   0x080002e8   0x00000000   Code   RO         7932    .ARM.Collect$$libinit$$00000011  c_w.l(libinit2.o)
    0x080002e8   0x080002e8   0x0000000c   Code   RO         7933    .ARM.Collect$$libinit$$00000012  c_w.l(libinit2.o)
    0x080002f4   0x080002f4   0x00000000   Code   RO         7934    .ARM.Collect$$libinit$$00000013  c_w.l(libinit2.o)
    0x080002f4   0x080002f4   0x00000000   Code   RO         7936    .ARM.Collect$$libinit$$00000015  c_w.l(libinit2.o)
    0x080002f4   0x080002f4   0x0000000a   Code   RO         7937    .ARM.Collect$$libinit$$00000016  c_w.l(libinit2.o)
    0x080002fe   0x080002fe   0x00000000   Code   RO         7938    .ARM.Collect$$libinit$$00000017  c_w.l(libinit2.o)
    0x080002fe   0x080002fe   0x00000000   Code   RO         7940    .ARM.Collect$$libinit$$00000019  c_w.l(libinit2.o)
    0x080002fe   0x080002fe   0x00000000   Code   RO         7942    .ARM.Collect$$libinit$$0000001B  c_w.l(libinit2.o)
    0x080002fe   0x080002fe   0x00000000   Code   RO         7944    .ARM.Collect$$libinit$$0000001D  c_w.l(libinit2.o)
    0x080002fe   0x080002fe   0x00000000   Code   RO         7946    .ARM.Collect$$libinit$$0000001F  c_w.l(libinit2.o)
    0x080002fe   0x080002fe   0x00000000   Code   RO         7948    .ARM.Collect$$libinit$$00000021  c_w.l(libinit2.o)
    0x080002fe   0x080002fe   0x00000000   Code   RO         7950    .ARM.Collect$$libinit$$00000023  c_w.l(libinit2.o)
    0x080002fe   0x080002fe   0x00000000   Code   RO         7952    .ARM.Collect$$libinit$$00000025  c_w.l(libinit2.o)
    0x080002fe   0x080002fe   0x00000000   Code   RO         7956    .ARM.Collect$$libinit$$0000002C  c_w.l(libinit2.o)
    0x080002fe   0x080002fe   0x00000000   Code   RO         7958    .ARM.Collect$$libinit$$0000002E  c_w.l(libinit2.o)
    0x080002fe   0x080002fe   0x00000000   Code   RO         7960    .ARM.Collect$$libinit$$00000030  c_w.l(libinit2.o)
    0x080002fe   0x080002fe   0x00000000   Code   RO         7962    .ARM.Collect$$libinit$$00000032  c_w.l(libinit2.o)
    0x080002fe   0x080002fe   0x00000002   Code   RO         7963    .ARM.Collect$$libinit$$00000033  c_w.l(libinit2.o)
    0x08000300   0x08000300   0x00000002   Code   RO         8209    .ARM.Collect$$libshutdown$$00000000  c_w.l(libshutdown.o)
    0x08000302   0x08000302   0x00000000   Code   RO         8165    .ARM.Collect$$libshutdown$$00000002  c_w.l(libshutdown2.o)
    0x08000302   0x08000302   0x00000000   Code   RO         8167    .ARM.Collect$$libshutdown$$00000004  c_w.l(libshutdown2.o)
    0x08000302   0x08000302   0x00000000   Code   RO         8169    .ARM.Collect$$libshutdown$$00000006  c_w.l(libshutdown2.o)
    0x08000302   0x08000302   0x00000000   Code   RO         8172    .ARM.Collect$$libshutdown$$00000009  c_w.l(libshutdown2.o)
    0x08000302   0x08000302   0x00000000   Code   RO         8175    .ARM.Collect$$libshutdown$$0000000C  c_w.l(libshutdown2.o)
    0x08000302   0x08000302   0x00000000   Code   RO         8177    .ARM.Collect$$libshutdown$$0000000E  c_w.l(libshutdown2.o)
    0x08000302   0x08000302   0x00000000   Code   RO         8180    .ARM.Collect$$libshutdown$$00000011  c_w.l(libshutdown2.o)
    0x08000302   0x08000302   0x00000002   Code   RO         8181    .ARM.Collect$$libshutdown$$00000012  c_w.l(libshutdown2.o)
    0x08000304   0x08000304   0x00000000   Code   RO         7790    .ARM.Collect$$rtentry$$00000000  c_w.l(__rtentry.o)
    0x08000304   0x08000304   0x00000000   Code   RO         8019    .ARM.Collect$$rtentry$$00000002  c_w.l(__rtentry2.o)
    0x08000304   0x08000304   0x00000006   Code   RO         8031    .ARM.Collect$$rtentry$$00000004  c_w.l(__rtentry4.o)
    0x0800030a   0x0800030a   0x00000000   Code   RO         8021    .ARM.Collect$$rtentry$$00000009  c_w.l(__rtentry2.o)
    0x0800030a   0x0800030a   0x00000004   Code   RO         8022    .ARM.Collect$$rtentry$$0000000A  c_w.l(__rtentry2.o)
    0x0800030e   0x0800030e   0x00000000   Code   RO         8024    .ARM.Collect$$rtentry$$0000000C  c_w.l(__rtentry2.o)
    0x0800030e   0x0800030e   0x00000008   Code   RO         8025    .ARM.Collect$$rtentry$$0000000D  c_w.l(__rtentry2.o)
    0x08000316   0x08000316   0x00000002   Code   RO         8147    .ARM.Collect$$rtexit$$00000000  c_w.l(rtexit.o)
    0x08000318   0x08000318   0x00000000   Code   RO         8185    .ARM.Collect$$rtexit$$00000002  c_w.l(rtexit2.o)
    0x08000318   0x08000318   0x00000004   Code   RO         8186    .ARM.Collect$$rtexit$$00000003  c_w.l(rtexit2.o)
    0x0800031c   0x0800031c   0x00000006   Code   RO         8187    .ARM.Collect$$rtexit$$00000004  c_w.l(rtexit2.o)
    0x08000322   0x08000322   0x00000002   PAD
    0x08000324   0x08000324   0x000000be   Code   RO         5289    .emb_text           port.o
    0x080003e2   0x080003e2   0x00000002   PAD
    0x080003e4   0x080003e4   0x00000040   Code   RO            4    .text               startup_stm32f411xe.o
    0x08000424   0x08000424   0x000000ee   Code   RO         7524    .text               c_w.l(lludivv7m.o)
    0x08000512   0x08000512   0x00000002   PAD
    0x08000514   0x08000514   0x00000034   Code   RO         7526    .text               c_w.l(vsnprintf.o)
    0x08000548   0x08000548   0x00000058   Code   RO         7528    .text               c_w.l(memcmp.o)
    0x080005a0   0x080005a0   0x0000003e   Code   RO         7530    .text               c_w.l(strlen.o)
    0x080005de   0x080005de   0x0000008a   Code   RO         7532    .text               c_w.l(rt_memcpy_v6.o)
    0x08000668   0x08000668   0x00000064   Code   RO         7534    .text               c_w.l(rt_memcpy_w.o)
    0x080006cc   0x080006cc   0x00000010   Code   RO         7538    .text               c_w.l(aeabi_memset.o)
    0x080006dc   0x080006dc   0x0000004e   Code   RO         7540    .text               c_w.l(rt_memclr_w.o)
    0x0800072a   0x0800072a   0x00000006   Code   RO         7542    .text               c_w.l(heapauxi.o)
    0x08000730   0x08000730   0x0000004e   Code   RO         7824    .text               c_w.l(_printf_pad.o)
    0x0800077e   0x0800077e   0x00000024   Code   RO         7826    .text               c_w.l(_printf_truncate.o)
    0x080007a2   0x080007a2   0x00000052   Code   RO         7828    .text               c_w.l(_printf_str.o)
    0x080007f4   0x080007f4   0x00000078   Code   RO         7830    .text               c_w.l(_printf_dec.o)
    0x0800086c   0x0800086c   0x00000028   Code   RO         7832    .text               c_w.l(_printf_charcount.o)
    0x08000894   0x08000894   0x00000030   Code   RO         7834    .text               c_w.l(_printf_char_common.o)
    0x080008c4   0x080008c4   0x0000000a   Code   RO         7836    .text               c_w.l(_sputc.o)
    0x080008ce   0x080008ce   0x00000010   Code   RO         7838    .text               c_w.l(_snputc.o)
    0x080008de   0x080008de   0x00000002   PAD
    0x080008e0   0x080008e0   0x000000bc   Code   RO         7840    .text               c_w.l(_printf_wctomb.o)
    0x0800099c   0x0800099c   0x0000007c   Code   RO         7843    .text               c_w.l(_printf_longlong_dec.o)
    0x08000a18   0x08000a18   0x00000070   Code   RO         7849    .text               c_w.l(_printf_oct_int_ll.o)
    0x08000a88   0x08000a88   0x00000094   Code   RO         7869    .text               c_w.l(_printf_hex_int_ll_ptr.o)
    0x08000b1c   0x08000b1c   0x00000188   Code   RO         7889    .text               c_w.l(__printf_flags_ss_wp.o)
    0x08000ca4   0x08000ca4   0x00000044   Code   RO         7915    .text               c_w.l(rt_memclr.o)
    0x08000ce8   0x08000ce8   0x00000008   Code   RO         8015    .text               c_w.l(libspace.o)
    0x08000cf0   0x08000cf0   0x0000008a   Code   RO         8048    .text               c_w.l(lludiv10.o)
    0x08000d7a   0x08000d7a   0x000000b2   Code   RO         8050    .text               c_w.l(_printf_intcommon.o)
    0x08000e2c   0x08000e2c   0x0000041e   Code   RO         8052    .text               c_w.l(_printf_fp_dec.o)
    0x0800124a   0x0800124a   0x00000002   PAD
    0x0800124c   0x0800124c   0x000002fc   Code   RO         8054    .text               c_w.l(_printf_fp_hex.o)
    0x08001548   0x08001548   0x0000002c   Code   RO         8059    .text               c_w.l(_printf_char.o)
    0x08001574   0x08001574   0x0000002c   Code   RO         8061    .text               c_w.l(_printf_wchar.o)
    0x080015a0   0x080015a0   0x00000040   Code   RO         8064    .text               c_w.l(_wcrtomb.o)
    0x080015e0   0x080015e0   0x00000002   Code   RO         8077    .text               c_w.l(use_no_semi.o)
    0x080015e2   0x080015e2   0x00000000   Code   RO         8079    .text               c_w.l(indicate_semi.o)
    0x080015e2   0x080015e2   0x0000004a   Code   RO         8080    .text               c_w.l(sys_stackheap_outer.o)
    0x0800162c   0x0800162c   0x00000010   Code   RO         8082    .text               c_w.l(rt_ctype_table.o)
    0x0800163c   0x0800163c   0x00000008   Code   RO         8089    .text               c_w.l(rt_locale_intlibspace.o)
    0x08001644   0x08001644   0x00000080   Code   RO         8093    .text               c_w.l(_printf_fp_infnan.o)
    0x080016c4   0x080016c4   0x000000e4   Code   RO         8095    .text               c_w.l(bigflt0.o)
    0x080017a8   0x080017a8   0x00000012   Code   RO         8123    .text               c_w.l(exit.o)
    0x080017ba   0x080017ba   0x00000002   PAD
    0x080017bc   0x080017bc   0x0000000c   Code   RO         8145    .text               c_w.l(sys_exit.o)
    0x080017c8   0x080017c8   0x00000080   Code   RO         8162    .text               c_w.l(strcmpv7m.o)
    0x08001848   0x08001848   0x0000003e   Code   RO         8098    CL$$btod_d2e        c_w.l(btod.o)
    0x08001886   0x08001886   0x00000046   Code   RO         8100    CL$$btod_d2e_denorm_low  c_w.l(btod.o)
    0x080018cc   0x080018cc   0x00000060   Code   RO         8099    CL$$btod_d2e_norm_op1  c_w.l(btod.o)
    0x0800192c   0x0800192c   0x00000338   Code   RO         8108    CL$$btod_div_common  c_w.l(btod.o)
    0x08001c64   0x08001c64   0x000000dc   Code   RO         8105    CL$$btod_e2e        c_w.l(btod.o)
    0x08001d40   0x08001d40   0x0000002a   Code   RO         8102    CL$$btod_ediv       c_w.l(btod.o)
    0x08001d6a   0x08001d6a   0x0000002a   Code   RO         8101    CL$$btod_emul       c_w.l(btod.o)
    0x08001d94   0x08001d94   0x00000244   Code   RO         8107    CL$$btod_mult_common  c_w.l(btod.o)
    0x08001fd8   0x08001fd8   0x00000040   Code   RO         5528    i.AI_Init           ai_inference.o
    0x08002018   0x08002018   0x0000002c   Code   RO         5529    i.AI_Run            ai_inference.o
    0x08002044   0x08002044   0x00000054   Code   RO         5573    i.AlgoChain_Calibrate  algo_chain.o
    0x08002098   0x08002098   0x00000120   Code   RO         5574    i.AlgoChain_Feed    algo_chain.o
    0x080021b8   0x080021b8   0x00000046   Code   RO         5575    i.AlgoChain_GetWindow  algo_chain.o
    0x080021fe   0x080021fe   0x00000002   PAD
    0x08002200   0x08002200   0x0000007c   Code   RO         5576    i.AlgoChain_Init    algo_chain.o
    0x0800227c   0x0800227c   0x0000000a   Code   RO         5577    i.AlgoChain_UpdateTH  algo_chain.o
    0x08002286   0x08002286   0x00000002   PAD
    0x08002288   0x08002288   0x00000010   Code   RO         5456    i.BSP_ADS1115_Init  bsp_ads1115.o
    0x08002298   0x08002298   0x000000b0   Code   RO         5457    i.BSP_ADS1115_ReadAllChannels  bsp_ads1115.o
    0x08002348   0x08002348   0x00000010   Code   RO         5492    i.BSP_SHT30_Init    bsp_sht30.o
    0x08002358   0x08002358   0x000000c8   Code   RO         5493    i.BSP_SHT30_Read    bsp_sht30.o
    0x08002420   0x08002420   0x00000044   Code   RO         5370    i.BSP_USART1_Init   bsp_usart_1.o
    0x08002464   0x08002464   0x00000018   Code   RO         5371    i.BSP_USART1_Print  bsp_usart_1.o
    0x0800247c   0x0800247c   0x00000024   Code   RO         5372    i.BSP_USART1_Printf  bsp_usart_1.o
    0x080024a0   0x080024a0   0x00000010   Code   RO         5373    i.BSP_USART1_Receive  bsp_usart_1.o
    0x080024b0   0x080024b0   0x0000002c   Code   RO         5374    i.BSP_USART1_Send   bsp_usart_1.o
    0x080024dc   0x080024dc   0x00000014   Code   RO         5375    i.BSP_USART1_Write  bsp_usart_1.o
    0x080024f0   0x080024f0   0x00000002   Code   RO          400    i.BusFault_Handler  stm32f4xx_it.o
    0x080024f2   0x080024f2   0x00000002   PAD
    0x080024f4   0x080024f4   0x0000000c   Code   RO          401    i.DMA2_Stream2_IRQHandler  stm32f4xx_it.o
    0x08002500   0x08002500   0x0000000c   Code   RO          402    i.DMA2_Stream7_IRQHandler  stm32f4xx_it.o
    0x0800250c   0x0800250c   0x00000028   Code   RO         2031    i.DMA_CalcBaseAndBitshift  stm32f4xx_hal_dma.o
    0x08002534   0x08002534   0x00000054   Code   RO         2032    i.DMA_CheckFifoParam  stm32f4xx_hal_dma.o
    0x08002588   0x08002588   0x00000028   Code   RO         2033    i.DMA_SetConfig     stm32f4xx_hal_dma.o
    0x080025b0   0x080025b0   0x00000002   Code   RO          403    i.DebugMon_Handler  stm32f4xx_it.o
    0x080025b2   0x080025b2   0x00000004   Code   RO           13    i.Error_Handler     main.o
    0x080025b6   0x080025b6   0x00000092   Code   RO         2034    i.HAL_DMA_Abort     stm32f4xx_hal_dma.o
    0x08002648   0x08002648   0x00000024   Code   RO         2035    i.HAL_DMA_Abort_IT  stm32f4xx_hal_dma.o
    0x0800266c   0x0800266c   0x000001a0   Code   RO         2039    i.HAL_DMA_IRQHandler  stm32f4xx_hal_dma.o
    0x0800280c   0x0800280c   0x000000d4   Code   RO         2040    i.HAL_DMA_Init      stm32f4xx_hal_dma.o
    0x080028e0   0x080028e0   0x0000006e   Code   RO         2044    i.HAL_DMA_Start_IT  stm32f4xx_hal_dma.o
    0x0800294e   0x0800294e   0x00000002   PAD
    0x08002950   0x08002950   0x000001e0   Code   RO         1927    i.HAL_GPIO_Init     stm32f4xx_hal_gpio.o
    0x08002b30   0x08002b30   0x0000000c   Code   RO         2501    i.HAL_GetTick       stm32f4xx_hal.o
    0x08002b3c   0x08002b3c   0x00000188   Code   RO         2757    i.HAL_I2C_Init      stm32f4xx_hal_i2c.o
    0x08002cc4   0x08002cc4   0x0000016c   Code   RO         2758    i.HAL_I2C_IsDeviceReady  stm32f4xx_hal_i2c.o
    0x08002e30   0x08002e30   0x000001f0   Code   RO         2763    i.HAL_I2C_Master_Receive  stm32f4xx_hal_i2c.o
    0x08003020   0x08003020   0x0000012c   Code   RO         2770    i.HAL_I2C_Master_Transmit  stm32f4xx_hal_i2c.o
    0x0800314c   0x0800314c   0x00000068   Code   RO          317    i.HAL_I2C_MspInit   i2c.o
    0x080031b4   0x080031b4   0x00000010   Code   RO         2507    i.HAL_IncTick       stm32f4xx_hal.o
    0x080031c4   0x080031c4   0x00000034   Code   RO         2508    i.HAL_Init          stm32f4xx_hal.o
    0x080031f8   0x080031f8   0x0000008c   Code   RO          506    i.HAL_InitTick      stm32f4xx_hal_timebase_tim.o
    0x08003284   0x08003284   0x00000038   Code   RO          482    i.HAL_MspInit       stm32f4xx_hal_msp.o
    0x080032bc   0x080032bc   0x0000001a   Code   RO         2343    i.HAL_NVIC_EnableIRQ  stm32f4xx_hal_cortex.o
    0x080032d6   0x080032d6   0x00000002   PAD
    0x080032d8   0x080032d8   0x00000040   Code   RO         2349    i.HAL_NVIC_SetPriority  stm32f4xx_hal_cortex.o
    0x08003318   0x08003318   0x00000024   Code   RO         2350    i.HAL_NVIC_SetPriorityGrouping  stm32f4xx_hal_cortex.o
    0x0800333c   0x0800333c   0x00000134   Code   RO         1519    i.HAL_RCC_ClockConfig  stm32f4xx_hal_rcc.o
    0x08003470   0x08003470   0x00000040   Code   RO         1523    i.HAL_RCC_GetClockConfig  stm32f4xx_hal_rcc.o
    0x080034b0   0x080034b0   0x00000020   Code   RO         1526    i.HAL_RCC_GetPCLK1Freq  stm32f4xx_hal_rcc.o
    0x080034d0   0x080034d0   0x00000020   Code   RO         1527    i.HAL_RCC_GetPCLK2Freq  stm32f4xx_hal_rcc.o
    0x080034f0   0x080034f0   0x00000064   Code   RO         1528    i.HAL_RCC_GetSysClockFreq  stm32f4xx_hal_rcc.o
    0x08003554   0x08003554   0x0000036c   Code   RO         1531    i.HAL_RCC_OscConfig  stm32f4xx_hal_rcc.o
    0x080038c0   0x080038c0   0x00000002   Code   RO         1251    i.HAL_TIMEx_BreakCallback  stm32f4xx_hal_tim_ex.o
    0x080038c2   0x080038c2   0x00000002   Code   RO         1252    i.HAL_TIMEx_CommutCallback  stm32f4xx_hal_tim_ex.o
    0x080038c4   0x080038c4   0x0000005a   Code   RO          547    i.HAL_TIM_Base_Init  stm32f4xx_hal_tim.o
    0x0800391e   0x0800391e   0x00000002   Code   RO          549    i.HAL_TIM_Base_MspInit  stm32f4xx_hal_tim.o
    0x08003920   0x08003920   0x0000006c   Code   RO          552    i.HAL_TIM_Base_Start_IT  stm32f4xx_hal_tim.o
    0x0800398c   0x0800398c   0x00000002   Code   RO          581    i.HAL_TIM_IC_CaptureCallback  stm32f4xx_hal_tim.o
    0x0800398e   0x0800398e   0x00000130   Code   RO          595    i.HAL_TIM_IRQHandler  stm32f4xx_hal_tim.o
    0x08003abe   0x08003abe   0x00000002   Code   RO          598    i.HAL_TIM_OC_DelayElapsedCallback  stm32f4xx_hal_tim.o
    0x08003ac0   0x08003ac0   0x00000002   Code   RO          625    i.HAL_TIM_PWM_PulseFinishedCallback  stm32f4xx_hal_tim.o
    0x08003ac2   0x08003ac2   0x00000002   PAD
    0x08003ac4   0x08003ac4   0x00000014   Code   RO           14    i.HAL_TIM_PeriodElapsedCallback  main.o
    0x08003ad8   0x08003ad8   0x00000002   Code   RO          638    i.HAL_TIM_TriggerCallback  stm32f4xx_hal_tim.o
    0x08003ada   0x08003ada   0x00000002   Code   RO         3225    i.HAL_UARTEx_RxEventCallback  stm32f4xx_hal_uart.o
    0x08003adc   0x08003adc   0x00000002   Code   RO         3239    i.HAL_UART_ErrorCallback  stm32f4xx_hal_uart.o
    0x08003ade   0x08003ade   0x00000002   PAD
    0x08003ae0   0x08003ae0   0x00000280   Code   RO         3242    i.HAL_UART_IRQHandler  stm32f4xx_hal_uart.o
    0x08003d60   0x08003d60   0x00000064   Code   RO         3243    i.HAL_UART_Init     stm32f4xx_hal_uart.o
    0x08003dc4   0x08003dc4   0x000000e8   Code   RO          359    i.HAL_UART_MspInit  usart.o
    0x08003eac   0x08003eac   0x0000001c   Code   RO         3247    i.HAL_UART_Receive_DMA  stm32f4xx_hal_uart.o
    0x08003ec8   0x08003ec8   0x00000002   Code   RO         3249    i.HAL_UART_RxCpltCallback  stm32f4xx_hal_uart.o
    0x08003eca   0x08003eca   0x00000002   Code   RO         3250    i.HAL_UART_RxHalfCpltCallback  stm32f4xx_hal_uart.o
    0x08003ecc   0x08003ecc   0x000000a0   Code   RO         3251    i.HAL_UART_Transmit  stm32f4xx_hal_uart.o
    0x08003f6c   0x08003f6c   0x00000084   Code   RO         3252    i.HAL_UART_Transmit_DMA  stm32f4xx_hal_uart.o
    0x08003ff0   0x08003ff0   0x00000018   Code   RO         5376    i.HAL_UART_TxCpltCallback  bsp_usart_1.o
    0x08004008   0x08004008   0x00000002   Code   RO         3255    i.HAL_UART_TxHalfCpltCallback  stm32f4xx_hal_uart.o
    0x0800400a   0x0800400a   0x00000002   Code   RO          404    i.HardFault_Handler  stm32f4xx_it.o
    0x0800400c   0x0800400c   0x0000002e   Code   RO         2800    i.I2C_IsAcknowledgeFailed  stm32f4xx_hal_i2c.o
    0x0800403a   0x0800403a   0x00000002   PAD
    0x0800403c   0x0800403c   0x000000ec   Code   RO         2803    i.I2C_MasterRequestRead  stm32f4xx_hal_i2c.o
    0x08004128   0x08004128   0x0000009c   Code   RO         2804    i.I2C_MasterRequestWrite  stm32f4xx_hal_i2c.o
    0x080041c4   0x080041c4   0x00000056   Code   RO         2815    i.I2C_WaitOnBTFFlagUntilTimeout  stm32f4xx_hal_i2c.o
    0x0800421a   0x0800421a   0x00000002   PAD
    0x0800421c   0x0800421c   0x00000090   Code   RO         2816    i.I2C_WaitOnFlagUntilTimeout  stm32f4xx_hal_i2c.o
    0x080042ac   0x080042ac   0x000000bc   Code   RO         2817    i.I2C_WaitOnMasterAddressFlagUntilTimeout  stm32f4xx_hal_i2c.o
    0x08004368   0x08004368   0x00000070   Code   RO         2818    i.I2C_WaitOnRXNEFlagUntilTimeout  stm32f4xx_hal_i2c.o
    0x080043d8   0x080043d8   0x00000056   Code   RO         2819    i.I2C_WaitOnTXEFlagUntilTimeout  stm32f4xx_hal_i2c.o
    0x0800442e   0x0800442e   0x00000002   PAD
    0x08004430   0x08004430   0x0000009c   Code   RO         5626    i.InferenceTask     inference_task.o
    0x080044cc   0x080044cc   0x0000003c   Code   RO         5627    i.InferenceTask_Init  inference_task.o
    0x08004508   0x08004508   0x0000003c   Code   RO          292    i.MX_DMA_Init       dma.o
    0x08004544   0x08004544   0x00000028   Code   RO          229    i.MX_FREERTOS_Init  freertos.o
    0x0800456c   0x0800456c   0x0000003c   Code   RO          205    i.MX_GPIO_Init      gpio.o
    0x080045a8   0x080045a8   0x00000040   Code   RO          318    i.MX_I2C1_Init      i2c.o
    0x080045e8   0x080045e8   0x00000038   Code   RO          360    i.MX_USART1_UART_Init  usart.o
    0x08004620   0x08004620   0x00000002   Code   RO          405    i.MemManage_Handler  stm32f4xx_it.o
    0x08004622   0x08004622   0x00000002   Code   RO          406    i.NMI_Handler       stm32f4xx_it.o
    0x08004624   0x08004624   0x000000cc   Code   RO         5654    i.SensorTask        sensor_task.o
    0x080046f0   0x080046f0   0x00000030   Code   RO         5655    i.SensorTask_Init   sensor_task.o
    0x08004720   0x08004720   0x00000054   Code   RO          230    i.StartDefaultTask  freertos.o
    0x08004774   0x08004774   0x0000001a   Code   RO         4721    i.SysTick_Handler   cmsis_os2.o
    0x0800478e   0x0800478e   0x00000002   PAD
    0x08004790   0x08004790   0x00000090   Code   RO           15    i.SystemClock_Config  main.o
    0x08004820   0x08004820   0x00000010   Code   RO         3577    i.SystemInit        system_stm32f4xx.o
    0x08004830   0x08004830   0x0000000c   Code   RO          407    i.TIM1_UP_TIM10_IRQHandler  stm32f4xx_it.o
    0x0800483c   0x0800483c   0x000000a0   Code   RO          640    i.TIM_Base_SetConfig  stm32f4xx_hal_tim.o
    0x080048dc   0x080048dc   0x0000000e   Code   RO         3256    i.UART_DMAAbortOnError  stm32f4xx_hal_uart.o
    0x080048ea   0x080048ea   0x0000004a   Code   RO         3257    i.UART_DMAError     stm32f4xx_hal_uart.o
    0x08004934   0x08004934   0x00000086   Code   RO         3258    i.UART_DMAReceiveCplt  stm32f4xx_hal_uart.o
    0x080049ba   0x080049ba   0x0000001e   Code   RO         3260    i.UART_DMARxHalfCplt  stm32f4xx_hal_uart.o
    0x080049d8   0x080049d8   0x00000042   Code   RO         3262    i.UART_DMATransmitCplt  stm32f4xx_hal_uart.o
    0x08004a1a   0x08004a1a   0x0000000a   Code   RO         3264    i.UART_DMATxHalfCplt  stm32f4xx_hal_uart.o
    0x08004a24   0x08004a24   0x0000004e   Code   RO         3266    i.UART_EndRxTransfer  stm32f4xx_hal_uart.o
    0x08004a72   0x08004a72   0x0000001c   Code   RO         3267    i.UART_EndTxTransfer  stm32f4xx_hal_uart.o
    0x08004a8e   0x08004a8e   0x000000c2   Code   RO         3268    i.UART_Receive_IT   stm32f4xx_hal_uart.o
    0x08004b50   0x08004b50   0x0000010c   Code   RO         3269    i.UART_SetConfig    stm32f4xx_hal_uart.o
    0x08004c5c   0x08004c5c   0x000000a0   Code   RO         3270    i.UART_Start_Receive_DMA  stm32f4xx_hal_uart.o
    0x08004cfc   0x08004cfc   0x00000072   Code   RO         3272    i.UART_WaitOnFlagUntilTimeout  stm32f4xx_hal_uart.o
    0x08004d6e   0x08004d6e   0x00000002   PAD
    0x08004d70   0x08004d70   0x0000000c   Code   RO          408    i.USART1_IRQHandler  stm32f4xx_it.o
    0x08004d7c   0x08004d7c   0x00000002   Code   RO          409    i.UsageFault_Handler  stm32f4xx_it.o
    0x08004d7e   0x08004d7e   0x00000030   Code   RO         8143    i.__ARM_fpclassify  m_wm.l(fpclassify.o)
    0x08004dae   0x08004dae   0x00000020   Code   RO         2356    i.__NVIC_SetPriority  stm32f4xx_hal_cortex.o
    0x08004dce   0x08004dce   0x00000002   PAD
    0x08004dd0   0x08004dd0   0x00000134   Code   RO         6707    i.__ai_math_dot_array  NetworkRuntime1020_CM4_Keil.lib(lite_dense_if32.o)
    0x08004f04   0x08004f04   0x00000012   Code   RO         6555    i._ai_forward_layer  NetworkRuntime1020_CM4_Keil.lib(layers.o)
    0x08004f16   0x08004f16   0x00000002   PAD
    0x08004f18   0x08004f18   0x000000e0   Code   RO         6168    i._ai_platform_get_io_buffers_info  NetworkRuntime1020_CM4_Keil.lib(ai_platform_interface.o)
    0x08004ff8   0x08004ff8   0x00000078   Code   RO         6627    i._final_pooling_buffer_reorder  NetworkRuntime1020_CM4_Keil.lib(forward_lite_conv2d_if32of32wf32.o)
    0x08005070   0x08005070   0x00000020   Code   RO         6475    i._get_lut_size     NetworkRuntime1020_CM4_Keil.lib(ai_datatypes_format.o)
    0x08005090   0x08005090   0x0000000e   Code   RO         7882    i._is_digit         c_w.l(__printf_wp.o)
    0x0800509e   0x0800509e   0x00000002   PAD
    0x080050a0   0x080050a0   0x0000012c   Code   RO         6708    i._lite_dict4_dot_array_f32  NetworkRuntime1020_CM4_Keil.lib(lite_dense_if32.o)
    0x080051cc   0x080051cc   0x000000e8   Code   RO         6709    i._lite_dict8_dot_array_f32  NetworkRuntime1020_CM4_Keil.lib(lite_dense_if32.o)
    0x080052b4   0x080052b4   0x0000004c   Code   RO         6169    i._platform_ai_buffer_array_copy  NetworkRuntime1020_CM4_Keil.lib(ai_platform_interface.o)
    0x08005300   0x08005300   0x00000050   Code   RO         6170    i._platform_get_table_map_from_buffer  NetworkRuntime1020_CM4_Keil.lib(ai_platform_interface.o)
    0x08005350   0x08005350   0x00000044   Code   RO         6171    i._platform_get_table_map_from_buffer_array  NetworkRuntime1020_CM4_Keil.lib(ai_platform_interface.o)
    0x08005394   0x08005394   0x00000014   Code   RO         6172    i._platform_network_buffers_signature_valid  NetworkRuntime1020_CM4_Keil.lib(ai_platform_interface.o)
    0x080053a8   0x080053a8   0x00000210   Code   RO         6173    i._platform_network_io_bind  NetworkRuntime1020_CM4_Keil.lib(ai_platform_interface.o)
    0x080055b8   0x080055b8   0x0000003e   Code   RO         6174    i._platform_network_state_setup  NetworkRuntime1020_CM4_Keil.lib(ai_platform_interface.o)
    0x080055f6   0x080055f6   0x00000068   Code   RO         6175    i._platform_network_state_update_input  NetworkRuntime1020_CM4_Keil.lib(ai_platform_interface.o)
    0x0800565e   0x0800565e   0x0000007c   Code   RO         6176    i._platform_network_state_update_output  NetworkRuntime1020_CM4_Keil.lib(ai_platform_interface.o)
    0x080056da   0x080056da   0x00000002   PAD
    0x080056dc   0x080056dc   0x0000016c   Code   RO         6284    i._transpose_items  NetworkRuntime1020_CM4_Keil.lib(layers_generic_float.o)
    0x08005848   0x08005848   0x00000028   Code   RO         6480    i.ai_array_get_byte_size  NetworkRuntime1020_CM4_Keil.lib(ai_datatypes_format.o)
    0x08005870   0x08005870   0x0000001e   Code   RO         6481    i.ai_array_get_data_byte_size  NetworkRuntime1020_CM4_Keil.lib(ai_datatypes_format.o)
    0x0800588e   0x0800588e   0x00000002   PAD
    0x08005890   0x08005890   0x0000012c   Code   RO         6483    i.ai_array_to_buffer_fmt  NetworkRuntime1020_CM4_Keil.lib(ai_datatypes_format.o)
    0x080059bc   0x080059bc   0x00000024   Code   RO         6154    i.ai_buffer_array_item_set_address  NetworkRuntime1020_CM4_Keil.lib(ai_platform.o)
    0x080059e0   0x080059e0   0x00000012   Code   RO         6155    i.ai_buffer_array_sane  NetworkRuntime1020_CM4_Keil.lib(ai_platform.o)
    0x080059f2   0x080059f2   0x00000002   PAD
    0x080059f4   0x080059f4   0x00000068   Code   RO         6157    i.ai_buffer_get_size  NetworkRuntime1020_CM4_Keil.lib(ai_platform.o)
    0x08005a5c   0x08005a5c   0x0000002c   Code   RO         6557    i.ai_check_custom_types  NetworkRuntime1020_CM4_Keil.lib(layers.o)
    0x08005a88   0x08005a88   0x00000050   Code   RO         6561    i.ai_layers_forward_all  NetworkRuntime1020_CM4_Keil.lib(layers.o)
    0x08005ad8   0x08005ad8   0x0000001e   Code   RO         6562    i.ai_layers_init_all  NetworkRuntime1020_CM4_Keil.lib(layers.o)
    0x08005af6   0x08005af6   0x00000036   Code   RO         6563    i.ai_layers_post_init_all  NetworkRuntime1020_CM4_Keil.lib(layers.o)
    0x08005b2c   0x08005b2c   0x00000018   Code   RO         5696    i.ai_network_create  network.o
    0x08005b44   0x08005b44   0x00000088   Code   RO         5697    i.ai_network_create_and_init  network.o
    0x08005bcc   0x08005bcc   0x00000028   Code   RO         6081    i.ai_network_data_params_get  network_data.o
    0x08005bf4   0x08005bf4   0x00000004   Code   RO         5700    i.ai_network_get_error  network.o
    0x08005bf8   0x08005bf8   0x00000030   Code   RO         5703    i.ai_network_init   network.o
    0x08005c28   0x08005c28   0x00000014   Code   RO         5704    i.ai_network_inputs_get  network.o
    0x08005c3c   0x08005c3c   0x00000014   Code   RO         5705    i.ai_network_outputs_get  network.o
    0x08005c50   0x08005c50   0x00000004   Code   RO         5706    i.ai_network_run    network.o
    0x08005c54   0x08005c54   0x0000002c   Code   RO         6180    i.ai_platform_bind_network_params  NetworkRuntime1020_CM4_Keil.lib(ai_platform_interface.o)
    0x08005c80   0x08005c80   0x00000014   Code   RO         6181    i.ai_platform_context_acquire  NetworkRuntime1020_CM4_Keil.lib(ai_platform_interface.o)
    0x08005c94   0x08005c94   0x0000002c   Code   RO         6183    i.ai_platform_get_activations_map  NetworkRuntime1020_CM4_Keil.lib(ai_platform_interface.o)
    0x08005cc0   0x08005cc0   0x00000028   Code   RO         6184    i.ai_platform_get_weights_map  NetworkRuntime1020_CM4_Keil.lib(ai_platform_interface.o)
    0x08005ce8   0x08005ce8   0x00000042   Code   RO         6185    i.ai_platform_inputs_get  NetworkRuntime1020_CM4_Keil.lib(ai_platform_interface.o)
    0x08005d2a   0x08005d2a   0x00000002   PAD
    0x08005d2c   0x08005d2c   0x0000009c   Code   RO         6187    i.ai_platform_network_create  NetworkRuntime1020_CM4_Keil.lib(ai_platform_interface.o)
    0x08005dc8   0x08005dc8   0x0000001c   Code   RO         6189    i.ai_platform_network_get_error  NetworkRuntime1020_CM4_Keil.lib(ai_platform_interface.o)
    0x08005de4   0x08005de4   0x00000118   Code   RO         6190    i.ai_platform_network_init  NetworkRuntime1020_CM4_Keil.lib(ai_platform_interface.o)
    0x08005efc   0x08005efc   0x00000050   Code   RO         6191    i.ai_platform_network_post_init  NetworkRuntime1020_CM4_Keil.lib(ai_platform_interface.o)
    0x08005f4c   0x08005f4c   0x00000054   Code   RO         6192    i.ai_platform_network_process  NetworkRuntime1020_CM4_Keil.lib(ai_platform_interface.o)
    0x08005fa0   0x08005fa0   0x0000000c   Code   RO         6193    i.ai_platform_network_set_error  NetworkRuntime1020_CM4_Keil.lib(ai_platform_interface.o)
    0x08005fac   0x08005fac   0x00000048   Code   RO         6199    i.ai_platform_outputs_get  NetworkRuntime1020_CM4_Keil.lib(ai_platform_interface.o)
    0x08005ff4   0x08005ff4   0x0000000c   Code   RO         6505    i.ai_version_get    NetworkRuntime1020_CM4_Keil.lib(ai_datatypes_internal.o)
    0x08006000   0x08006000   0x0000000c   Code   RO         6515    i.core_get_error    NetworkRuntime1020_CM4_Keil.lib(core_common.o)
    0x0800600c   0x0800600c   0x00000004   Code   RO         6516    i.core_init         NetworkRuntime1020_CM4_Keil.lib(core_common.o)
    0x08006010   0x08006010   0x00000010   Code   RO         6243    i.core_nl_get_params_byte_size  NetworkRuntime1020_CM4_Keil.lib(layers_conv2d_generic_float.o)
    0x08006020   0x08006020   0x00000012   Code   RO         6244    i.core_nl_get_params_ptr  NetworkRuntime1020_CM4_Keil.lib(layers_conv2d_generic_float.o)
    0x08006032   0x08006032   0x00000010   Code   RO         6245    i.core_nl_get_params_stride  NetworkRuntime1020_CM4_Keil.lib(layers_conv2d_generic_float.o)
    0x08006042   0x08006042   0x0000001a   Code   RO         6517    i.core_set_error    NetworkRuntime1020_CM4_Keil.lib(core_common.o)
    0x0800605c   0x0800605c   0x0000007c   Code   RO         5656    i.do_calibration    sensor_task.o
    0x080060d8   0x080060d8   0x0000016e   Code   RO         6371    i.forward_ap        NetworkRuntime1020_CM4_Keil.lib(layers_pool_generic_float.o)
    0x08006246   0x08006246   0x000002ac   Code   RO         6249    i.forward_conv2d_if32of32wf32_nl_pool  NetworkRuntime1020_CM4_Keil.lib(layers_conv2d_generic_float.o)
    0x080064f2   0x080064f2   0x00000002   PAD
    0x080064f4   0x080064f4   0x00000148   Code   RO         6250    i.forward_dense     NetworkRuntime1020_CM4_Keil.lib(layers_conv2d_generic_float.o)
    0x0800663c   0x0800663c   0x00000284   Code   RO         6631    i.forward_lite_conv2d_if32of32wf32_pool  NetworkRuntime1020_CM4_Keil.lib(forward_lite_conv2d_if32of32wf32.o)
    0x080068c0   0x080068c0   0x00000098   Code   RO         6710    i.forward_lite_dense_if32of32wf32  NetworkRuntime1020_CM4_Keil.lib(lite_dense_if32.o)
    0x08006958   0x08006958   0x000000ac   Code   RO         6711    i.forward_lite_dense_if32of32wf32_lut4  NetworkRuntime1020_CM4_Keil.lib(lite_dense_if32.o)
    0x08006a04   0x08006a04   0x000000ac   Code   RO         6712    i.forward_lite_dense_if32of32wf32_lut8  NetworkRuntime1020_CM4_Keil.lib(lite_dense_if32.o)
    0x08006ab0   0x08006ab0   0x00000034   Code   RO         6411    i.forward_lite_nl_relu_if32of32  NetworkRuntime1020_CM4_Keil.lib(lite_nl_generic_float.o)
    0x08006ae4   0x08006ae4   0x0000004c   Code   RO         6316    i.forward_transpose  NetworkRuntime1020_CM4_Keil.lib(layers_generic_float.o)
    0x08006b30   0x08006b30   0x00000182   Code   RO         6636    i.fw_lite_conv2d_kernel_simple_opt_f32  NetworkRuntime1020_CM4_Keil.lib(forward_lite_conv2d_if32of32wf32.o)
    0x08006cb2   0x08006cb2   0x00000002   PAD
    0x08006cb4   0x08006cb4   0x00000028   Code   RO         6506    i.get_tensor_byte_size  NetworkRuntime1020_CM4_Keil.lib(ai_datatypes_internal.o)
    0x08006cdc   0x08006cdc   0x000000c4   Code   RO         5578    i.get_th_factor     algo_chain.o
    0x08006da0   0x08006da0   0x000000a2   Code   RO         5579    i.interp1d          algo_chain.o
    0x08006e42   0x08006e42   0x0000003a   Code   RO         5580    i.kalman_update     algo_chain.o
    0x08006e7c   0x08006e7c   0x00000026   Code   RO           16    i.main              main.o
    0x08006ea2   0x08006ea2   0x00000002   PAD
    0x08006ea4   0x08006ea4   0x000000ac   Code   RO         5707    i.network_configure_activations  network.o
    0x08006f50   0x08006f50   0x000000c8   Code   RO         5708    i.network_configure_weights  network.o
    0x08007018   0x08007018   0x0000001a   Code   RO         4723    i.osDelay           cmsis_os2.o
    0x08007032   0x08007032   0x00000002   PAD
    0x08007034   0x08007034   0x00000024   Code   RO         4737    i.osKernelInitialize  cmsis_os2.o
    0x08007058   0x08007058   0x00000038   Code   RO         4740    i.osKernelStart     cmsis_os2.o
    0x08007090   0x08007090   0x0000008a   Code   RO         4782    i.osThreadNew       cmsis_os2.o
    0x0800711a   0x0800711a   0x00000002   PAD
    0x0800711c   0x0800711c   0x0000007c   Code   RO         6373    i.pool_func_ap_kernel_array_f32  NetworkRuntime1020_CM4_Keil.lib(layers_pool_generic_float.o)
    0x08007198   0x08007198   0x000001a8   Code   RO         6380    i.pool_func_mp_array_f32  NetworkRuntime1020_CM4_Keil.lib(forward_lite_pool_f32.o)
    0x08007340   0x08007340   0x0000005c   Code   RO         4185    i.prvAddCurrentTaskToDelayedList  tasks.o
    0x0800739c   0x0800739c   0x000000d0   Code   RO         4186    i.prvAddNewTaskToReadyList  tasks.o
    0x0800746c   0x0800746c   0x00000058   Code   RO         4550    i.prvCheckForValidListAndQueue  timers.o
    0x080074c4   0x080074c4   0x00000026   Code   RO         3782    i.prvCopyDataFromQueue  queue.o
    0x080074ea   0x080074ea   0x0000006c   Code   RO         3783    i.prvCopyDataToQueue  queue.o
    0x08007556   0x08007556   0x00000034   Code   RO         4187    i.prvDeleteTCB      tasks.o
    0x0800758a   0x0800758a   0x00000002   PAD
    0x0800758c   0x0800758c   0x0000004c   Code   RO         5234    i.prvHeapInit       heap_4.o
    0x080075d8   0x080075d8   0x00000060   Code   RO         4188    i.prvIdleTask       tasks.o
    0x08007638   0x08007638   0x00000022   Code   RO         3785    i.prvInitialiseNewQueue  queue.o
    0x0800765a   0x0800765a   0x00000002   PAD
    0x0800765c   0x0800765c   0x000000b0   Code   RO         4189    i.prvInitialiseNewTask  tasks.o
    0x0800770c   0x0800770c   0x0000004c   Code   RO         5235    i.prvInsertBlockIntoFreeList  heap_4.o
    0x08007758   0x08007758   0x00000038   Code   RO         4552    i.prvInsertTimerInActiveList  timers.o
    0x08007790   0x08007790   0x0000001c   Code   RO         3786    i.prvIsQueueEmpty   queue.o
    0x080077ac   0x080077ac   0x000000fc   Code   RO         4553    i.prvProcessReceivedCommands  timers.o
    0x080078a8   0x080078a8   0x000000c0   Code   RO         4554    i.prvProcessTimerOrBlockTask  timers.o
    0x08007968   0x08007968   0x00000020   Code   RO         4191    i.prvResetNextTaskUnblockTime  tasks.o
    0x08007988   0x08007988   0x00000028   Code   RO         4555    i.prvSampleTimeNow  timers.o
    0x080079b0   0x080079b0   0x0000006c   Code   RO         4556    i.prvSwitchTimerLists  timers.o
    0x08007a1c   0x08007a1c   0x00000028   Code   RO         5290    i.prvTaskExitError  port.o
    0x08007a44   0x08007a44   0x00000024   Code   RO         4557    i.prvTimerTask      timers.o
    0x08007a68   0x08007a68   0x0000006a   Code   RO         3787    i.prvUnlockQueue    queue.o
    0x08007ad2   0x08007ad2   0x00000002   PAD
    0x08007ad4   0x08007ad4   0x000000dc   Code   RO         5236    i.pvPortMalloc      heap_4.o
    0x08007bb0   0x08007bb0   0x0000002c   Code   RO         5291    i.pxPortInitialiseStack  port.o
    0x08007bdc   0x08007bdc   0x00000032   Code   RO         5494    i.sht30_crc         bsp_sht30.o
    0x08007c0e   0x08007c0e   0x00000002   PAD
    0x08007c10   0x08007c10   0x00000090   Code   RO         7299    i.st_int8_copy      NetworkRuntime1020_CM4_Keil.lib(st_int8_fill.o)
    0x08007ca0   0x08007ca0   0x00000026   Code   RO         3742    i.uxListRemove      list.o
    0x08007cc6   0x08007cc6   0x00000002   PAD
    0x08007cc8   0x08007cc8   0x00000014   Code   RO         4794    i.vApplicationGetIdleTaskMemory  cmsis_os2.o
    0x08007cdc   0x08007cdc   0x00000018   Code   RO         4795    i.vApplicationGetTimerTaskMemory  cmsis_os2.o
    0x08007cf4   0x08007cf4   0x00000016   Code   RO         3743    i.vListInitialise   list.o
    0x08007d0a   0x08007d0a   0x00000006   Code   RO         3744    i.vListInitialiseItem  list.o
    0x08007d10   0x08007d10   0x00000030   Code   RO         3745    i.vListInsert       list.o
    0x08007d40   0x08007d40   0x00000018   Code   RO         3746    i.vListInsertEnd    list.o
    0x08007d58   0x08007d58   0x00000040   Code   RO         5293    i.vPortEnterCritical  port.o
    0x08007d98   0x08007d98   0x00000028   Code   RO         5294    i.vPortExitCritical  port.o
    0x08007dc0   0x08007dc0   0x00000064   Code   RO         5237    i.vPortFree         heap_4.o
    0x08007e24   0x08007e24   0x00000024   Code   RO         5295    i.vPortSetupTimerInterrupt  port.o
    0x08007e48   0x08007e48   0x00000054   Code   RO         5296    i.vPortValidateInterruptPriority  port.o
    0x08007e9c   0x08007e9c   0x00000028   Code   RO         3793    i.vQueueAddToRegistry  queue.o
    0x08007ec4   0x08007ec4   0x00000044   Code   RO         3797    i.vQueueWaitForMessageRestricted  queue.o
    0x08007f08   0x08007f08   0x0000004c   Code   RO         4204    i.vTaskDelay        tasks.o
    0x08007f54   0x08007f54   0x0000008c   Code   RO         4205    i.vTaskDelayUntil   tasks.o
    0x08007fe0   0x08007fe0   0x00000010   Code   RO         4209    i.vTaskInternalSetTimeOutState  tasks.o
    0x08007ff0   0x08007ff0   0x0000000c   Code   RO         4210    i.vTaskMissedYield  tasks.o
    0x08007ffc   0x08007ffc   0x00000030   Code   RO         4212    i.vTaskPlaceOnEventList  tasks.o
    0x0800802c   0x0800802c   0x00000038   Code   RO         4213    i.vTaskPlaceOnEventListRestricted  tasks.o
    0x08008064   0x08008064   0x00000088   Code   RO         4221    i.vTaskStartScheduler  tasks.o
    0x080080ec   0x080080ec   0x0000009c   Code   RO         4222    i.vTaskSuspend      tasks.o
    0x08008188   0x08008188   0x00000010   Code   RO         4223    i.vTaskSuspendAll   tasks.o
    0x08008198   0x08008198   0x00000064   Code   RO         4224    i.vTaskSwitchContext  tasks.o
    0x080081fc   0x080081fc   0x000000f4   Code   RO         5297    i.xPortStartScheduler  port.o
    0x080082f0   0x080082f0   0x0000002c   Code   RO         5298    i.xPortSysTickHandler  port.o
    0x0800831c   0x0800831c   0x00000042   Code   RO         3802    i.xQueueGenericCreate  queue.o
    0x0800835e   0x0800835e   0x00000066   Code   RO         3803    i.xQueueGenericCreateStatic  queue.o
    0x080083c4   0x080083c4   0x00000088   Code   RO         3804    i.xQueueGenericReset  queue.o
    0x0800844c   0x0800844c   0x00000160   Code   RO         3805    i.xQueueGenericSend  queue.o
    0x080085ac   0x080085ac   0x000000be   Code   RO         3806    i.xQueueGenericSendFromISR  queue.o
    0x0800866a   0x0800866a   0x00000002   PAD
    0x0800866c   0x0800866c   0x00000138   Code   RO         3815    i.xQueueReceive     queue.o
    0x080087a4   0x080087a4   0x00000074   Code   RO         4226    i.xTaskCheckForTimeOut  tasks.o
    0x08008818   0x08008818   0x0000005a   Code   RO         4227    i.xTaskCreate       tasks.o
    0x08008872   0x08008872   0x00000056   Code   RO         4228    i.xTaskCreateStatic  tasks.o
    0x080088c8   0x080088c8   0x0000001c   Code   RO         4232    i.xTaskGetSchedulerState  tasks.o
    0x080088e4   0x080088e4   0x0000000c   Code   RO         4233    i.xTaskGetTickCount  tasks.o
    0x080088f0   0x080088f0   0x000000c8   Code   RO         4235    i.xTaskIncrementTick  tasks.o
    0x080089b8   0x080089b8   0x00000080   Code   RO         4238    i.xTaskPriorityDisinherit  tasks.o
    0x08008a38   0x08008a38   0x00000070   Code   RO         4240    i.xTaskRemoveFromEventList  tasks.o
    0x08008aa8   0x08008aa8   0x000000c4   Code   RO         4241    i.xTaskResumeAll    tasks.o
    0x08008b6c   0x08008b6c   0x00000060   Code   RO         4566    i.xTimerCreateTimerTask  timers.o
    0x08008bcc   0x08008bcc   0x00000068   Code   RO         4567    i.xTimerGenericCommand  timers.o
    0x08008c34   0x08008c34   0x0000002c   Code   RO         8121    locale$$code        c_w.l(lc_numeric_c.o)
    0x08008c60   0x08008c60   0x0000002c   Code   RO         8154    locale$$code        c_w.l(lc_ctype_c.o)
    0x08008c8c   0x08008c8c   0x0000000a   Code   RO         8075    x$fpl$fpinit        fz_wm.l(fpinit.o)
    0x08008c96   0x08008c96   0x00000004   Code   RO         7972    x$fpl$printf1       fz_wm.l(printf1.o)
    0x08008c9a   0x08008c9a   0x00000004   Code   RO         7974    x$fpl$printf2       fz_wm.l(printf2.o)
    0x08008c9e   0x08008c9e   0x00000000   Code   RO         7980    x$fpl$usenofp       fz_wm.l(usenofp.o)
    0x08008c9e   0x08008c9e   0x00000002   PAD
    0x08008ca0   0x08008ca0   0x00000024   Data   RO          231    .constdata          freertos.o
    0x08008cc4   0x08008cc4   0x00000008   Data   RO         2046    .constdata          stm32f4xx_hal_dma.o
    0x08008ccc   0x08008ccc   0x00000010   Data   RO         3578    .constdata          system_stm32f4xx.o
    0x08008cdc   0x08008cdc   0x00000008   Data   RO         3579    .constdata          system_stm32f4xx.o
    0x08008ce4   0x08008ce4   0x00000008   Data   RO         5458    .constdata          bsp_ads1115.o
    0x08008cec   0x08008cec   0x00000004   Data   RO         5531    .constdata          ai_inference.o
    0x08008cf0   0x08008cf0   0x000000d0   Data   RO         5581    .constdata          algo_chain.o
    0x08008dc0   0x08008dc0   0x00000008   Data   RO         5717    .constdata          network.o
    0x08008dc8   0x08008dc8   0x00000008   Data   RO         5718    .constdata          network.o
    0x08008dd0   0x08008dd0   0x00000008   Data   RO         5719    .constdata          network.o
    0x08008dd8   0x08008dd8   0x00000008   Data   RO         5720    .constdata          network.o
    0x08008de0   0x08008de0   0x00000008   Data   RO         5721    .constdata          network.o
    0x08008de8   0x08008de8   0x00000008   Data   RO         5722    .constdata          network.o
    0x08008df0   0x08008df0   0x00000068   Data   RO         6084    .constdata          network_data.o
    0x08008e58   0x08008e58   0x00000008   PAD
    0x08008e60   0x08008e60   0x00002268   Data   RO         6134    .constdata          network_data_params.o
    0x0800b0c8   0x0800b0c8   0x00000068   Data   RO         6202    .constdata          NetworkRuntime1020_CM4_Keil.lib(ai_platform_interface.o)
    0x0800b130   0x0800b130   0x00000280   Data   RO         6322    .constdata          NetworkRuntime1020_CM4_Keil.lib(layers_generic_float.o)
    0x0800b3b0   0x0800b3b0   0x00000008   Data   RO         7841    .constdata          c_w.l(_printf_wctomb.o)
    0x0800b3b8   0x0800b3b8   0x00000028   Data   RO         7870    .constdata          c_w.l(_printf_hex_int_ll_ptr.o)
    0x0800b3e0   0x0800b3e0   0x00000011   Data   RO         7890    .constdata          c_w.l(__printf_flags_ss_wp.o)
    0x0800b3f1   0x0800b3f1   0x00000026   Data   RO         8055    .constdata          c_w.l(_printf_fp_hex.o)
    0x0800b417   0x0800b417   0x00000001   PAD
    0x0800b418   0x0800b418   0x00000094   Data   RO         8096    .constdata          c_w.l(bigflt0.o)
    0x0800b4ac   0x0800b4ac   0x0000000c   Data   RO          232    .conststring        freertos.o
    0x0800b4b8   0x0800b4b8   0x00000020   Data   RO         8210    Region$$Table       anon$$obj.o
    0x0800b4d8   0x0800b4d8   0x0000001c   Data   RO         8120    locale$$data        c_w.l(lc_numeric_c.o)
    0x0800b4f4   0x0800b4f4   0x00000110   Data   RO         8153    locale$$data        c_w.l(lc_ctype_c.o)


    Execution Region RW_IRAM1 (Exec base: 0x20000000, Load base: 0x0800b604, Size: 0x0000a5f0, Max: 0x00020000, ABSOLUTE, COMPRESSED[0x000003b8])

    Exec Addr    Load Addr    Size         Type   Attr      Idx    E Section Name        Object

    0x20000000   COMPRESSED   0x00000004   Data   RW          233    .data               freertos.o
    0x20000004   COMPRESSED   0x0000000c   Data   RW         2515    .data               stm32f4xx_hal.o
    0x20000010   COMPRESSED   0x00000004   Data   RW         3580    .data               system_stm32f4xx.o
    0x20000014   COMPRESSED   0x0000003c   Data   RW         4244    .data               tasks.o
    0x20000050   COMPRESSED   0x00000014   Data   RW         4575    .data               timers.o
    0x20000064   COMPRESSED   0x00000004   Data   RW         4797    .data               cmsis_os2.o
    0x20000068   COMPRESSED   0x00000020   Data   RW         5243    .data               heap_4.o
    0x20000088   COMPRESSED   0x0000000c   Data   RW         5299    .data               port.o
    0x20000094   COMPRESSED   0x00000008   Data   RW         5379    .data               bsp_usart_1.o
    0x2000009c   COMPRESSED   0x0000000c   Data   RW         5532    .data               ai_inference.o
    0x200000a8   COMPRESSED   0x0000001c   Data   RW         5629    .data               inference_task.o
    0x200000c4   COMPRESSED   0x00000004   Data   RW         5658    .data               sensor_task.o
    0x200000c8   COMPRESSED   0x00000010   Data   RW         5725    .data               network.o
    0x200000d8   COMPRESSED   0x00000010   Data   RW         5726    .data               network.o
    0x200000e8   COMPRESSED   0x00000010   Data   RW         5727    .data               network.o
    0x200000f8   COMPRESSED   0x00000010   Data   RW         5728    .data               network.o
    0x20000108   COMPRESSED   0x00000010   Data   RW         5729    .data               network.o
    0x20000118   COMPRESSED   0x00000010   Data   RW         5730    .data               network.o
    0x20000128   COMPRESSED   0x00000010   Data   RW         5731    .data               network.o
    0x20000138   COMPRESSED   0x00000010   Data   RW         5732    .data               network.o
    0x20000148   COMPRESSED   0x00000010   Data   RW         5733    .data               network.o
    0x20000158   COMPRESSED   0x00000010   Data   RW         5734    .data               network.o
    0x20000168   COMPRESSED   0x00000010   Data   RW         5735    .data               network.o
    0x20000178   COMPRESSED   0x00000010   Data   RW         5736    .data               network.o
    0x20000188   COMPRESSED   0x00000010   Data   RW         5737    .data               network.o
    0x20000198   COMPRESSED   0x00000010   Data   RW         5738    .data               network.o
    0x200001a8   COMPRESSED   0x00000010   Data   RW         5739    .data               network.o
    0x200001b8   COMPRESSED   0x00000010   Data   RW         5740    .data               network.o
    0x200001c8   COMPRESSED   0x00000010   Data   RW         5741    .data               network.o
    0x200001d8   COMPRESSED   0x00000010   Data   RW         5742    .data               network.o
    0x200001e8   COMPRESSED   0x00000010   Data   RW         5743    .data               network.o
    0x200001f8   COMPRESSED   0x00000010   Data   RW         5744    .data               network.o
    0x20000208   COMPRESSED   0x00000010   Data   RW         5745    .data               network.o
    0x20000218   COMPRESSED   0x00000010   Data   RW         5746    .data               network.o
    0x20000228   COMPRESSED   0x00000010   Data   RW         5747    .data               network.o
    0x20000238   COMPRESSED   0x00000010   Data   RW         5748    .data               network.o
    0x20000248   COMPRESSED   0x00000010   Data   RW         5749    .data               network.o
    0x20000258   COMPRESSED   0x00000010   Data   RW         5750    .data               network.o
    0x20000268   COMPRESSED   0x00000010   Data   RW         5751    .data               network.o
    0x20000278   COMPRESSED   0x00000010   Data   RW         5752    .data               network.o
    0x20000288   COMPRESSED   0x00000010   Data   RW         5753    .data               network.o
    0x20000298   COMPRESSED   0x00000010   Data   RW         5754    .data               network.o
    0x200002a8   COMPRESSED   0x00000010   Data   RW         5755    .data               network.o
    0x200002b8   COMPRESSED   0x00000010   Data   RW         5756    .data               network.o
    0x200002c8   COMPRESSED   0x00000010   Data   RW         5757    .data               network.o
    0x200002d8   COMPRESSED   0x00000010   Data   RW         5758    .data               network.o
    0x200002e8   COMPRESSED   0x00000010   Data   RW         5759    .data               network.o
    0x200002f8   COMPRESSED   0x00000010   Data   RW         5760    .data               network.o
    0x20000308   COMPRESSED   0x00000010   Data   RW         5761    .data               network.o
    0x20000318   COMPRESSED   0x00000010   Data   RW         5762    .data               network.o
    0x20000328   COMPRESSED   0x00000010   Data   RW         5763    .data               network.o
    0x20000338   COMPRESSED   0x00000010   Data   RW         5764    .data               network.o
    0x20000348   COMPRESSED   0x00000010   Data   RW         5765    .data               network.o
    0x20000358   COMPRESSED   0x00000010   Data   RW         5766    .data               network.o
    0x20000368   COMPRESSED   0x00000004   Data   RW         5767    .data               network.o
    0x2000036c   COMPRESSED   0x00000004   Data   RW         5768    .data               network.o
    0x20000370   COMPRESSED   0x00000008   Data   RW         5769    .data               network.o
    0x20000378   COMPRESSED   0x00000004   Data   RW         5770    .data               network.o
    0x2000037c   COMPRESSED   0x00000030   Data   RW         5771    .data               network.o
    0x200003ac   COMPRESSED   0x00000004   Data   RW         5772    .data               network.o
    0x200003b0   COMPRESSED   0x00000004   Data   RW         5773    .data               network.o
    0x200003b4   COMPRESSED   0x00000004   Data   RW         5774    .data               network.o
    0x200003b8   COMPRESSED   0x00000004   Data   RW         5775    .data               network.o
    0x200003bc   COMPRESSED   0x00000030   Data   RW         5776    .data               network.o
    0x200003ec   COMPRESSED   0x00000004   Data   RW         5777    .data               network.o
    0x200003f0   COMPRESSED   0x00000004   Data   RW         5778    .data               network.o
    0x200003f4   COMPRESSED   0x0000000c   Data   RW         5779    .data               network.o
    0x20000400   COMPRESSED   0x00000008   Data   RW         5780    .data               network.o
    0x20000408   COMPRESSED   0x00000030   Data   RW         5781    .data               network.o
    0x20000438   COMPRESSED   0x00000010   Data   RW         5782    .data               network.o
    0x20000448   COMPRESSED   0x00000004   Data   RW         5783    .data               network.o
    0x2000044c   COMPRESSED   0x00000004   Data   RW         5784    .data               network.o
    0x20000450   COMPRESSED   0x0000000c   Data   RW         5785    .data               network.o
    0x2000045c   COMPRESSED   0x00000008   Data   RW         5786    .data               network.o
    0x20000464   COMPRESSED   0x00000030   Data   RW         5787    .data               network.o
    0x20000494   COMPRESSED   0x00000010   Data   RW         5788    .data               network.o
    0x200004a4   COMPRESSED   0x00000004   Data   RW         5789    .data               network.o
    0x200004a8   COMPRESSED   0x00000004   Data   RW         5790    .data               network.o
    0x200004ac   COMPRESSED   0x0000000c   Data   RW         5791    .data               network.o
    0x200004b8   COMPRESSED   0x00000008   Data   RW         5792    .data               network.o
    0x200004c0   COMPRESSED   0x00000030   Data   RW         5793    .data               network.o
    0x200004f0   COMPRESSED   0x00000010   Data   RW         5794    .data               network.o
    0x20000500   COMPRESSED   0x00000004   Data   RW         5795    .data               network.o
    0x20000504   COMPRESSED   0x00000004   Data   RW         5796    .data               network.o
    0x20000508   COMPRESSED   0x00000004   Data   RW         5797    .data               network.o
    0x2000050c   COMPRESSED   0x00000004   Data   RW         5798    .data               network.o
    0x20000510   COMPRESSED   0x00000030   Data   RW         5799    .data               network.o
    0x20000540   COMPRESSED   0x00000018   Data   RW         5800    .data               network.o
    0x20000558   COMPRESSED   0x00000010   Data   RW         5801    .data               network.o
    0x20000568   COMPRESSED   0x0000001c   Data   RW         5802    .data               network.o
    0x20000584   COMPRESSED   0x00000010   Data   RW         5803    .data               network.o
    0x20000594   COMPRESSED   0x0000001c   Data   RW         5804    .data               network.o
    0x200005b0   COMPRESSED   0x00000004   Data   RW         5805    .data               network.o
    0x200005b4   COMPRESSED   0x00000008   Data   RW         5806    .data               network.o
    0x200005bc   COMPRESSED   0x0000000c   Data   RW         5807    .data               network.o
    0x200005c8   COMPRESSED   0x00000004   Data   RW         5808    .data               network.o
    0x200005cc   COMPRESSED   0x00000008   Data   RW         5809    .data               network.o
    0x200005d4   COMPRESSED   0x0000000c   Data   RW         5810    .data               network.o
    0x200005e0   COMPRESSED   0x00000018   Data   RW         5811    .data               network.o
    0x200005f8   COMPRESSED   0x000001a4   Data   RW         5812    .data               network.o
    0x2000079c   COMPRESSED   0x0000001c   Data   RW         5813    .data               network.o
    0x200007b8   COMPRESSED   0x0000001c   Data   RW         5814    .data               network.o
    0x200007d4   COMPRESSED   0x0000001c   Data   RW         5815    .data               network.o
    0x200007f0   COMPRESSED   0x0000001c   Data   RW         5816    .data               network.o
    0x2000080c   COMPRESSED   0x0000001c   Data   RW         5817    .data               network.o
    0x20000828   COMPRESSED   0x0000001c   Data   RW         5818    .data               network.o
    0x20000844   COMPRESSED   0x0000001c   Data   RW         5819    .data               network.o
    0x20000860   COMPRESSED   0x0000001c   Data   RW         5820    .data               network.o
    0x2000087c   COMPRESSED   0x0000001c   Data   RW         5821    .data               network.o
    0x20000898   COMPRESSED   0x0000001c   Data   RW         5822    .data               network.o
    0x200008b4   COMPRESSED   0x0000001c   Data   RW         5823    .data               network.o
    0x200008d0   COMPRESSED   0x0000001c   Data   RW         5824    .data               network.o
    0x200008ec   COMPRESSED   0x0000001c   Data   RW         5825    .data               network.o
    0x20000908   COMPRESSED   0x0000001c   Data   RW         5826    .data               network.o
    0x20000924   COMPRESSED   0x0000001c   Data   RW         5827    .data               network.o
    0x20000940   COMPRESSED   0x0000001c   Data   RW         5828    .data               network.o
    0x2000095c   COMPRESSED   0x0000001c   Data   RW         5829    .data               network.o
    0x20000978   COMPRESSED   0x0000001c   Data   RW         5830    .data               network.o
    0x20000994   COMPRESSED   0x0000001c   Data   RW         5831    .data               network.o
    0x200009b0   COMPRESSED   0x0000001c   Data   RW         5832    .data               network.o
    0x200009cc   COMPRESSED   0x0000001c   Data   RW         5833    .data               network.o
    0x200009e8   COMPRESSED   0x0000001c   Data   RW         5834    .data               network.o
    0x20000a04   COMPRESSED   0x00000038   Data   RW         5835    .data               network.o
    0x20000a3c   COMPRESSED   0x00000060   Data   RW         5836    .data               network.o
    0x20000a9c   COMPRESSED   0x00000060   Data   RW         5837    .data               network.o
    0x20000afc   COMPRESSED   0x00000060   Data   RW         5838    .data               network.o
    0x20000b5c   COMPRESSED   0x00000024   Data   RW         5839    .data               network.o
    0x20000b80   COMPRESSED   0x00000010   Data   RW         6085    .data               network_data.o
    0x20000b90   COMPRESSED   0x00000010   Data   RW         6086    .data               network_data.o
    0x20000ba0   COMPRESSED   0x0000001c   Data   RW         6087    .data               network_data.o
    0x20000bbc   COMPRESSED   0x0000001c   Data   RW         6088    .data               network_data.o
    0x20000bd8        -       0x00000054   Zero   RW          319    .bss                i2c.o
    0x20000c2c        -       0x00000108   Zero   RW          361    .bss                usart.o
    0x20000d34        -       0x00000048   Zero   RW          509    .bss                stm32f4xx_hal_timebase_tim.o
    0x20000d7c        -       0x00000040   Zero   RW         3819    .bss                queue.o
    0x20000dbc        -       0x000004c4   Zero   RW         4243    .bss                tasks.o
    0x20001280        -       0x00000118   Zero   RW         4574    .bss                timers.o
    0x20001398        -       0x000006b8   Zero   RW         4796    .bss                cmsis_os2.o
    0x20001a50        -       0x00006000   Zero   RW         5242    .bss                heap_4.o
    0x20007a50        -       0x00000100   Zero   RW         5378    .bss                bsp_usart_1.o
    0x20007b50        -       0x00000c80   Zero   RW         5530    .bss                ai_inference.o
    0x200087d0        -       0x00000640   Zero   RW         5628    .bss                inference_task.o
    0x20008e10        -       0x000006e4   Zero   RW         5657    .bss                sensor_task.o
    0x200094f4        -       0x00000010   Zero   RW         5709    .bss                network.o
    0x20009504        -       0x00000010   Zero   RW         5710    .bss                network.o
    0x20009514        -       0x00000010   Zero   RW         5711    .bss                network.o
    0x20009524        -       0x00000010   Zero   RW         5712    .bss                network.o
    0x20009534        -       0x0000001c   Zero   RW         5713    .bss                network.o
    0x20009550        -       0x00000010   Zero   RW         5714    .bss                network.o
    0x20009560        -       0x0000001c   Zero   RW         5715    .bss                network.o
    0x2000957c        -       0x00000010   Zero   RW         5716    .bss                network.o
    0x2000958c        -       0x00000060   Zero   RW         8016    .bss                c_w.l(libspace.o)
    0x200095ec   COMPRESSED   0x00000004   PAD
    0x200095f0        -       0x00000800   Zero   RW            2    HEAP                startup_stm32f411xe.o
    0x20009df0        -       0x00000800   Zero   RW            1    STACK               startup_stm32f411xe.o


==============================================================================

Image component sizes


      Code (inc. data)   RO Data    RW Data    ZI Data      Debug   Object Name

       108         12          4         12       3200      16175   ai_inference.o
       992         78        208          0          0       7415   algo_chain.o
       192         16          8          0          0       2001   bsp_ads1115.o
       266         26          0          0          0       2486   bsp_sht30.o
       232         40          0          8        256       5531   bsp_usart_1.o
       326         22          0          4       1720      65319   cmsis_os2.o
        60          4          0          0          0        794   dma.o
         0          0          0          0          0      19524   event_groups.o
       124         46         48          4          0       6557   freertos.o
        60          6          0          0          0        847   gpio.o
       472         24          0         32      24576       4915   heap_4.o
       168         26          0          0         84       1701   i2c.o
       216         30          0         28       1600       2949   inference_task.o
       138          0          0          0          0       3594   list.o
       206         14          0          0          0     444400   main.o
       628         32         48       2744        152      62062   network.o
        40          4        104         88          0      15769   network_data.o
         0          0       8808          0          0      15198   network_data_params.o
       786         82          0         12          0      11577   port.o
      1580         20          0          0         64      18550   queue.o
       376         44          0          4       1764       3047   sensor_task.o
        64         26        408          0       4096        848   startup_stm32f411xe.o
        80         14          0         12          0       7974   stm32f4xx_hal.o
       158         14          0          0          0      33074   stm32f4xx_hal_cortex.o
      1084         16          8          0          0       7402   stm32f4xx_hal_dma.o
       480         34          0          0          0       1524   stm32f4xx_hal_gpio.o
      2606         62          0          0          0      14342   stm32f4xx_hal_i2c.o
        56          4          0          0          0        878   stm32f4xx_hal_msp.o
      1412         86          0          0          0       5961   stm32f4xx_hal_rcc.o
       672         50          0          0          0       7532   stm32f4xx_hal_tim.o
         4          0          0          0          0       1653   stm32f4xx_hal_tim_ex.o
       140         20          0          0         72       1451   stm32f4xx_hal_timebase_tim.o
      2240         40          0          0          0      17606   stm32f4xx_hal_uart.o
        60         24          0          0          0       4756   stm32f4xx_it.o
         0          0          0          0          0        416   stream_buffer.o
        16          4         24          4          0       1147   system_stm32f4xx.o
      2380        188          0         60       1220      29165   tasks.o
       972         80          0         20        280      29767   timers.o
       288         28          0          0        264       1928   usart.o

    ----------------------------------------------------------------------
     19728       1216       9708       3032      39348     877835   Object Totals
         0          0         32          0          0          0   (incl. Generated)
        46          0          8          0          0          0   (incl. Padding)

    ----------------------------------------------------------------------

      Code (inc. data)   RO Data    RW Data    ZI Data      Debug   Library Member Name

       402         52          0          0          0        488   ai_datatypes_format.o
        52          6          0          0          0        232   ai_datatypes_internal.o
       158          8          0          0          0        368   ai_platform.o
      2212         76        104          0          0       2764   ai_platform_interface.o
        42          0          0          0          0        348   core_common.o
      1150          4          0          0          0        448   forward_lite_conv2d_if32of32wf32.o
       424          4          0          0          0        148   forward_lite_pool_f32.o
       226          6          0          0          0        628   layers.o
      1062          6          0          0          0        644   layers_conv2d_generic_float.o
       440          4        640          0          0        272   layers_generic_float.o
       490          0          0          0          0        276   layers_pool_generic_float.o
      1336         28          0          0          0        860   lite_dense_if32.o
        52          6          0          0          0        116   lite_nl_generic_float.o
       144          0          0          0          0        132   st_int8_fill.o
        90          0          0          0          0          0   __dczerorl2.o
         8          0          0          0          0         68   __main.o
       392          4         17          0          0         92   __printf_flags_ss_wp.o
        14          0          0          0          0         68   __printf_wp.o
         0          0          0          0          0          0   __rtentry.o
        12          0          0          0          0          0   __rtentry2.o
         6          0          0          0          0          0   __rtentry4.o
        52          8          0          0          0          0   __scatter.o
        28          0          0          0          0          0   __scatter_zi.o
         6          0          0          0          0          0   _printf_a.o
         6          0          0          0          0          0   _printf_c.o
        44          0          0          0          0        108   _printf_char.o
        48          6          0          0          0         96   _printf_char_common.o
        40          0          0          0          0         68   _printf_charcount.o
         6          0          0          0          0          0   _printf_d.o
       120         16          0          0          0         92   _printf_dec.o
         6          0          0          0          0          0   _printf_e.o
         6          0          0          0          0          0   _printf_f.o
      1054          0          0          0          0        216   _printf_fp_dec.o
       764          8         38          0          0        100   _printf_fp_hex.o
       128         16          0          0          0         84   _printf_fp_infnan.o
         6          0          0          0          0          0   _printf_g.o
       148          4         40          0          0        160   _printf_hex_int_ll_ptr.o
         6          0          0          0          0          0   _printf_i.o
       178          0          0          0          0         88   _printf_intcommon.o
        10          0          0          0          0          0   _printf_l.o
         6          0          0          0          0          0   _printf_lc.o
        10          0          0          0          0          0   _printf_ll.o
         6          0          0          0          0          0   _printf_lld.o
         6          0          0          0          0          0   _printf_lli.o
         6          0          0          0          0          0   _printf_llo.o
         6          0          0          0          0          0   _printf_llu.o
         6          0          0          0          0          0   _printf_llx.o
       124         16          0          0          0         92   _printf_longlong_dec.o
         6          0          0          0          0          0   _printf_ls.o
         6          0          0          0          0          0   _printf_n.o
         6          0          0          0          0          0   _printf_o.o
       112         10          0          0          0        124   _printf_oct_int_ll.o
         6          0          0          0          0          0   _printf_p.o
        78          0          0          0          0        108   _printf_pad.o
         0          0          0          0          0          0   _printf_percent.o
         4          0          0          0          0          0   _printf_percent_end.o
         6          0          0          0          0          0   _printf_s.o
        82          0          0          0          0         80   _printf_str.o
        36          0          0          0          0         84   _printf_truncate.o
         6          0          0          0          0          0   _printf_u.o
        44          0          0          0          0        108   _printf_wchar.o
       188          6          8          0          0         92   _printf_wctomb.o
         6          0          0          0          0          0   _printf_x.o
        16          0          0          0          0         68   _snputc.o
        10          0          0          0          0         68   _sputc.o
        64          0          0          0          0         92   _wcrtomb.o
        16          0          0          0          0         68   aeabi_memset.o
       228          4        148          0          0         96   bigflt0.o
      1936        128          0          0          0        672   btod.o
        18          0          0          0          0         80   exit.o
         6          0          0          0          0        152   heapauxi.o
         0          0          0          0          0          0   indicate_semi.o
        44         10        272          0          0         76   lc_ctype_c.o
        44         10         28          0          0         76   lc_numeric_c.o
         2          0          0          0          0          0   libinit.o
        34          0          0          0          0          0   libinit2.o
         2          0          0          0          0          0   libshutdown.o
         2          0          0          0          0          0   libshutdown2.o
         8          4          0          0         96         68   libspace.o
       138          0          0          0          0         80   lludiv10.o
       238          0          0          0          0        100   lludivv7m.o
        88          0          0          0          0         76   memcmp.o
        16          4          0          0          0         76   rt_ctype_table.o
         8          4          0          0          0         68   rt_locale_intlibspace.o
        68          0          0          0          0         68   rt_memclr.o
        78          0          0          0          0         80   rt_memclr_w.o
       138          0          0          0          0         68   rt_memcpy_v6.o
       100          0          0          0          0         80   rt_memcpy_w.o
         2          0          0          0          0          0   rtexit.o
        10          0          0          0          0          0   rtexit2.o
       128          0          0          0          0         68   strcmpv7m.o
        62          0          0          0          0         76   strlen.o
        12          4          0          0          0         68   sys_exit.o
        74          0          0          0          0         80   sys_stackheap_outer.o
         2          0          0          0          0         68   use_no_semi.o
        52          4          0          0          0         80   vsnprintf.o
        10          0          0          0          0        116   fpinit.o
         4          0          0          0          0        116   printf1.o
         4          0          0          0          0        116   printf2.o
         0          0          0          0          0          0   usenofp.o
        48          0          0          0          0        124   fpclassify.o

    ----------------------------------------------------------------------
     15864        466       1296          0        100      12776   Library Totals
        30          0          1          0          4          0   (incl. Padding)

    ----------------------------------------------------------------------

      Code (inc. data)   RO Data    RW Data    ZI Data      Debug   Library Name

      8190        200        744          0          0       7724   NetworkRuntime1020_CM4_Keil.lib
      7578        266        551          0         96       4580   c_w.l
        18          0          0          0          0        348   fz_wm.l
        48          0          0          0          0        124   m_wm.l

    ----------------------------------------------------------------------
     15864        466       1296          0        100      12776   Library Totals

    ----------------------------------------------------------------------

==============================================================================


      Code (inc. data)   RO Data    RW Data    ZI Data      Debug   

     35592       1682      11004       3032      39448     862963   Grand Totals
     35592       1682      11004        952      39448     862963   ELF Image Totals (compressed)
     35592       1682      11004        952          0          0   ROM Totals

==============================================================================

    Total RO  Size (Code + RO Data)                46596 (  45.50kB)
    Total RW  Size (RW Data + ZI Data)             42480 (  41.48kB)
    Total ROM Size (Code + RO Data + RW Data)      47548 (  46.43kB)

==============================================================================

