<html>
<body>
<pre>
<h1>µVision Build Log</h1>
<h2>Tool Versions:</h2>
IDE-Version: ¦ÌVision V5.36.0.0
Copyright (C) 2021 ARM Ltd and ARM Germany GmbH. All rights reserved.
License Information: hyastar hyastar, hyastar, LIC=BUURY-IU1JL-12SLE-59LX7-V2YWF-BRLIU
 
Tool Versions:
Toolchain:       MDK-ARM Plus  Version: 5.36.0.0
Toolchain Path:  D:\Program Files\Keil_v5\ARM\ARMCC\Bin
C Compiler:      Armcc.exe V5.06 update 7 (build 960)
Assembler:       Armasm.exe V5.06 update 7 (build 960)
Linker/Locator:  ArmLink.exe V5.06 update 7 (build 960)
Library Manager: ArmAr.exe V5.06 update 7 (build 960)
Hex Converter:   FromElf.exe V5.06 update 7 (build 960)
CPU DLL:         SARMCM3.DLL V5.36.0.0
Dialog DLL:      DCM.DLL V1.17.3.0
Target DLL:      CMSIS_AGDI.dll V1.33.0.0
Dialog DLL:      TCM.DLL V1.53.0.0
 
<h2>Project:</h2>
G:\Cursor\kato-modbus\F411_FreeRTOS_CubeMX\MDK-ARM\F411_FreeRTOS_CubeMX.uvprojx
Project File Date:  03/20/2026

<h2>Output:</h2>
*** Using Compiler 'V5.06 update 7 (build 960)', folder: 'D:\Program Files\Keil_v5\ARM\ARMCC\Bin'
Rebuild target 'F411_FreeRTOS_CubeMX'
Note: source file '..\BSP\Src\bsp_usart.c' - object file renamed from 'F411_FreeRTOS_CubeMX\bsp_usart.o' to 'F411_FreeRTOS_CubeMX\bsp_usart_1.o'.
assembling startup_stm32f411xe.s...
compiling stm32f4xx_hal_rcc_ex.c...
compiling stm32f4xx_hal_flash_ramfunc.c...
compiling freertos.c...
compiling dma.c...
compiling stm32f4xx_hal_rcc.c...
compiling gpio.c...
compiling stm32f4xx_hal_msp.c...
compiling stm32f4xx_it.c...
compiling stm32f4xx_hal_flash.c...
compiling main.c...
compiling stm32f4xx_hal_timebase_tim.c...
compiling usart.c...
compiling stm32f4xx_hal_flash_ex.c...
compiling stm32f4xx_hal_tim_ex.c...
compiling croutine.c...
compiling list.c...
compiling event_groups.c...
compiling stm32f4xx_hal_tim.c...
compiling queue.c...
compiling stream_buffer.c...
compiling timers.c...
compiling heap_4.c...
compiling tasks.c...
compiling port.c...
compiling stm32f4xx_hal_pwr_ex.c...
compiling stm32f4xx_hal_exti.c...
compiling system_stm32f4xx.c...
compiling stm32f4xx_hal_pwr.c...
compiling stm32f4xx_hal_dma.c...
compiling stm32f4xx_hal_gpio.c...
compiling stm32f4xx_hal.c...
compiling stm32f4xx_hal_cortex.c...
compiling stm32f4xx_hal_dma_ex.c...
compiling stm32f4xx_hal_uart.c...
compiling bsp_usart.c...
compiling cmsis_os2.c...
linking...
Program Size: Code=21600 RO-data=1072 RW-data=156 ZI-data=20868  
FromELF: creating hex file...
"F411_FreeRTOS_CubeMX\F411_FreeRTOS_CubeMX.axf" - 0 Error(s), 0 Warning(s).

<h2>Software Packages used:</h2>

Package Vendor: ARM
                http://www.keil.com/pack/ARM.CMSIS.5.8.0.pack
                ARM.CMSIS.5.8.0
                CMSIS (Common Microcontroller Software Interface Standard)
   * Component: CORE Version: 5.5.0

Package Vendor: Keil
                https://www.keil.com/pack/Keil.STM32F4xx_DFP.3.1.1.pack
                Keil.STM32F4xx_DFP.3.1.1
                STMicroelectronics STM32F4 Series Device Support

<h2>Collection of Component include folders:</h2>
  .\RTE\_F411_FreeRTOS_CubeMX
  D:\Program Files\Keil_v5_Packs\ARM\CMSIS\5.8.0\CMSIS\Core\Include

<h2>Collection of Component Files used:</h2>

   * Component: ARM::CMSIS:CORE:5.5.0
      Include file:  CMSIS\Core\Include\tz_context.h
Build Time Elapsed:  00:00:07
</pre>
</body>
</html>
