Component: ARM Compiler 5.06 update 7 (build 960) Tool: armlink [4d3601]

==============================================================================

Section Cross References

    startup_stm32f411xe.o(STACK) refers (Special) to heapauxi.o(.text) for __use_two_region_memory
    startup_stm32f411xe.o(HEAP) refers (Special) to heapauxi.o(.text) for __use_two_region_memory
    startup_stm32f411xe.o(RESET) refers (Special) to heapauxi.o(.text) for __use_two_region_memory
    startup_stm32f411xe.o(RESET) refers to startup_stm32f411xe.o(STACK) for __initial_sp
    startup_stm32f411xe.o(RESET) refers to startup_stm32f411xe.o(.text) for Reset_Handler
    startup_stm32f411xe.o(RESET) refers to stm32f4xx_it.o(i.NMI_Handler) for NMI_Handler
    startup_stm32f411xe.o(RESET) refers to stm32f4xx_it.o(i.HardFault_Handler) for HardFault_Handler
    startup_stm32f411xe.o(RESET) refers to stm32f4xx_it.o(i.MemManage_Handler) for MemManage_Handler
    startup_stm32f411xe.o(RESET) refers to stm32f4xx_it.o(i.BusFault_Handler) for BusFault_Handler
    startup_stm32f411xe.o(RESET) refers to stm32f4xx_it.o(i.UsageFault_Handler) for UsageFault_Handler
    startup_stm32f411xe.o(RESET) refers to port.o(.emb_text) for SVC_Handler
    startup_stm32f411xe.o(RESET) refers to stm32f4xx_it.o(i.DebugMon_Handler) for DebugMon_Handler
    startup_stm32f411xe.o(RESET) refers to cmsis_os2.o(i.SysTick_Handler) for SysTick_Handler
    startup_stm32f411xe.o(RESET) refers to stm32f4xx_it.o(i.TIM1_UP_TIM10_IRQHandler) for TIM1_UP_TIM10_IRQHandler
    startup_stm32f411xe.o(RESET) refers to stm32f4xx_it.o(i.USART1_IRQHandler) for USART1_IRQHandler
    startup_stm32f411xe.o(RESET) refers to stm32f4xx_it.o(i.DMA2_Stream2_IRQHandler) for DMA2_Stream2_IRQHandler
    startup_stm32f411xe.o(RESET) refers to stm32f4xx_it.o(i.DMA2_Stream7_IRQHandler) for DMA2_Stream7_IRQHandler
    startup_stm32f411xe.o(.text) refers (Special) to heapauxi.o(.text) for __use_two_region_memory
    startup_stm32f411xe.o(.text) refers to system_stm32f4xx.o(i.SystemInit) for SystemInit
    startup_stm32f411xe.o(.text) refers to __main.o(!!!main) for __main
    startup_stm32f411xe.o(.text) refers to startup_stm32f411xe.o(HEAP) for Heap_Mem
    startup_stm32f411xe.o(.text) refers to startup_stm32f411xe.o(STACK) for Stack_Mem
    main.o(i.HAL_TIM_PeriodElapsedCallback) refers to stm32f4xx_hal.o(i.HAL_IncTick) for HAL_IncTick
    main.o(i.SystemClock_Config) refers to rt_memclr_w.o(.text) for __aeabi_memclr4
    main.o(i.SystemClock_Config) refers to stm32f4xx_hal_rcc.o(i.HAL_RCC_OscConfig) for HAL_RCC_OscConfig
    main.o(i.SystemClock_Config) refers to stm32f4xx_hal_rcc.o(i.HAL_RCC_ClockConfig) for HAL_RCC_ClockConfig
    main.o(i.main) refers to stm32f4xx_hal.o(i.HAL_Init) for HAL_Init
    main.o(i.main) refers to main.o(i.SystemClock_Config) for SystemClock_Config
    main.o(i.main) refers to gpio.o(i.MX_GPIO_Init) for MX_GPIO_Init
    main.o(i.main) refers to dma.o(i.MX_DMA_Init) for MX_DMA_Init
    main.o(i.main) refers to usart.o(i.MX_USART1_UART_Init) for MX_USART1_UART_Init
    main.o(i.main) refers to cmsis_os2.o(i.osKernelInitialize) for osKernelInitialize
    main.o(i.main) refers to freertos.o(i.MX_FREERTOS_Init) for MX_FREERTOS_Init
    main.o(i.main) refers to cmsis_os2.o(i.osKernelStart) for osKernelStart
    freertos.o(i.MX_FREERTOS_Init) refers to cmsis_os2.o(i.osThreadNew) for osThreadNew
    freertos.o(i.MX_FREERTOS_Init) refers to freertos.o(.constdata) for .constdata
    freertos.o(i.MX_FREERTOS_Init) refers to freertos.o(i.StartDefaultTask) for StartDefaultTask
    freertos.o(i.MX_FREERTOS_Init) refers to freertos.o(.data) for .data
    freertos.o(i.StartDefaultTask) refers to bsp_usart_1.o(i.BSP_USART1_Init) for BSP_USART1_Init
    freertos.o(i.StartDefaultTask) refers to bsp_usart_1.o(i.BSP_USART1_Print) for BSP_USART1_Print
    freertos.o(i.StartDefaultTask) refers to bsp_usart_1.o(i.BSP_USART1_Receive) for BSP_USART1_Receive
    freertos.o(i.StartDefaultTask) refers to bsp_usart_1.o(i.BSP_USART1_Send) for BSP_USART1_Send
    freertos.o(i.StartDefaultTask) refers to bsp_usart_1.o(i.BSP_USART1_Printf) for BSP_USART1_Printf
    freertos.o(.constdata) refers to freertos.o(.conststring) for .conststring
    dma.o(i.MX_DMA_Init) refers to stm32f4xx_hal_cortex.o(i.HAL_NVIC_SetPriority) for HAL_NVIC_SetPriority
    dma.o(i.MX_DMA_Init) refers to stm32f4xx_hal_cortex.o(i.HAL_NVIC_EnableIRQ) for HAL_NVIC_EnableIRQ
    usart.o(i.HAL_UART_MspDeInit) refers to stm32f4xx_hal_gpio.o(i.HAL_GPIO_DeInit) for HAL_GPIO_DeInit
    usart.o(i.HAL_UART_MspDeInit) refers to stm32f4xx_hal_dma.o(i.HAL_DMA_DeInit) for HAL_DMA_DeInit
    usart.o(i.HAL_UART_MspDeInit) refers to stm32f4xx_hal_cortex.o(i.HAL_NVIC_DisableIRQ) for HAL_NVIC_DisableIRQ
    usart.o(i.HAL_UART_MspInit) refers to rt_memclr_w.o(.text) for __aeabi_memclr4
    usart.o(i.HAL_UART_MspInit) refers to stm32f4xx_hal_gpio.o(i.HAL_GPIO_Init) for HAL_GPIO_Init
[...]
    uxCriticalNesting                        0x2000008c   Data           4  port.o(.data)
    ulMaxPRIGROUPValue                       0x20000090   Data           4  port.o(.data)
    .data                                    0x20000094   Section        8  bsp_usart_1.o(.data)
    dma_tx_done                              0x20000094   Data           1  bsp_usart_1.o(.data)
    dma_last_pos                             0x20000096   Data           2  bsp_usart_1.o(.data)
    rx_queue                                 0x20000098   Data           4  bsp_usart_1.o(.data)
    .bss                                     0x2000009c   Section      264  usart.o(.bss)
    .bss                                     0x200001a4   Section       72  stm32f4xx_hal_timebase_tim.o(.bss)
    .bss                                     0x200001ec   Section       64  queue.o(.bss)
    .bss                                     0x2000022c   Section     1220  tasks.o(.bss)
    pxReadyTasksLists                        0x2000022c   Data        1120  tasks.o(.bss)
    xDelayedTaskList1                        0x2000068c   Data          20  tasks.o(.bss)
    xDelayedTaskList2                        0x200006a0   Data          20  tasks.o(.bss)
    xPendingReadyList                        0x200006b4   Data          20  tasks.o(.bss)
    xTasksWaitingTermination                 0x200006c8   Data          20  tasks.o(.bss)
    xSuspendedTaskList                       0x200006dc   Data          20  tasks.o(.bss)
    .bss                                     0x200006f0   Section      280  timers.o(.bss)
    xStaticTimerQueue                        0x200006f0   Data          80  timers.o(.bss)
    ucStaticTimerQueueStorage                0x20000740   Data         160  timers.o(.bss)
    xActiveTimerList1                        0x200007e0   Data          20  timers.o(.bss)
    xActiveTimerList2                        0x200007f4   Data          20  timers.o(.bss)
    .bss                                     0x20000808   Section     1720  cmsis_os2.o(.bss)
    Idle_TCB                                 0x20000808   Data          92  cmsis_os2.o(.bss)
    Idle_Stack                               0x20000864   Data         512  cmsis_os2.o(.bss)
    Timer_TCB                                0x20000a64   Data          92  cmsis_os2.o(.bss)
    Timer_Stack                              0x20000ac0   Data        1024  cmsis_os2.o(.bss)
    .bss                                     0x20000ec0   Section    15360  heap_4.o(.bss)
    ucHeap                                   0x20000ec0   Data       15360  heap_4.o(.bss)
    .bss                                     0x20004ac0   Section      256  bsp_usart_1.o(.bss)
    dma_raw_buf                              0x20004ac0   Data         256  bsp_usart_1.o(.bss)
    .bss                                     0x20004bc0   Section       96  libspace.o(.bss)
    HEAP                                     0x20004c20   Section      512  startup_stm32f411xe.o(HEAP)
    Heap_Mem                                 0x20004c20   Data         512  startup_stm32f411xe.o(HEAP)
    STACK                                    0x20004e20   Section     1024  startup_stm32f411xe.o(STACK)
    Stack_Mem                                0x20004e20   Data        1024  startup_stm32f411xe.o(STACK)
    __initial_sp                             0x20005220   Data           0  startup_stm32f411xe.o(STACK)

    Global Symbols

    Symbol Name                              Value     Ov Type        Size  Object(Section)

    BuildAttributes$$THM_ISAv4$E$P$D$K$B$S$7EM$VFPi3$EXTD16$VFPS$VFMA$PE$A:L22UL41UL21$X:L11$S22US41US21$IEEE1$IW$USESV6$~STKCKD$USESV7$~SHL$OTIME$ROPI$IEEEJ$EBA8$UX$STANDARDLIB$REQ8$PRES8$EABIv2 0x00000000   Number         0  anon$$obj.o ABSOLUTE
    __ARM_use_no_argv                        0x00000000   Number         0  main.o ABSOLUTE
    _printf_flags                            0x00000000   Number         0  printf_stubs.o ABSOLUTE
    _printf_return_value                     0x00000000   Number         0  printf_stubs.o ABSOLUTE
    _printf_sizespec                         0x00000000   Number         0  printf_stubs.o ABSOLUTE
    _printf_widthprec                        0x00000000   Number         0  printf_stubs.o ABSOLUTE
    __ARM_exceptions_init                     - Undefined Weak Reference
    __alloca_initialize                       - Undefined Weak Reference
    __arm_fini_                               - Undefined Weak Reference
    __arm_preinit_                            - Undefined Weak Reference
    __cpp_initialize__aeabi_                  - Undefined Weak Reference
    __cxa_finalize                            - Undefined Weak Reference
    __sigvec_lookup                           - Undefined Weak Reference
    _atexit_init                              - Undefined Weak Reference
    _call_atexit_fns                          - Undefined Weak Reference
    _clock_init                               - Undefined Weak Reference
    _fp_trap_init                             - Undefined Weak Reference
    _fp_trap_shutdown                         - Undefined Weak Reference
    _get_lc_collate                           - Undefined Weak Reference
    _get_lc_monetary                          - Undefined Weak Reference
    _get_lc_time                              - Undefined Weak Reference
    _getenv_init                              - Undefined Weak Reference
    _handle_redirection                       - Undefined Weak Reference
    _init_alloc                               - Undefined Weak Reference
    _init_user_alloc                          - Undefined Weak Reference
    _initio                                   - Undefined Weak Reference
    _printf_mbtowc                            - Undefined Weak Reference
    _printf_wc                                - Undefined Weak Reference
    _rand_init                                - Undefined Weak Reference
    _signal_finish                            - Undefined Weak Reference
    _signal_init                              - Undefined Weak Reference
    _terminate_alloc                          - Undefined Weak Reference
    _terminate_user_alloc                     - Undefined Weak Reference
    _terminateio                              - Undefined Weak Reference
    __Vectors_Size                           0x00000198   Number         0  startup_stm32f411xe.o ABSOLUTE
    __Vectors                                0x08000000   Data           4  startup_stm32f411xe.o(RESET)
    __Vectors_End                            0x08000198   Data           0  startup_stm32f411xe.o(RESET)
    __main                                   0x08000199   Thumb Code     8  __main.o(!!!main)
    __scatterload                            0x080001a1   Thumb Code     0  __scatter.o(!!!scatter)
    __scatterload_rt2                        0x080001a1   Thumb Code    44  __scatter.o(!!!scatter)
    __scatterload_rt2_thumb_only             0x080001a1   Thumb Code     0  __scatter.o(!!!scatter)
    __scatterload_null                       0x080001af   Thumb Code     0  __scatter.o(!!!scatter)
    __scatterload_copy                       0x080001d5   Thumb Code    26  __scatter_copy.o(!!handler_copy)
    __scatterload_zeroinit                   0x080001f1   Thumb Code    28  __scatter_zi.o(!!handler_zi)
    _printf_n                                0x0800020d   Thumb Code     0  _printf_n.o(.ARM.Collect$$_printf_percent$$00000001)
    _printf_percent                          0x0800020d   Thumb Code     0  _printf_percent.o(.ARM.Collect$$_printf_percent$$00000000)
    _printf_p                                0x08000213   Thumb Code     0  _printf_p.o(.ARM.Collect$$_printf_percent$$00000002)
    _printf_f                                0x08000219   Thumb Code     0  _printf_f.o(.ARM.Collect$$_printf_percent$$00000003)
    _printf_e                                0x0800021f   Thumb Code     0  _printf_e.o(.ARM.Collect$$_printf_percent$$00000004)
    _printf_g                                0x08000225   Thumb Code     0  _printf_g.o(.ARM.Collect$$_printf_percent$$00000005)
    _printf_a                                0x0800022b   Thumb Code     0  _printf_a.o(.ARM.Collect$$_printf_percent$$00000006)
    _printf_ll                               0x08000231   Thumb Code     0  _printf_ll.o(.ARM.Collect$$_printf_percent$$00000007)
    _printf_i                                0x0800023b   Thumb Code     0  _printf_i.o(.ARM.Collect$$_printf_percent$$00000008)
    _printf_d                                0x08000241   Thumb Code     0  _printf_d.o(.ARM.Collect$$_printf_percent$$00000009)
    _printf_u                                0x08000247   Thumb Code     0  _printf_u.o(.ARM.Collect$$_printf_percent$$0000000A)
    _printf_o                                0x0800024d   Thumb Code     0  _printf_o.o(.ARM.Collect$$_printf_percent$$0000000B)
    _printf_x                                0x08000253   Thumb Code     0  _printf_x.o(.ARM.Collect$$_printf_percent$$0000000C)
    _printf_lli                              0x08000259   Thumb Code     0  _printf_lli.o(.ARM.Collect$$_printf_percent$$0000000D)
    _printf_lld                              0x0800025f   Thumb Code     0  _printf_lld.o(.ARM.Collect$$_printf_percent$$0000000E)
    _printf_llu                              0x08000265   Thumb Code     0  _printf_llu.o(.ARM.Collect$$_printf_percent$$0000000F)
    _printf_llo                              0x0800026b   Thumb Code     0  _printf_llo.o(.ARM.Collect$$_printf_percent$$00000010)
    _printf_llx                              0x08000271   Thumb Code     0  _printf_llx.o(.ARM.Collect$$_printf_percent$$00000011)
    _printf_l                                0x08000277   Thumb Code     0  _printf_l.o(.ARM.Collect$$_printf_percent$$00000012)
    _printf_c                                0x08000281   Thumb Code     0  _printf_c.o(.ARM.Collect$$_printf_percent$$00000013)
    _printf_s                                0x08000287   Thumb Code     0  _printf_s.o(.ARM.Collect$$_printf_percent$$00000014)
    _printf_lc                               0x0800028d   Thumb Code     0  _printf_lc.o(.ARM.Collect$$_printf_percent$$00000015)
    _printf_ls                               0x08000293   Thumb Code     0  _printf_ls.o(.ARM.Collect$$_printf_percent$$00000016)
    _printf_percent_end                      0x08000299   Thumb Code     0  _printf_percent_end.o(.ARM.Collect$$_printf_percent$$00000017)
    __rt_lib_init                            0x0800029d   Thumb Code     0  libinit.o(.ARM.Collect$$libinit$$00000000)
    __rt_lib_init_fp_1                       0x0800029f   Thumb Code     0  libinit2.o(.ARM.Collect$$libinit$$00000001)
    __rt_lib_init_heap_1                     0x080002a3   Thumb Code     0  libinit2.o(.ARM.Collect$$libinit$$0000000A)
    __rt_lib_init_lc_common                  0x080002a3   Thumb Code     0  libinit2.o(.ARM.Collect$$libinit$$0000000F)
    __rt_lib_init_preinit_1                  0x080002a3   Thumb Code     0  libinit2.o(.ARM.Collect$$libinit$$00000004)
    __rt_lib_init_rand_1                     0x080002a3   Thumb Code     0  libinit2.o(.ARM.Collect$$libinit$$0000000E)
    __rt_lib_init_user_alloc_1               0x080002a3   Thumb Code     0  libinit2.o(.ARM.Collect$$libinit$$0000000C)
    __rt_lib_init_lc_collate_1               0x080002a9   Thumb Code     0  libinit2.o(.ARM.Collect$$libinit$$00000011)
    __rt_lib_init_lc_ctype_2                 0x080002a9   Thumb Code     0  libinit2.o(.ARM.Collect$$libinit$$00000012)
    __rt_lib_init_lc_ctype_1                 0x080002b5   Thumb Code     0  libinit2.o(.ARM.Collect$$libinit$$00000013)
    __rt_lib_init_lc_monetary_1              0x080002b5   Thumb Code     0  libinit2.o(.ARM.Collect$$libinit$$00000015)
    __rt_lib_init_lc_numeric_2               0x080002b5   Thumb Code     0  libinit2.o(.ARM.Collect$$libinit$$00000016)
    __rt_lib_init_alloca_1                   0x080002bf   Thumb Code     0  libinit2.o(.ARM.Collect$$libinit$$0000002E)
    __rt_lib_init_argv_1                     0x080002bf   Thumb Code     0  libinit2.o(.ARM.Collect$$libinit$$0000002C)
    __rt_lib_init_atexit_1                   0x080002bf   Thumb Code     0  libinit2.o(.ARM.Collect$$libinit$$0000001B)
    __rt_lib_init_clock_1                    0x080002bf   Thumb Code     0  libinit2.o(.ARM.Collect$$libinit$$00000021)
    __rt_lib_init_cpp_1                      0x080002bf   Thumb Code     0  libinit2.o(.ARM.Collect$$libinit$$00000032)
    __rt_lib_init_exceptions_1               0x080002bf   Thumb Code     0  libinit2.o(.ARM.Collect$$libinit$$00000030)
    __rt_lib_init_fp_trap_1                  0x080002bf   Thumb Code     0  libinit2.o(.ARM.Collect$$libinit$$0000001F)
    __rt_lib_init_getenv_1                   0x080002bf   Thumb Code     0  libinit2.o(.ARM.Collect$$libinit$$00000023)
    __rt_lib_init_lc_numeric_1               0x080002bf   Thumb Code     0  libinit2.o(.ARM.Collect$$libinit$$00000017)
    __rt_lib_init_lc_time_1                  0x080002bf   Thumb Code     0  libinit2.o(.ARM.Collect$$libinit$$00000019)
    __rt_lib_init_return                     0x080002bf   Thumb Code     0  libinit2.o(.ARM.Collect$$libinit$$00000033)
    __rt_lib_init_signal_1                   0x080002bf   Thumb Code     0  libinit2.o(.ARM.Collect$$libinit$$0000001D)
    __rt_lib_init_stdio_1                    0x080002bf   Thumb Code     0  libinit2.o(.ARM.Collect$$libinit$$00000025)
    __rt_lib_shutdown                        0x080002c1   Thumb Code     0  libshutdown.o(.ARM.Collect$$libshutdown$$00000000)
    __rt_lib_shutdown_cpp_1                  0x080002c3   Thumb Code     0  libshutdown2.o(.ARM.Collect$$libshutdown$$00000004)
    __rt_lib_shutdown_fini_1                 0x080002c3   Thumb Code     0  libshutdown2.o(.ARM.Collect$$libshutdown$$00000002)
    __rt_lib_shutdown_fp_trap_1              0x080002c3   Thumb Code     0  libshutdown2.o(.ARM.Collect$$libshutdown$$00000009)
    __rt_lib_shutdown_heap_1                 0x080002c3   Thumb Code     0  libshutdown2.o(.ARM.Collect$$libshutdown$$00000011)
    __rt_lib_shutdown_return                 0x080002c3   Thumb Code     0  libshutdown2.o(.ARM.Collect$$libshutdown$$00000012)
    __rt_lib_shutdown_signal_1               0x080002c3   Thumb Code     0  libshutdown2.o(.ARM.Collect$$libshutdown$$0000000C)
    __rt_lib_shutdown_stdio_1                0x080002c3   Thumb Code     0  libshutdown2.o(.ARM.Collect$$libshutdown$$00000006)
    __rt_lib_shutdown_user_alloc_1           0x080002c3   Thumb Code     0  libshutdown2.o(.ARM.Collect$$libshutdown$$0000000E)
    __rt_entry                               0x080002c5   Thumb Code     0  __rtentry.o(.ARM.Collect$$rtentry$$00000000)
    __rt_entry_presh_1                       0x080002c5   Thumb Code     0  __rtentry2.o(.ARM.Collect$$rtentry$$00000002)
    __rt_entry_sh                            0x080002c5   Thumb Code     0  __rtentry4.o(.ARM.Collect$$rtentry$$00000004)
    __rt_entry_li                            0x080002cb   Thumb Code     0  __rtentry2.o(.ARM.Collect$$rtentry$$0000000A)
    __rt_entry_postsh_1                      0x080002cb   Thumb Code     0  __rtentry2.o(.ARM.Collect$$rtentry$$00000009)
    __rt_entry_main                          0x080002cf   Thumb Code     0  __rtentry2.o(.ARM.Collect$$rtentry$$0000000D)
    __rt_entry_postli_1                      0x080002cf   Thumb Code     0  __rtentry2.o(.ARM.Collect$$rtentry$$0000000C)
    __rt_exit                                0x080002d7   Thumb Code     0  rtexit.o(.ARM.Collect$$rtexit$$00000000)
    __rt_exit_ls                             0x080002d9   Thumb Code     0  rtexit2.o(.ARM.Collect$$rtexit$$00000003)
    __rt_exit_prels_1                        0x080002d9   Thumb Code     0  rtexit2.o(.ARM.Collect$$rtexit$$00000002)
    __rt_exit_exit                           0x080002dd   Thumb Code     0  rtexit2.o(.ARM.Collect$$rtexit$$00000004)
    SVC_Handler                              0x080002e5   Thumb Code    28  port.o(.emb_text)
    __asm___6_port_c_39a90d8d__prvStartFirstTask 0x08000305   Thumb Code    36  port.o(.emb_text)
    __asm___6_port_c_39a90d8d__prvEnableVFP  0x0800032d   Thumb Code    16  port.o(.emb_text)
    PendSV_Handler                           0x08000341   Thumb Code    88  port.o(.emb_text)
    vPortGetIPSR                             0x0800039d   Thumb Code     6  port.o(.emb_text)
    Reset_Handler                            0x080003a5   Thumb Code     8  startup_stm32f411xe.o(.text)
    ADC_IRQHandler                           0x080003bf   Thumb Code     0  startup_stm32f411xe.o(.text)
    DMA1_Stream0_IRQHandler                  0x080003bf   Thumb Code     0  startup_stm32f411xe.o(.text)
    DMA1_Stream1_IRQHandler                  0x080003bf   Thumb Code     0  startup_stm32f411xe.o(.text)
    DMA1_Stream2_IRQHandler                  0x080003bf   Thumb Code     0  startup_stm32f411xe.o(.text)
    DMA1_Stream3_IRQHandler                  0x080003bf   Thumb Code     0  startup_stm32f411xe.o(.text)
    DMA1_Stream4_IRQHandler                  0x080003bf   Thumb Code     0  startup_stm32f411xe.o(.text)
    DMA1_Stream5_IRQHandler                  0x080003bf   Thumb Code     0  startup_stm32f411xe.o(.text)
    DMA1_Stream6_IRQHandler                  0x080003bf   Thumb Code     0  startup_stm32f411xe.o(.text)
    DMA1_Stream7_IRQHandler                  0x080003bf   Thumb Code     0  startup_stm32f411xe.o(.text)
    DMA2_Stream0_IRQHandler                  0x080003bf   Thumb Code     0  startup_stm32f411xe.o(.text)
    DMA2_Stream1_IRQHandler                  0x080003bf   Thumb Code     0  startup_stm32f411xe.o(.text)
    DMA2_Stream3_IRQHandler                  0x080003bf   Thumb Code     0  startup_stm32f411xe.o(.text)
    DMA2_Stream4_IRQHandler                  0x080003bf   Thumb Code     0  startup_stm32f411xe.o(.text)
    DMA2_Stream5_IRQHandler                  0x080003bf   Thumb Code     0  startup_stm32f411xe.o(.text)
    DMA2_Stream6_IRQHandler                  0x080003bf   Thumb Code     0  startup_stm32f411xe.o(.text)
    EXTI0_IRQHandler                         0x080003bf   Thumb Code     0  startup_stm32f411xe.o(.text)
    EXTI15_10_IRQHandler                     0x080003bf   Thumb Code     0  startup_stm32f411xe.o(.text)
    EXTI1_IRQHandler                         0x080003bf   Thumb Code     0  startup_stm32f411xe.o(.text)
    EXTI2_IRQHandler                         0x080003bf   Thumb Code     0  startup_stm32f411xe.o(.text)
    EXTI3_IRQHandler                         0x080003bf   Thumb Code     0  startup_stm32f411xe.o(.text)
    EXTI4_IRQHandler                         0x080003bf   Thumb Code     0  startup_stm32f411xe.o(.text)
    EXTI9_5_IRQHandler                       0x080003bf   Thumb Code     0  startup_stm32f411xe.o(.text)
    FLASH_IRQHandler                         0x080003bf   Thumb Code     0  startup_stm32f411xe.o(.text)
    FPU_IRQHandler                           0x080003bf   Thumb Code     0  startup_stm32f411xe.o(.text)
    I2C1_ER_IRQHandler                       0x080003bf   Thumb Code     0  startup_stm32f411xe.o(.text)
    I2C1_EV_IRQHandler                       0x080003bf   Thumb Code     0  startup_stm32f411xe.o(.text)
    I2C2_ER_IRQHandler                       0x080003bf   Thumb Code     0  startup_stm32f411xe.o(.text)
    I2C2_EV_IRQHandler                       0x080003bf   Thumb Code     0  startup_stm32f411xe.o(.text)
    I2C3_ER_IRQHandler                       0x080003bf   Thumb Code     0  startup_stm32f411xe.o(.text)
    I2C3_EV_IRQHandler                       0x080003bf   Thumb Code     0  startup_stm32f411xe.o(.text)
    OTG_FS_IRQHandler                        0x080003bf   Thumb Code     0  startup_stm32f411xe.o(.text)
    OTG_FS_WKUP_IRQHandler                   0x080003bf   Thumb Code     0  startup_stm32f411xe.o(.text)
    PVD_IRQHandler                           0x080003bf   Thumb Code     0  startup_stm32f411xe.o(.text)
    RCC_IRQHandler                           0x080003bf   Thumb Code     0  startup_stm32f411xe.o(.text)
    RTC_Alarm_IRQHandler                     0x080003bf   Thumb Code     0  startup_stm32f411xe.o(.text)
    RTC_WKUP_IRQHandler                      0x080003bf   Thumb Code     0  startup_stm32f411xe.o(.text)
    SDIO_IRQHandler                          0x080003bf   Thumb Code     0  startup_stm32f411xe.o(.text)
    SPI1_IRQHandler                          0x080003bf   Thumb Code     0  startup_stm32f411xe.o(.text)
    SPI2_IRQHandler                          0x080003bf   Thumb Code     0  startup_stm32f411xe.o(.text)
    SPI3_IRQHandler                          0x080003bf   Thumb Code     0  startup_stm32f411xe.o(.text)
    SPI4_IRQHandler                          0x080003bf   Thumb Code     0  startup_stm32f411xe.o(.text)
    SPI5_IRQHandler                          0x080003bf   Thumb Code     0  startup_stm32f411xe.o(.text)
    TAMP_STAMP_IRQHandler                    0x080003bf   Thumb Code     0  startup_stm32f411xe.o(.text)
    TIM1_BRK_TIM9_IRQHandler                 0x080003bf   Thumb Code     0  startup_stm32f411xe.o(.text)
    TIM1_CC_IRQHandler                       0x080003bf   Thumb Code     0  startup_stm32f411xe.o(.text)
    TIM1_TRG_COM_TIM11_IRQHandler            0x080003bf   Thumb Code     0  startup_stm32f411xe.o(.text)
    TIM2_IRQHandler                          0x080003bf   Thumb Code     0  startup_stm32f411xe.o(.text)
    TIM3_IRQHandler                          0x080003bf   Thumb Code     0  startup_stm32f411xe.o(.text)
    TIM4_IRQHandler                          0x080003bf   Thumb Code     0  startup_stm32f411xe.o(.text)
    TIM5_IRQHandler                          0x080003bf   Thumb Code     0  startup_stm32f411xe.o(.text)
    USART2_IRQHandler                        0x080003bf   Thumb Code     0  startup_stm32f411xe.o(.text)
    USART6_IRQHandler                        0x080003bf   Thumb Code     0  startup_stm32f411xe.o(.text)
    WWDG_IRQHandler                          0x080003bf   Thumb Code     0  startup_stm32f411xe.o(.text)
    __user_initial_stackheap                 0x080003c1   Thumb Code     0  startup_stm32f411xe.o(.text)
    __aeabi_uldivmod                         0x080003e5   Thumb Code     0  lludivv7m.o(.text)
    _ll_udiv                                 0x080003e5   Thumb Code   238  lludivv7m.o(.text)
    vsnprintf                                0x080004d5   Thumb Code    48  vsnprintf.o(.text)
    strlen                                   0x08000509   Thumb Code    62  strlen.o(.text)
    __aeabi_memcpy                           0x08000547   Thumb Code     0  rt_memcpy_v6.o(.text)
    __rt_memcpy                              0x08000547   Thumb Code   138  rt_memcpy_v6.o(.text)
    _memcpy_lastbytes                        0x080005ad   Thumb Code     0  rt_memcpy_v6.o(.text)
    __aeabi_memset                           0x080005d1   Thumb Code    16  aeabi_memset.o(.text)
    __aeabi_memclr4                          0x080005e1   Thumb Code     0  rt_memclr_w.o(.text)
    __aeabi_memclr8                          0x080005e1   Thumb Code     0  rt_memclr_w.o(.text)
    __rt_memclr_w                            0x080005e1   Thumb Code    78  rt_memclr_w.o(.text)
    _memset_w                                0x080005e5   Thumb Code     0  rt_memclr_w.o(.text)
    __use_two_region_memory                  0x0800062f   Thumb Code     2  heapauxi.o(.text)
    __rt_heap_escrow$2region                 0x08000631   Thumb Code     2  heapauxi.o(.text)
    __rt_heap_expand$2region                 0x08000633   Thumb Code     2  heapauxi.o(.text)
    _printf_pre_padding                      0x08000635   Thumb Code    44  _printf_pad.o(.text)
    _printf_post_padding                     0x08000661   Thumb Code    34  _printf_pad.o(.text)
    _printf_truncate_signed                  0x08000683   Thumb Code    18  _printf_truncate.o(.text)
    _printf_truncate_unsigned                0x08000695   Thumb Code    18  _printf_truncate.o(.text)
    _printf_str                              0x080006a7   Thumb Code    82  _printf_str.o(.text)
    _printf_int_dec                          0x080006f9   Thumb Code   104  _printf_dec.o(.text)
    _printf_charcount                        0x08000771   Thumb Code    40  _printf_charcount.o(.text)
    _printf_char_common                      0x080007a3   Thumb Code    32  _printf_char_common.o(.text)
    _sputc                                   0x080007c9   Thumb Code    10  _sputc.o(.text)
    _snputc                                  0x080007d3   Thumb Code    16  _snputc.o(.text)
    _printf_wctomb                           0x080007e5   Thumb Code   182  _printf_wctomb.o(.text)
    _printf_longlong_dec                     0x080008a1   Thumb Code   108  _printf_longlong_dec.o(.text)
    _printf_longlong_oct                     0x0800091d   Thumb Code    66  _printf_oct_int_ll.o(.text)
    _printf_int_oct                          0x0800095f   Thumb Code    24  _printf_oct_int_ll.o(.text)
    _printf_ll_oct                           0x08000977   Thumb Code    12  _printf_oct_int_ll.o(.text)
    _printf_longlong_hex                     0x0800098d   Thumb Code    86  _printf_hex_int_ll_ptr.o(.text)
    _printf_int_hex                          0x080009e3   Thumb Code    28  _printf_hex_int_ll_ptr.o(.text)
    _printf_ll_hex                           0x080009ff   Thumb Code    12  _printf_hex_int_ll_ptr.o(.text)
    _printf_hex_ptr                          0x08000a0b   Thumb Code    18  _printf_hex_int_ll_ptr.o(.text)
    __printf                                 0x08000a21   Thumb Code   388  __printf_flags_ss_wp.o(.text)
    __aeabi_memcpy4                          0x08000ba9   Thumb Code     0  rt_memcpy_w.o(.text)
    __aeabi_memcpy8                          0x08000ba9   Thumb Code     0  rt_memcpy_w.o(.text)
    __rt_memcpy_w                            0x08000ba9   Thumb Code   100  rt_memcpy_w.o(.text)
    _memcpy_lastbytes_aligned                0x08000bf1   Thumb Code     0  rt_memcpy_w.o(.text)
    __aeabi_memclr                           0x08000c0d   Thumb Code     0  rt_memclr.o(.text)
    __rt_memclr                              0x08000c0d   Thumb Code    68  rt_memclr.o(.text)
    _memset                                  0x08000c11   Thumb Code     0  rt_memclr.o(.text)
    _ll_udiv10                               0x08000c51   Thumb Code   138  lludiv10.o(.text)
    _printf_int_common                       0x08000cdb   Thumb Code   178  _printf_intcommon.o(.text)
    __lib_sel_fp_printf                      0x08000d8d   Thumb Code     2  _printf_fp_dec.o(.text)
    _printf_fp_dec_real                      0x08000f3f   Thumb Code   620  _printf_fp_dec.o(.text)
    _printf_fp_hex_real                      0x080011ad   Thumb Code   756  _printf_fp_hex.o(.text)
    _printf_cs_common                        0x080014a9   Thumb Code    20  _printf_char.o(.text)
    _printf_char                             0x080014bd   Thumb Code    16  _printf_char.o(.text)
    _printf_string                           0x080014cd   Thumb Code     8  _printf_char.o(.text)
    _printf_lcs_common                       0x080014d5   Thumb Code    20  _printf_wchar.o(.text)
    _printf_wchar                            0x080014e9   Thumb Code    16  _printf_wchar.o(.text)
    _printf_wstring                          0x080014f9   Thumb Code     8  _printf_wchar.o(.text)
    _wcrtomb                                 0x08001501   Thumb Code    64  _wcrtomb.o(.text)
    __user_setup_stackheap                   0x08001541   Thumb Code    74  sys_stackheap_outer.o(.text)
    __rt_ctype_table                         0x0800158d   Thumb Code    16  rt_ctype_table.o(.text)
    __rt_locale                              0x0800159d   Thumb Code     8  rt_locale_intlibspace.o(.text)
    _printf_fp_infnan                        0x080015a5   Thumb Code   112  _printf_fp_infnan.o(.text)
    _btod_etento                             0x08001625   Thumb Code   224  bigflt0.o(.text)
    exit                                     0x08001709   Thumb Code    18  exit.o(.text)
    __user_libspace                          0x0800171d   Thumb Code     8  libspace.o(.text)
    __user_perproc_libspace                  0x0800171d   Thumb Code     0  libspace.o(.text)
    __user_perthread_libspace                0x0800171d   Thumb Code     0  libspace.o(.text)
    strcmp                                   0x08001725   Thumb Code   128  strcmpv7m.o(.text)
    _sys_exit                                0x080017a5   Thumb Code     8  sys_exit.o(.text)
    __I$use$semihosting                      0x080017b1   Thumb Code     0  use_no_semi.o(.text)
    __use_no_semihosting_swi                 0x080017b1   Thumb Code     2  use_no_semi.o(.text)
    __semihosting_library_function           0x080017b3   Thumb Code     0  indicate_semi.o(.text)
    _btod_d2e                                0x080017b3   Thumb Code    62  btod.o(CL$$btod_d2e)
    _d2e_denorm_low                          0x080017f1   Thumb Code    70  btod.o(CL$$btod_d2e_denorm_low)
    _d2e_norm_op1                            0x08001837   Thumb Code    96  btod.o(CL$$btod_d2e_norm_op1)
    __btod_div_common                        0x08001897   Thumb Code   696  btod.o(CL$$btod_div_common)
    _e2e                                     0x08001bcf   Thumb Code   220  btod.o(CL$$btod_e2e)
    _btod_ediv                               0x08001cab   Thumb Code    42  btod.o(CL$$btod_ediv)
    _btod_emul                               0x08001cd5   Thumb Code    42  btod.o(CL$$btod_emul)
    __btod_mult_common                       0x08001cff   Thumb Code   580  btod.o(CL$$btod_mult_common)
    BSP_USART1_IRQ_Handler                   0x08001f45   Thumb Code    58  bsp_usart_1.o(i.BSP_USART1_IRQ_Handler)
    BSP_USART1_Init                          0x08001f89   Thumb Code    56  bsp_usart_1.o(i.BSP_USART1_Init)
    BSP_USART1_Print                         0x08001fcd   Thumb Code    24  bsp_usart_1.o(i.BSP_USART1_Print)
    BSP_USART1_Printf                        0x08001fe5   Thumb Code    36  bsp_usart_1.o(i.BSP_USART1_Printf)
    BSP_USART1_Receive                       0x08002009   Thumb Code    12  bsp_usart_1.o(i.BSP_USART1_Receive)
    BSP_USART1_Send                          0x08002019   Thumb Code    34  bsp_usart_1.o(i.BSP_USART1_Send)
    BSP_USART1_Write                         0x08002045   Thumb Code    14  bsp_usart_1.o(i.BSP_USART1_Write)
    BusFault_Handler                         0x08002059   Thumb Code     2  stm32f4xx_it.o(i.BusFault_Handler)
    DMA2_Stream2_IRQHandler                  0x0800205d   Thumb Code     6  stm32f4xx_it.o(i.DMA2_Stream2_IRQHandler)
    DMA2_Stream7_IRQHandler                  0x08002069   Thumb Code     6  stm32f4xx_it.o(i.DMA2_Stream7_IRQHandler)
    DebugMon_Handler                         0x08002119   Thumb Code     2  stm32f4xx_it.o(i.DebugMon_Handler)
    Error_Handler                            0x0800211b   Thumb Code     4  main.o(i.Error_Handler)
    HAL_DMA_Abort                            0x0800211f   Thumb Code   146  stm32f4xx_hal_dma.o(i.HAL_DMA_Abort)
    HAL_DMA_Abort_IT                         0x080021b1   Thumb Code    36  stm32f4xx_hal_dma.o(i.HAL_DMA_Abort_IT)
    HAL_DMA_IRQHandler                       0x080021d5   Thumb Code   412  stm32f4xx_hal_dma.o(i.HAL_DMA_IRQHandler)
    HAL_DMA_Init                             0x08002375   Thumb Code   206  stm32f4xx_hal_dma.o(i.HAL_DMA_Init)
    HAL_DMA_Start_IT                         0x08002449   Thumb Code   110  stm32f4xx_hal_dma.o(i.HAL_DMA_Start_IT)
    HAL_GPIO_Init                            0x080024b9   Thumb Code   446  stm32f4xx_hal_gpio.o(i.HAL_GPIO_Init)
    HAL_GetTick                              0x08002699   Thumb Code     6  stm32f4xx_hal.o(i.HAL_GetTick)
    HAL_IncTick                              0x080026a5   Thumb Code    12  stm32f4xx_hal.o(i.HAL_IncTick)
    HAL_Init                                 0x080026b5   Thumb Code    48  stm32f4xx_hal.o(i.HAL_Init)
    HAL_InitTick                             0x080026e9   Thumb Code   120  stm32f4xx_hal_timebase_tim.o(i.HAL_InitTick)
    HAL_MspInit                              0x08002775   Thumb Code    52  stm32f4xx_hal_msp.o(i.HAL_MspInit)
    HAL_NVIC_EnableIRQ                       0x080027ad   Thumb Code    26  stm32f4xx_hal_cortex.o(i.HAL_NVIC_EnableIRQ)
    HAL_NVIC_SetPriority                     0x080027c9   Thumb Code    60  stm32f4xx_hal_cortex.o(i.HAL_NVIC_SetPriority)
    HAL_NVIC_SetPriorityGrouping             0x08002809   Thumb Code    26  stm32f4xx_hal_cortex.o(i.HAL_NVIC_SetPriorityGrouping)
    HAL_RCC_ClockConfig                      0x0800282d   Thumb Code   288  stm32f4xx_hal_rcc.o(i.HAL_RCC_ClockConfig)
    HAL_RCC_GetClockConfig                   0x08002961   Thumb Code    54  stm32f4xx_hal_rcc.o(i.HAL_RCC_GetClockConfig)
    HAL_RCC_GetPCLK1Freq                     0x080029a1   Thumb Code    20  stm32f4xx_hal_rcc.o(i.HAL_RCC_GetPCLK1Freq)
    HAL_RCC_GetPCLK2Freq                     0x080029c1   Thumb Code    20  stm32f4xx_hal_rcc.o(i.HAL_RCC_GetPCLK2Freq)
    HAL_RCC_GetSysClockFreq                  0x080029e1   Thumb Code    88  stm32f4xx_hal_rcc.o(i.HAL_RCC_GetSysClockFreq)
    HAL_RCC_OscConfig                        0x08002a45   Thumb Code   856  stm32f4xx_hal_rcc.o(i.HAL_RCC_OscConfig)
    HAL_TIMEx_BreakCallback                  0x08002db1   Thumb Code     2  stm32f4xx_hal_tim_ex.o(i.HAL_TIMEx_BreakCallback)
    HAL_TIMEx_CommutCallback                 0x08002db3   Thumb Code     2  stm32f4xx_hal_tim_ex.o(i.HAL_TIMEx_CommutCallback)
    HAL_TIM_Base_Init                        0x08002db5   Thumb Code    90  stm32f4xx_hal_tim.o(i.HAL_TIM_Base_Init)
    HAL_TIM_Base_MspInit                     0x08002e0f   Thumb Code     2  stm32f4xx_hal_tim.o(i.HAL_TIM_Base_MspInit)
    HAL_TIM_Base_Start_IT                    0x08002e11   Thumb Code    88  stm32f4xx_hal_tim.o(i.HAL_TIM_Base_Start_IT)
    HAL_TIM_IC_CaptureCallback               0x08002e7d   Thumb Code     2  stm32f4xx_hal_tim.o(i.HAL_TIM_IC_CaptureCallback)
    HAL_TIM_IRQHandler                       0x08002e7f   Thumb Code   304  stm32f4xx_hal_tim.o(i.HAL_TIM_IRQHandler)
    HAL_TIM_OC_DelayElapsedCallback          0x08002faf   Thumb Code     2  stm32f4xx_hal_tim.o(i.HAL_TIM_OC_DelayElapsedCallback)
    HAL_TIM_PWM_PulseFinishedCallback        0x08002fb1   Thumb Code     2  stm32f4xx_hal_tim.o(i.HAL_TIM_PWM_PulseFinishedCallback)
    HAL_TIM_PeriodElapsedCallback            0x08002fb5   Thumb Code    14  main.o(i.HAL_TIM_PeriodElapsedCallback)
    HAL_TIM_TriggerCallback                  0x08002fc9   Thumb Code     2  stm32f4xx_hal_tim.o(i.HAL_TIM_TriggerCallback)
    HAL_UARTEx_RxEventCallback               0x08002fcb   Thumb Code     2  stm32f4xx_hal_uart.o(i.HAL_UARTEx_RxEventCallback)
    HAL_UART_ErrorCallback                   0x08002fcd   Thumb Code     2  stm32f4xx_hal_uart.o(i.HAL_UART_ErrorCallback)
    HAL_UART_IRQHandler                      0x08002fd1   Thumb Code   636  stm32f4xx_hal_uart.o(i.HAL_UART_IRQHandler)
    HAL_UART_Init                            0x08003251   Thumb Code   100  stm32f4xx_hal_uart.o(i.HAL_UART_Init)
    HAL_UART_MspInit                         0x080032b5   Thumb Code   212  usart.o(i.HAL_UART_MspInit)
    HAL_UART_Receive_DMA                     0x0800339d   Thumb Code    28  stm32f4xx_hal_uart.o(i.HAL_UART_Receive_DMA)
    HAL_UART_RxCpltCallback                  0x080033b9   Thumb Code     2  stm32f4xx_hal_uart.o(i.HAL_UART_RxCpltCallback)
    HAL_UART_RxHalfCpltCallback              0x080033bb   Thumb Code     2  stm32f4xx_hal_uart.o(i.HAL_UART_RxHalfCpltCallback)
    HAL_UART_Transmit                        0x080033bd   Thumb Code   160  stm32f4xx_hal_uart.o(i.HAL_UART_Transmit)
    HAL_UART_Transmit_DMA                    0x0800345d   Thumb Code   120  stm32f4xx_hal_uart.o(i.HAL_UART_Transmit_DMA)
    HAL_UART_TxCpltCallback                  0x080034e1   Thumb Code    16  bsp_usart_1.o(i.HAL_UART_TxCpltCallback)
    HAL_UART_TxHalfCpltCallback              0x080034f9   Thumb Code     2  stm32f4xx_hal_uart.o(i.HAL_UART_TxHalfCpltCallback)
    HardFault_Handler                        0x080034fb   Thumb Code     2  stm32f4xx_it.o(i.HardFault_Handler)
    MX_DMA_Init                              0x080034fd   Thumb Code    56  dma.o(i.MX_DMA_Init)
    MX_FREERTOS_Init                         0x08003539   Thumb Code    18  freertos.o(i.MX_FREERTOS_Init)
    MX_GPIO_Init                             0x08003559   Thumb Code    38  gpio.o(i.MX_GPIO_Init)
    MX_USART1_UART_Init                      0x08003585   Thumb Code    48  usart.o(i.MX_USART1_UART_Init)
    MemManage_Handler                        0x080035bd   Thumb Code     2  stm32f4xx_it.o(i.MemManage_Handler)
    NMI_Handler                              0x080035bf   Thumb Code     2  stm32f4xx_it.o(i.NMI_Handler)
    StartDefaultTask                         0x080035c1   Thumb Code    50  freertos.o(i.StartDefaultTask)
    SysTick_Handler                          0x08003615   Thumb Code    26  cmsis_os2.o(i.SysTick_Handler)
    SystemClock_Config                       0x08003631   Thumb Code   136  main.o(i.SystemClock_Config)
    SystemInit                               0x080036c1   Thumb Code    12  system_stm32f4xx.o(i.SystemInit)
    TIM1_UP_TIM10_IRQHandler                 0x080036d1   Thumb Code     6  stm32f4xx_it.o(i.TIM1_UP_TIM10_IRQHandler)
    TIM_Base_SetConfig                       0x080036dd   Thumb Code   130  stm32f4xx_hal_tim.o(i.TIM_Base_SetConfig)
    UART_Start_Receive_DMA                   0x08003afd   Thumb Code   146  stm32f4xx_hal_uart.o(i.UART_Start_Receive_DMA)
    USART1_IRQHandler                        0x08003c0f   Thumb Code     4  stm32f4xx_it.o(i.USART1_IRQHandler)
    UsageFault_Handler                       0x08003c13   Thumb Code     2  stm32f4xx_it.o(i.UsageFault_Handler)
    __ARM_fpclassify                         0x08003c15   Thumb Code    48  fpclassify.o(i.__ARM_fpclassify)
    _is_digit                                0x08003c65   Thumb Code    14  __printf_wp.o(i._is_digit)
    main                                     0x08003c73   Thumb Code    34  main.o(i.main)
    osDelay                                  0x08003c95   Thumb Code    26  cmsis_os2.o(i.osDelay)
    osKernelInitialize                       0x08003cb1   Thumb Code    32  cmsis_os2.o(i.osKernelInitialize)
    osKernelStart                            0x08003cd5   Thumb Code    48  cmsis_os2.o(i.osKernelStart)
    osThreadNew                              0x08003d0d   Thumb Code   138  cmsis_os2.o(i.osThreadNew)
    pvPortMalloc                             0x0800452d   Thumb Code   216  heap_4.o(i.pvPortMalloc)
    pxPortInitialiseStack                    0x08004609   Thumb Code    40  port.o(i.pxPortInitialiseStack)
    uxListRemove                             0x08004721   Thumb Code    38  list.o(i.uxListRemove)
    vApplicationGetIdleTaskMemory            0x08004749   Thumb Code    16  cmsis_os2.o(i.vApplicationGetIdleTaskMemory)
    vApplicationGetTimerTaskMemory           0x0800475d   Thumb Code    18  cmsis_os2.o(i.vApplicationGetTimerTaskMemory)
    vListInitialise                          0x08004775   Thumb Code    22  list.o(i.vListInitialise)
    vListInitialiseItem                      0x0800478b   Thumb Code     6  list.o(i.vListInitialiseItem)
    vListInsert                              0x08004791   Thumb Code    48  list.o(i.vListInsert)
    vListInsertEnd                           0x080047c1   Thumb Code    24  list.o(i.vListInsertEnd)
    vPortEnterCritical                       0x080047d9   Thumb Code    54  port.o(i.vPortEnterCritical)
    vPortExitCritical                        0x08004819   Thumb Code    34  port.o(i.vPortExitCritical)
    vPortFree                                0x08004841   Thumb Code    94  heap_4.o(i.vPortFree)
    vPortSetupTimerInterrupt                 0x080048a5   Thumb Code    32  port.o(i.vPortSetupTimerInterrupt)
    vPortValidateInterruptPriority           0x080048c9   Thumb Code    74  port.o(i.vPortValidateInterruptPriority)
    vQueueAddToRegistry                      0x0800491d   Thumb Code    34  queue.o(i.vQueueAddToRegistry)
    vQueueWaitForMessageRestricted           0x08004945   Thumb Code    68  queue.o(i.vQueueWaitForMessageRestricted)
    vTaskDelay                               0x08004989   Thumb Code    66  tasks.o(i.vTaskDelay)
    vTaskInternalSetTimeOutState             0x080049d5   Thumb Code    12  tasks.o(i.vTaskInternalSetTimeOutState)
    vTaskMissedYield                         0x080049e5   Thumb Code     8  tasks.o(i.vTaskMissedYield)
    vTaskPlaceOnEventList                    0x080049f1   Thumb Code    44  tasks.o(i.vTaskPlaceOnEventList)
    vTaskPlaceOnEventListRestricted          0x08004a21   Thumb Code    52  tasks.o(i.vTaskPlaceOnEventListRestricted)
    vTaskStartScheduler                      0x08004a59   Thumb Code   118  tasks.o(i.vTaskStartScheduler)
    vTaskSuspendAll                          0x08004ae1   Thumb Code    10  tasks.o(i.vTaskSuspendAll)
    vTaskSwitchContext                       0x08004af1   Thumb Code    90  tasks.o(i.vTaskSwitchContext)
    xPortStartScheduler                      0x08004b55   Thumb Code   222  port.o(i.xPortStartScheduler)
    xPortSysTickHandler                      0x08004c49   Thumb Code    38  port.o(i.xPortSysTickHandler)
    xQueueGenericCreate                      0x08004c75   Thumb Code    66  queue.o(i.xQueueGenericCreate)
    xQueueGenericCreateStatic                0x08004cb7   Thumb Code   102  queue.o(i.xQueueGenericCreateStatic)
    xQueueGenericReset                       0x08004d1d   Thumb Code   132  queue.o(i.xQueueGenericReset)
    xQueueGenericSend                        0x08004da5   Thumb Code   346  queue.o(i.xQueueGenericSend)
    xQueueGenericSendFromISR                 0x08004f05   Thumb Code   190  queue.o(i.xQueueGenericSendFromISR)
    xQueueReceive                            0x08004fc5   Thumb Code   308  queue.o(i.xQueueReceive)
    xTaskCheckForTimeOut                     0x080050fd   Thumb Code   112  tasks.o(i.xTaskCheckForTimeOut)
    xTaskCreate                              0x08005171   Thumb Code    90  tasks.o(i.xTaskCreate)
    xTaskCreateStatic                        0x080051cb   Thumb Code    86  tasks.o(i.xTaskCreateStatic)
    xTaskGetSchedulerState                   0x08005221   Thumb Code    22  tasks.o(i.xTaskGetSchedulerState)
    xTaskGetTickCount                        0x0800523d   Thumb Code     6  tasks.o(i.xTaskGetTickCount)
    xTaskIncrementTick                       0x08005249   Thumb Code   192  tasks.o(i.xTaskIncrementTick)
    xTaskPriorityDisinherit                  0x08005311   Thumb Code   118  tasks.o(i.xTaskPriorityDisinherit)
    xTaskRemoveFromEventList                 0x08005391   Thumb Code    98  tasks.o(i.xTaskRemoveFromEventList)
    xTaskResumeAll                           0x08005401   Thumb Code   182  tasks.o(i.xTaskResumeAll)
    xTimerCreateTimerTask                    0x080054c5   Thumb Code    78  timers.o(i.xTimerCreateTimerTask)
    xTimerGenericCommand                     0x08005525   Thumb Code    98  timers.o(i.xTimerGenericCommand)
    _get_lc_numeric                          0x0800558d   Thumb Code    44  lc_numeric_c.o(locale$$code)
    _get_lc_ctype                            0x080055b9   Thumb Code    44  lc_ctype_c.o(locale$$code)
    _fp_init                                 0x080055e5   Thumb Code    10  fpinit.o(x$fpl$fpinit)
    __fplib_config_fpu_vfp                   0x080055ed   Thumb Code     0  fpinit.o(x$fpl$fpinit)
    __fplib_config_pureend_doubles           0x080055ed   Thumb Code     0  fpinit.o(x$fpl$fpinit)
    _printf_fp_dec                           0x080055ef   Thumb Code     4  printf1.o(x$fpl$printf1)
    _printf_fp_hex                           0x080055f3   Thumb Code     4  printf2.o(x$fpl$printf2)
    __I$use$fp                               0x080055f6   Number         0  usenofp.o(x$fpl$usenofp)
    defaultTask_attributes                   0x080055f8   Data          36  freertos.o(.constdata)
    AHBPrescTable                            0x08005624   Data          16  system_stm32f4xx.o(.constdata)
    APBPrescTable                            0x08005634   Data           8  system_stm32f4xx.o(.constdata)
    Region$$Table$$Base                      0x08005744   Number         0  anon$$obj.o(Region$$Table)
    Region$$Table$$Limit                     0x08005764   Number         0  anon$$obj.o(Region$$Table)
    __ctype                                  0x0800578d   Data           0  lc_ctype_c.o(locale$$data)
    defaultTaskHandle                        0x20000000   Data           4  freertos.o(.data)
    uwTickFreq                               0x20000004   Data           1  stm32f4xx_hal.o(.data)
    uwTickPrio                               0x20000008   Data           4  stm32f4xx_hal.o(.data)
    uwTick                                   0x2000000c   Data           4  stm32f4xx_hal.o(.data)
    SystemCoreClock                          0x20000010   Data           4  system_stm32f4xx.o(.data)
    pxCurrentTCB                             0x20000014   Data           4  tasks.o(.data)
    huart1                                   0x2000009c   Data          72  usart.o(.bss)
    hdma_usart1_rx                           0x200000e4   Data          96  usart.o(.bss)
    hdma_usart1_tx                           0x20000144   Data          96  usart.o(.bss)
    htim1                                    0x200001a4   Data          72  stm32f4xx_hal_timebase_tim.o(.bss)
    xQueueRegistry                           0x200001ec   Data          64  queue.o(.bss)
    __libspace_start                         0x20004bc0   Data          96  libspace.o(.bss)
    __temporary_stack_top$libspace           0x20004c20   Data           0  libspace.o(.bss)



==============================================================================

Memory Map of the image

  Image Entry point : 0x08000199

  Load Region LR_IROM1 (Base: 0x08000000, Size: 0x0000592c, Max: 0x00080000, ABSOLUTE)

    Execution Region ER_IROM1 (Exec base: 0x08000000, Load base: 0x08000000, Size: 0x00005890, Max: 0x00080000, ABSOLUTE)

    Exec Addr    Load Addr    Size         Type   Attr      Idx    E Section Name        Object

    0x08000000   0x08000000   0x00000198   Data   RO            3    RESET               startup_stm32f411xe.o
    0x08000198   0x08000198   0x00000008   Code   RO         4941  * !!!main             c_w.l(__main.o)
    0x080001a0   0x080001a0   0x00000034   Code   RO         5280    !!!scatter          c_w.l(__scatter.o)
    0x080001d4   0x080001d4   0x0000001a   Code   RO         5282    !!handler_copy      c_w.l(__scatter_copy.o)
    0x080001ee   0x080001ee   0x00000002   PAD
    0x080001f0   0x080001f0   0x0000001c   Code   RO         5284    !!handler_zi        c_w.l(__scatter_zi.o)
    0x0800020c   0x0800020c   0x00000000   Code   RO         5031    .ARM.Collect$$_printf_percent$$00000000  c_w.l(_printf_percent.o)
    0x0800020c   0x0800020c   0x00000006   Code   RO         5020    .ARM.Collect$$_printf_percent$$00000001  c_w.l(_printf_n.o)
    0x08000212   0x08000212   0x00000006   Code   RO         5022    .ARM.Collect$$_printf_percent$$00000002  c_w.l(_printf_p.o)
    0x08000218   0x08000218   0x00000006   Code   RO         5027    .ARM.Collect$$_printf_percent$$00000003  c_w.l(_printf_f.o)
    0x0800021e   0x0800021e   0x00000006   Code   RO         5028    .ARM.Collect$$_printf_percent$$00000004  c_w.l(_printf_e.o)
    0x08000224   0x08000224   0x00000006   Code   RO         5029    .ARM.Collect$$_printf_percent$$00000005  c_w.l(_printf_g.o)
    0x0800022a   0x0800022a   0x00000006   Code   RO         5030    .ARM.Collect$$_printf_percent$$00000006  c_w.l(_printf_a.o)
    0x08000230   0x08000230   0x0000000a   Code   RO         5035    .ARM.Collect$$_printf_percent$$00000007  c_w.l(_printf_ll.o)
    0x0800023a   0x0800023a   0x00000006   Code   RO         5024    .ARM.Collect$$_printf_percent$$00000008  c_w.l(_printf_i.o)
    0x08000240   0x08000240   0x00000006   Code   RO         5025    .ARM.Collect$$_printf_percent$$00000009  c_w.l(_printf_d.o)
    0x08000246   0x08000246   0x00000006   Code   RO         5026    .ARM.Collect$$_printf_percent$$0000000A  c_w.l(_printf_u.o)
    0x0800024c   0x0800024c   0x00000006   Code   RO         5023    .ARM.Collect$$_printf_percent$$0000000B  c_w.l(_printf_o.o)
    0x08000252   0x08000252   0x00000006   Code   RO         5021    .ARM.Collect$$_printf_percent$$0000000C  c_w.l(_printf_x.o)
    0x08000258   0x08000258   0x00000006   Code   RO         5032    .ARM.Collect$$_printf_percent$$0000000D  c_w.l(_printf_lli.o)
    0x0800025e   0x0800025e   0x00000006   Code   RO         5033    .ARM.Collect$$_printf_percent$$0000000E  c_w.l(_printf_lld.o)
    0x08000264   0x08000264   0x00000006   Code   RO         5034    .ARM.Collect$$_printf_percent$$0000000F  c_w.l(_printf_llu.o)
    0x0800026a   0x0800026a   0x00000006   Code   RO         5039    .ARM.Collect$$_printf_percent$$00000010  c_w.l(_printf_llo.o)
    0x08000270   0x08000270   0x00000006   Code   RO         5040    .ARM.Collect$$_printf_percent$$00000011  c_w.l(_printf_llx.o)
    0x08000276   0x08000276   0x0000000a   Code   RO         5036    .ARM.Collect$$_printf_percent$$00000012  c_w.l(_printf_l.o)
    0x08000280   0x08000280   0x00000006   Code   RO         5018    .ARM.Collect$$_printf_percent$$00000013  c_w.l(_printf_c.o)
    0x08000286   0x08000286   0x00000006   Code   RO         5019    .ARM.Collect$$_printf_percent$$00000014  c_w.l(_printf_s.o)
    0x0800028c   0x0800028c   0x00000006   Code   RO         5037    .ARM.Collect$$_printf_percent$$00000015  c_w.l(_printf_lc.o)
    0x08000292   0x08000292   0x00000006   Code   RO         5038    .ARM.Collect$$_printf_percent$$00000016  c_w.l(_printf_ls.o)
    0x08000298   0x08000298   0x00000004   Code   RO         5085    .ARM.Collect$$_printf_percent$$00000017  c_w.l(_printf_percent_end.o)
    0x0800029c   0x0800029c   0x00000002   Code   RO         5138    .ARM.Collect$$libinit$$00000000  c_w.l(libinit.o)
    0x0800029e   0x0800029e   0x00000004   Code   RO         5160    .ARM.Collect$$libinit$$00000001  c_w.l(libinit2.o)
    0x080002a2   0x080002a2   0x00000000   Code   RO         5163    .ARM.Collect$$libinit$$00000004  c_w.l(libinit2.o)
    0x080002a2   0x080002a2   0x00000000   Code   RO         5166    .ARM.Collect$$libinit$$0000000A  c_w.l(libinit2.o)
    0x080002a2   0x080002a2   0x00000000   Code   RO         5168    .ARM.Collect$$libinit$$0000000C  c_w.l(libinit2.o)
    0x080002a2   0x080002a2   0x00000000   Code   RO         5170    .ARM.Collect$$libinit$$0000000E  c_w.l(libinit2.o)
    0x080002a2   0x080002a2   0x00000006   Code   RO         5171    .ARM.Collect$$libinit$$0000000F  c_w.l(libinit2.o)
    0x080002a8   0x080002a8   0x00000000   Code   RO         5173    .ARM.Collect$$libinit$$00000011  c_w.l(libinit2.o)
    0x080002a8   0x080002a8   0x0000000c   Code   RO         5174    .ARM.Collect$$libinit$$00000012  c_w.l(libinit2.o)
    0x080002b4   0x080002b4   0x00000000   Code   RO         5175    .ARM.Collect$$libinit$$00000013  c_w.l(libinit2.o)
    0x080002b4   0x080002b4   0x00000000   Code   RO         5177    .ARM.Collect$$libinit$$00000015  c_w.l(libinit2.o)
    0x080002b4   0x080002b4   0x0000000a   Code   RO         5178    .ARM.Collect$$libinit$$00000016  c_w.l(libinit2.o)
    0x080002be   0x080002be   0x00000000   Code   RO         5179    .ARM.Collect$$libinit$$00000017  c_w.l(libinit2.o)
    0x080002be   0x080002be   0x00000000   Code   RO         5181    .ARM.Collect$$libinit$$00000019  c_w.l(libinit2.o)
    0x080002be   0x080002be   0x00000000   Code   RO         5183    .ARM.Collect$$libinit$$0000001B  c_w.l(libinit2.o)
    0x080002be   0x080002be   0x00000000   Code   RO         5185    .ARM.Collect$$libinit$$0000001D  c_w.l(libinit2.o)
    0x080002be   0x080002be   0x00000000   Code   RO         5187    .ARM.Collect$$libinit$$0000001F  c_w.l(libinit2.o)
    0x080002be   0x080002be   0x00000000   Code   RO         5189    .ARM.Collect$$libinit$$00000021  c_w.l(libinit2.o)
    0x080002be   0x080002be   0x00000000   Code   RO         5191    .ARM.Collect$$libinit$$00000023  c_w.l(libinit2.o)
    0x080002be   0x080002be   0x00000000   Code   RO         5193    .ARM.Collect$$libinit$$00000025  c_w.l(libinit2.o)
    0x080002be   0x080002be   0x00000000   Code   RO         5197    .ARM.Collect$$libinit$$0000002C  c_w.l(libinit2.o)
    0x080002be   0x080002be   0x00000000   Code   RO         5199    .ARM.Collect$$libinit$$0000002E  c_w.l(libinit2.o)
    0x080002be   0x080002be   0x00000000   Code   RO         5201    .ARM.Collect$$libinit$$00000030  c_w.l(libinit2.o)
    0x080002be   0x080002be   0x00000000   Code   RO         5203    .ARM.Collect$$libinit$$00000032  c_w.l(libinit2.o)
    0x080002be   0x080002be   0x00000002   Code   RO         5204    .ARM.Collect$$libinit$$00000033  c_w.l(libinit2.o)
    0x080002c0   0x080002c0   0x00000002   Code   RO         5235    .ARM.Collect$$libshutdown$$00000000  c_w.l(libshutdown.o)
    0x080002c2   0x080002c2   0x00000000   Code   RO         5261    .ARM.Collect$$libshutdown$$00000002  c_w.l(libshutdown2.o)
    0x080002c2   0x080002c2   0x00000000   Code   RO         5263    .ARM.Collect$$libshutdown$$00000004  c_w.l(libshutdown2.o)
    0x080002c2   0x080002c2   0x00000000   Code   RO         5265    .ARM.Collect$$libshutdown$$00000006  c_w.l(libshutdown2.o)
    0x080002c2   0x080002c2   0x00000000   Code   RO         5268    .ARM.Collect$$libshutdown$$00000009  c_w.l(libshutdown2.o)
    0x080002c2   0x080002c2   0x00000000   Code   RO         5271    .ARM.Collect$$libshutdown$$0000000C  c_w.l(libshutdown2.o)
    0x080002c2   0x080002c2   0x00000000   Code   RO         5273    .ARM.Collect$$libshutdown$$0000000E  c_w.l(libshutdown2.o)
    0x080002c2   0x080002c2   0x00000000   Code   RO         5276    .ARM.Collect$$libshutdown$$00000011  c_w.l(libshutdown2.o)
    0x080002c2   0x080002c2   0x00000002   Code   RO         5277    .ARM.Collect$$libshutdown$$00000012  c_w.l(libshutdown2.o)
    0x080002c4   0x080002c4   0x00000000   Code   RO         4943    .ARM.Collect$$rtentry$$00000000  c_w.l(__rtentry.o)
    0x080002c4   0x080002c4   0x00000000   Code   RO         5054    .ARM.Collect$$rtentry$$00000002  c_w.l(__rtentry2.o)
    0x080002c4   0x080002c4   0x00000006   Code   RO         5066    .ARM.Collect$$rtentry$$00000004  c_w.l(__rtentry4.o)
    0x080002ca   0x080002ca   0x00000000   Code   RO         5056    .ARM.Collect$$rtentry$$00000009  c_w.l(__rtentry2.o)
    0x080002ca   0x080002ca   0x00000004   Code   RO         5057    .ARM.Collect$$rtentry$$0000000A  c_w.l(__rtentry2.o)
    0x080002ce   0x080002ce   0x00000000   Code   RO         5059    .ARM.Collect$$rtentry$$0000000C  c_w.l(__rtentry2.o)
    0x080002ce   0x080002ce   0x00000008   Code   RO         5060    .ARM.Collect$$rtentry$$0000000D  c_w.l(__rtentry2.o)
    0x080002d6   0x080002d6   0x00000002   Code   RO         5147    .ARM.Collect$$rtexit$$00000000  c_w.l(rtexit.o)
    0x080002d8   0x080002d8   0x00000000   Code   RO         5208    .ARM.Collect$$rtexit$$00000002  c_w.l(rtexit2.o)
    0x080002d8   0x080002d8   0x00000004   Code   RO         5209    .ARM.Collect$$rtexit$$00000003  c_w.l(rtexit2.o)
    0x080002dc   0x080002dc   0x00000006   Code   RO         5210    .ARM.Collect$$rtexit$$00000004  c_w.l(rtexit2.o)
    0x080002e2   0x080002e2   0x00000002   PAD
    0x080002e4   0x080002e4   0x000000be   Code   RO         4759    .emb_text           port.o
    0x080003a2   0x080003a2   0x00000002   PAD
    0x080003a4   0x080003a4   0x00000040   Code   RO            4    .text               startup_stm32f411xe.o
    0x080003e4   0x080003e4   0x000000ee   Code   RO         4925    .text               c_w.l(lludivv7m.o)
    0x080004d2   0x080004d2   0x00000002   PAD
    0x080004d4   0x080004d4   0x00000034   Code   RO         4927    .text               c_w.l(vsnprintf.o)
    0x08000508   0x08000508   0x0000003e   Code   RO         4929    .text               c_w.l(strlen.o)
    0x08000546   0x08000546   0x0000008a   Code   RO         4931    .text               c_w.l(rt_memcpy_v6.o)
    0x080005d0   0x080005d0   0x00000010   Code   RO         4935    .text               c_w.l(aeabi_memset.o)
    0x080005e0   0x080005e0   0x0000004e   Code   RO         4937    .text               c_w.l(rt_memclr_w.o)
    0x0800062e   0x0800062e   0x00000006   Code   RO         4939    .text               c_w.l(heapauxi.o)
    0x08000634   0x08000634   0x0000004e   Code   RO         4950    .text               c_w.l(_printf_pad.o)
    0x08000682   0x08000682   0x00000024   Code   RO         4952    .text               c_w.l(_printf_truncate.o)
    0x080006a6   0x080006a6   0x00000052   Code   RO         4954    .text               c_w.l(_printf_str.o)
    0x080006f8   0x080006f8   0x00000078   Code   RO         4956    .text               c_w.l(_printf_dec.o)
    0x08000770   0x08000770   0x00000028   Code   RO         4958    .text               c_w.l(_printf_charcount.o)
    0x08000798   0x08000798   0x00000030   Code   RO         4960    .text               c_w.l(_printf_char_common.o)
    0x080007c8   0x080007c8   0x0000000a   Code   RO         4962    .text               c_w.l(_sputc.o)
    0x080007d2   0x080007d2   0x00000010   Code   RO         4964    .text               c_w.l(_snputc.o)
    0x080007e2   0x080007e2   0x00000002   PAD
    0x080007e4   0x080007e4   0x000000bc   Code   RO         4966    .text               c_w.l(_printf_wctomb.o)
    0x080008a0   0x080008a0   0x0000007c   Code   RO         4969    .text               c_w.l(_printf_longlong_dec.o)
    0x0800091c   0x0800091c   0x00000070   Code   RO         4975    .text               c_w.l(_printf_oct_int_ll.o)
    0x0800098c   0x0800098c   0x00000094   Code   RO         4995    .text               c_w.l(_printf_hex_int_ll_ptr.o)
    0x08000a20   0x08000a20   0x00000188   Code   RO         5015    .text               c_w.l(__printf_flags_ss_wp.o)
    0x08000ba8   0x08000ba8   0x00000064   Code   RO         5041    .text               c_w.l(rt_memcpy_w.o)
    0x08000c0c   0x08000c0c   0x00000044   Code   RO         5043    .text               c_w.l(rt_memclr.o)
    0x08000c50   0x08000c50   0x0000008a   Code   RO         5070    .text               c_w.l(lludiv10.o)
    0x08000cda   0x08000cda   0x000000b2   Code   RO         5072    .text               c_w.l(_printf_intcommon.o)
    0x08000d8c   0x08000d8c   0x0000041e   Code   RO         5074    .text               c_w.l(_printf_fp_dec.o)
    0x080011aa   0x080011aa   0x00000002   PAD
    0x080011ac   0x080011ac   0x000002fc   Code   RO         5076    .text               c_w.l(_printf_fp_hex.o)
    0x080014a8   0x080014a8   0x0000002c   Code   RO         5081    .text               c_w.l(_printf_char.o)
    0x080014d4   0x080014d4   0x0000002c   Code   RO         5083    .text               c_w.l(_printf_wchar.o)
    0x08001500   0x08001500   0x00000040   Code   RO         5086    .text               c_w.l(_wcrtomb.o)
    0x08001540   0x08001540   0x0000004a   Code   RO         5088    .text               c_w.l(sys_stackheap_outer.o)
    0x0800158a   0x0800158a   0x00000002   PAD
    0x0800158c   0x0800158c   0x00000010   Code   RO         5090    .text               c_w.l(rt_ctype_table.o)
    0x0800159c   0x0800159c   0x00000008   Code   RO         5095    .text               c_w.l(rt_locale_intlibspace.o)
    0x080015a4   0x080015a4   0x00000080   Code   RO         5097    .text               c_w.l(_printf_fp_infnan.o)
    0x08001624   0x08001624   0x000000e4   Code   RO         5099    .text               c_w.l(bigflt0.o)
    0x08001708   0x08001708   0x00000012   Code   RO         5127    .text               c_w.l(exit.o)
    0x0800171a   0x0800171a   0x00000002   PAD
    0x0800171c   0x0800171c   0x00000008   Code   RO         5144    .text               c_w.l(libspace.o)
    0x08001724   0x08001724   0x00000080   Code   RO         5158    .text               c_w.l(strcmpv7m.o)
    0x080017a4   0x080017a4   0x0000000c   Code   RO         5205    .text               c_w.l(sys_exit.o)
    0x080017b0   0x080017b0   0x00000002   Code   RO         5224    .text               c_w.l(use_no_semi.o)
    0x080017b2   0x080017b2   0x00000000   Code   RO         5226    .text               c_w.l(indicate_semi.o)
    0x080017b2   0x080017b2   0x0000003e   Code   RO         5102    CL$$btod_d2e        c_w.l(btod.o)
    0x080017f0   0x080017f0   0x00000046   Code   RO         5104    CL$$btod_d2e_denorm_low  c_w.l(btod.o)
    0x08001836   0x08001836   0x00000060   Code   RO         5103    CL$$btod_d2e_norm_op1  c_w.l(btod.o)
    0x08001896   0x08001896   0x00000338   Code   RO         5112    CL$$btod_div_common  c_w.l(btod.o)
    0x08001bce   0x08001bce   0x000000dc   Code   RO         5109    CL$$btod_e2e        c_w.l(btod.o)
    0x08001caa   0x08001caa   0x0000002a   Code   RO         5106    CL$$btod_ediv       c_w.l(btod.o)
    0x08001cd4   0x08001cd4   0x0000002a   Code   RO         5105    CL$$btod_emul       c_w.l(btod.o)
    0x08001cfe   0x08001cfe   0x00000244   Code   RO         5111    CL$$btod_mult_common  c_w.l(btod.o)
    0x08001f42   0x08001f42   0x00000002   PAD
    0x08001f44   0x08001f44   0x00000044   Code   RO         4839    i.BSP_USART1_IRQ_Handler  bsp_usart_1.o
    0x08001f88   0x08001f88   0x00000044   Code   RO         4840    i.BSP_USART1_Init   bsp_usart_1.o
    0x08001fcc   0x08001fcc   0x00000018   Code   RO         4841    i.BSP_USART1_Print  bsp_usart_1.o
    0x08001fe4   0x08001fe4   0x00000024   Code   RO         4842    i.BSP_USART1_Printf  bsp_usart_1.o
    0x08002008   0x08002008   0x00000010   Code   RO         4843    i.BSP_USART1_Receive  bsp_usart_1.o
    0x08002018   0x08002018   0x0000002c   Code   RO         4844    i.BSP_USART1_Send   bsp_usart_1.o
    0x08002044   0x08002044   0x00000014   Code   RO         4845    i.BSP_USART1_Write  bsp_usart_1.o
    0x08002058   0x08002058   0x00000002   Code   RO          337    i.BusFault_Handler  stm32f4xx_it.o
    0x0800205a   0x0800205a   0x00000002   PAD
    0x0800205c   0x0800205c   0x0000000c   Code   RO          338    i.DMA2_Stream2_IRQHandler  stm32f4xx_it.o
    0x08002068   0x08002068   0x0000000c   Code   RO          339    i.DMA2_Stream7_IRQHandler  stm32f4xx_it.o
    0x08002074   0x08002074   0x00000028   Code   RO         1968    i.DMA_CalcBaseAndBitshift  stm32f4xx_hal_dma.o
    0x0800209c   0x0800209c   0x00000054   Code   RO         1969    i.DMA_CheckFifoParam  stm32f4xx_hal_dma.o
    0x080020f0   0x080020f0   0x00000028   Code   RO         1970    i.DMA_SetConfig     stm32f4xx_hal_dma.o
    0x08002118   0x08002118   0x00000002   Code   RO          340    i.DebugMon_Handler  stm32f4xx_it.o
    0x0800211a   0x0800211a   0x00000004   Code   RO           13    i.Error_Handler     main.o
    0x0800211e   0x0800211e   0x00000092   Code   RO         1971    i.HAL_DMA_Abort     stm32f4xx_hal_dma.o
    0x080021b0   0x080021b0   0x00000024   Code   RO         1972    i.HAL_DMA_Abort_IT  stm32f4xx_hal_dma.o
    0x080021d4   0x080021d4   0x000001a0   Code   RO         1976    i.HAL_DMA_IRQHandler  stm32f4xx_hal_dma.o
    0x08002374   0x08002374   0x000000d4   Code   RO         1977    i.HAL_DMA_Init      stm32f4xx_hal_dma.o
    0x08002448   0x08002448   0x0000006e   Code   RO         1981    i.HAL_DMA_Start_IT  stm32f4xx_hal_dma.o
    0x080024b6   0x080024b6   0x00000002   PAD
    0x080024b8   0x080024b8   0x000001e0   Code   RO         1864    i.HAL_GPIO_Init     stm32f4xx_hal_gpio.o
    0x08002698   0x08002698   0x0000000c   Code   RO         2438    i.HAL_GetTick       stm32f4xx_hal.o
    0x080026a4   0x080026a4   0x00000010   Code   RO         2444    i.HAL_IncTick       stm32f4xx_hal.o
    0x080026b4   0x080026b4   0x00000034   Code   RO         2445    i.HAL_Init          stm32f4xx_hal.o
    0x080026e8   0x080026e8   0x0000008c   Code   RO          443    i.HAL_InitTick      stm32f4xx_hal_timebase_tim.o
    0x08002774   0x08002774   0x00000038   Code   RO          419    i.HAL_MspInit       stm32f4xx_hal_msp.o
    0x080027ac   0x080027ac   0x0000001a   Code   RO         2280    i.HAL_NVIC_EnableIRQ  stm32f4xx_hal_cortex.o
    0x080027c6   0x080027c6   0x00000002   PAD
    0x080027c8   0x080027c8   0x00000040   Code   RO         2286    i.HAL_NVIC_SetPriority  stm32f4xx_hal_cortex.o
    0x08002808   0x08002808   0x00000024   Code   RO         2287    i.HAL_NVIC_SetPriorityGrouping  stm32f4xx_hal_cortex.o
    0x0800282c   0x0800282c   0x00000134   Code   RO         1456    i.HAL_RCC_ClockConfig  stm32f4xx_hal_rcc.o
    0x08002960   0x08002960   0x00000040   Code   RO         1460    i.HAL_RCC_GetClockConfig  stm32f4xx_hal_rcc.o
    0x080029a0   0x080029a0   0x00000020   Code   RO         1463    i.HAL_RCC_GetPCLK1Freq  stm32f4xx_hal_rcc.o
    0x080029c0   0x080029c0   0x00000020   Code   RO         1464    i.HAL_RCC_GetPCLK2Freq  stm32f4xx_hal_rcc.o
    0x080029e0   0x080029e0   0x00000064   Code   RO         1465    i.HAL_RCC_GetSysClockFreq  stm32f4xx_hal_rcc.o
    0x08002a44   0x08002a44   0x0000036c   Code   RO         1468    i.HAL_RCC_OscConfig  stm32f4xx_hal_rcc.o
    0x08002db0   0x08002db0   0x00000002   Code   RO         1188    i.HAL_TIMEx_BreakCallback  stm32f4xx_hal_tim_ex.o
    0x08002db2   0x08002db2   0x00000002   Code   RO         1189    i.HAL_TIMEx_CommutCallback  stm32f4xx_hal_tim_ex.o
    0x08002db4   0x08002db4   0x0000005a   Code   RO          484    i.HAL_TIM_Base_Init  stm32f4xx_hal_tim.o
    0x08002e0e   0x08002e0e   0x00000002   Code   RO          486    i.HAL_TIM_Base_MspInit  stm32f4xx_hal_tim.o
    0x08002e10   0x08002e10   0x0000006c   Code   RO          489    i.HAL_TIM_Base_Start_IT  stm32f4xx_hal_tim.o
    0x08002e7c   0x08002e7c   0x00000002   Code   RO          518    i.HAL_TIM_IC_CaptureCallback  stm32f4xx_hal_tim.o
    0x08002e7e   0x08002e7e   0x00000130   Code   RO          532    i.HAL_TIM_IRQHandler  stm32f4xx_hal_tim.o
    0x08002fae   0x08002fae   0x00000002   Code   RO          535    i.HAL_TIM_OC_DelayElapsedCallback  stm32f4xx_hal_tim.o
    0x08002fb0   0x08002fb0   0x00000002   Code   RO          562    i.HAL_TIM_PWM_PulseFinishedCallback  stm32f4xx_hal_tim.o
    0x08002fb2   0x08002fb2   0x00000002   PAD
    0x08002fb4   0x08002fb4   0x00000014   Code   RO           14    i.HAL_TIM_PeriodElapsedCallback  main.o
    0x08002fc8   0x08002fc8   0x00000002   Code   RO          575    i.HAL_TIM_TriggerCallback  stm32f4xx_hal_tim.o
    0x08002fca   0x08002fca   0x00000002   Code   RO         2695    i.HAL_UARTEx_RxEventCallback  stm32f4xx_hal_uart.o
    0x08002fcc   0x08002fcc   0x00000002   Code   RO         2709    i.HAL_UART_ErrorCallback  stm32f4xx_hal_uart.o
    0x08002fce   0x08002fce   0x00000002   PAD
    0x08002fd0   0x08002fd0   0x00000280   Code   RO         2712    i.HAL_UART_IRQHandler  stm32f4xx_hal_uart.o
    0x08003250   0x08003250   0x00000064   Code   RO         2713    i.HAL_UART_Init     stm32f4xx_hal_uart.o
    0x080032b4   0x080032b4   0x000000e8   Code   RO          296    i.HAL_UART_MspInit  usart.o
    0x0800339c   0x0800339c   0x0000001c   Code   RO         2717    i.HAL_UART_Receive_DMA  stm32f4xx_hal_uart.o
    0x080033b8   0x080033b8   0x00000002   Code   RO         2719    i.HAL_UART_RxCpltCallback  stm32f4xx_hal_uart.o
    0x080033ba   0x080033ba   0x00000002   Code   RO         2720    i.HAL_UART_RxHalfCpltCallback  stm32f4xx_hal_uart.o
    0x080033bc   0x080033bc   0x000000a0   Code   RO         2721    i.HAL_UART_Transmit  stm32f4xx_hal_uart.o
    0x0800345c   0x0800345c   0x00000084   Code   RO         2722    i.HAL_UART_Transmit_DMA  stm32f4xx_hal_uart.o
    0x080034e0   0x080034e0   0x00000018   Code   RO         4846    i.HAL_UART_TxCpltCallback  bsp_usart_1.o
    0x080034f8   0x080034f8   0x00000002   Code   RO         2725    i.HAL_UART_TxHalfCpltCallback  stm32f4xx_hal_uart.o
    0x080034fa   0x080034fa   0x00000002   Code   RO          341    i.HardFault_Handler  stm32f4xx_it.o
    0x080034fc   0x080034fc   0x0000003c   Code   RO          271    i.MX_DMA_Init       dma.o
    0x08003538   0x08003538   0x00000020   Code   RO          219    i.MX_FREERTOS_Init  freertos.o
    0x08003558   0x08003558   0x0000002c   Code   RO          195    i.MX_GPIO_Init      gpio.o
    0x08003584   0x08003584   0x00000038   Code   RO          297    i.MX_USART1_UART_Init  usart.o
    0x080035bc   0x080035bc   0x00000002   Code   RO          342    i.MemManage_Handler  stm32f4xx_it.o
    0x080035be   0x080035be   0x00000002   Code   RO          343    i.NMI_Handler       stm32f4xx_it.o
    0x080035c0   0x080035c0   0x00000054   Code   RO          220    i.StartDefaultTask  freertos.o
    0x08003614   0x08003614   0x0000001a   Code   RO         4191    i.SysTick_Handler   cmsis_os2.o
    0x0800362e   0x0800362e   0x00000002   PAD
    0x08003630   0x08003630   0x00000090   Code   RO           15    i.SystemClock_Config  main.o
    0x080036c0   0x080036c0   0x00000010   Code   RO         3047    i.SystemInit        system_stm32f4xx.o
    0x080036d0   0x080036d0   0x0000000c   Code   RO          344    i.TIM1_UP_TIM10_IRQHandler  stm32f4xx_it.o
    0x080036dc   0x080036dc   0x000000a0   Code   RO          577    i.TIM_Base_SetConfig  stm32f4xx_hal_tim.o
    0x0800377c   0x0800377c   0x0000000e   Code   RO         2726    i.UART_DMAAbortOnError  stm32f4xx_hal_uart.o
    0x0800378a   0x0800378a   0x0000004a   Code   RO         2727    i.UART_DMAError     stm32f4xx_hal_uart.o
    0x080037d4   0x080037d4   0x00000086   Code   RO         2728    i.UART_DMAReceiveCplt  stm32f4xx_hal_uart.o
    0x0800385a   0x0800385a   0x0000001e   Code   RO         2730    i.UART_DMARxHalfCplt  stm32f4xx_hal_uart.o
    0x08003878   0x08003878   0x00000042   Code   RO         2732    i.UART_DMATransmitCplt  stm32f4xx_hal_uart.o
    0x080038ba   0x080038ba   0x0000000a   Code   RO         2734    i.UART_DMATxHalfCplt  stm32f4xx_hal_uart.o
    0x080038c4   0x080038c4   0x0000004e   Code   RO         2736    i.UART_EndRxTransfer  stm32f4xx_hal_uart.o
    0x08003912   0x08003912   0x0000001c   Code   RO         2737    i.UART_EndTxTransfer  stm32f4xx_hal_uart.o
    0x0800392e   0x0800392e   0x000000c2   Code   RO         2738    i.UART_Receive_IT   stm32f4xx_hal_uart.o
    0x080039f0   0x080039f0   0x0000010c   Code   RO         2739    i.UART_SetConfig    stm32f4xx_hal_uart.o
    0x08003afc   0x08003afc   0x000000a0   Code   RO         2740    i.UART_Start_Receive_DMA  stm32f4xx_hal_uart.o
    0x08003b9c   0x08003b9c   0x00000072   Code   RO         2742    i.UART_WaitOnFlagUntilTimeout  stm32f4xx_hal_uart.o
    0x08003c0e   0x08003c0e   0x00000004   Code   RO          345    i.USART1_IRQHandler  stm32f4xx_it.o
    0x08003c12   0x08003c12   0x00000002   Code   RO          346    i.UsageFault_Handler  stm32f4xx_it.o
    0x08003c14   0x08003c14   0x00000030   Code   RO         5142    i.__ARM_fpclassify  m_wm.l(fpclassify.o)
    0x08003c44   0x08003c44   0x00000020   Code   RO         2293    i.__NVIC_SetPriority  stm32f4xx_hal_cortex.o
    0x08003c64   0x08003c64   0x0000000e   Code   RO         5008    i._is_digit         c_w.l(__printf_wp.o)
    0x08003c72   0x08003c72   0x00000022   Code   RO           16    i.main              main.o
    0x08003c94   0x08003c94   0x0000001a   Code   RO         4193    i.osDelay           cmsis_os2.o
    0x08003cae   0x08003cae   0x00000002   PAD
    0x08003cb0   0x08003cb0   0x00000024   Code   RO         4207    i.osKernelInitialize  cmsis_os2.o
    0x08003cd4   0x08003cd4   0x00000038   Code   RO         4210    i.osKernelStart     cmsis_os2.o
    0x08003d0c   0x08003d0c   0x0000008a   Code   RO         4252    i.osThreadNew       cmsis_os2.o
    0x08003d96   0x08003d96   0x00000002   PAD
    0x08003d98   0x08003d98   0x0000005c   Code   RO         3655    i.prvAddCurrentTaskToDelayedList  tasks.o
    0x08003df4   0x08003df4   0x000000d0   Code   RO         3656    i.prvAddNewTaskToReadyList  tasks.o
    0x08003ec4   0x08003ec4   0x00000058   Code   RO         4020    i.prvCheckForValidListAndQueue  timers.o
    0x08003f1c   0x08003f1c   0x00000026   Code   RO         3252    i.prvCopyDataFromQueue  queue.o
    0x08003f42   0x08003f42   0x0000006c   Code   RO         3253    i.prvCopyDataToQueue  queue.o
    0x08003fae   0x08003fae   0x00000034   Code   RO         3657    i.prvDeleteTCB      tasks.o
    0x08003fe2   0x08003fe2   0x00000002   PAD
    0x08003fe4   0x08003fe4   0x0000004c   Code   RO         4704    i.prvHeapInit       heap_4.o
    0x08004030   0x08004030   0x00000060   Code   RO         3658    i.prvIdleTask       tasks.o
    0x08004090   0x08004090   0x00000022   Code   RO         3255    i.prvInitialiseNewQueue  queue.o
    0x080040b2   0x080040b2   0x00000002   PAD
    0x080040b4   0x080040b4   0x000000b0   Code   RO         3659    i.prvInitialiseNewTask  tasks.o
    0x08004164   0x08004164   0x0000004c   Code   RO         4705    i.prvInsertBlockIntoFreeList  heap_4.o
    0x080041b0   0x080041b0   0x00000038   Code   RO         4022    i.prvInsertTimerInActiveList  timers.o
    0x080041e8   0x080041e8   0x0000001c   Code   RO         3256    i.prvIsQueueEmpty   queue.o
    0x08004204   0x08004204   0x000000fc   Code   RO         4023    i.prvProcessReceivedCommands  timers.o
    0x08004300   0x08004300   0x000000c0   Code   RO         4024    i.prvProcessTimerOrBlockTask  timers.o
    0x080043c0   0x080043c0   0x00000020   Code   RO         3661    i.prvResetNextTaskUnblockTime  tasks.o
    0x080043e0   0x080043e0   0x00000028   Code   RO         4025    i.prvSampleTimeNow  timers.o
    0x08004408   0x08004408   0x0000006c   Code   RO         4026    i.prvSwitchTimerLists  timers.o
    0x08004474   0x08004474   0x00000028   Code   RO         4760    i.prvTaskExitError  port.o
    0x0800449c   0x0800449c   0x00000024   Code   RO         4027    i.prvTimerTask      timers.o
    0x080044c0   0x080044c0   0x0000006a   Code   RO         3257    i.prvUnlockQueue    queue.o
    0x0800452a   0x0800452a   0x00000002   PAD
    0x0800452c   0x0800452c   0x000000dc   Code   RO         4706    i.pvPortMalloc      heap_4.o
    0x08004608   0x08004608   0x0000002c   Code   RO         4761    i.pxPortInitialiseStack  port.o
    0x08004634   0x08004634   0x000000ec   Code   RO         4847    i.usart1_process_idle  bsp_usart_1.o
    0x08004720   0x08004720   0x00000026   Code   RO         3212    i.uxListRemove      list.o
    0x08004746   0x08004746   0x00000002   PAD
    0x08004748   0x08004748   0x00000014   Code   RO         4264    i.vApplicationGetIdleTaskMemory  cmsis_os2.o
    0x0800475c   0x0800475c   0x00000018   Code   RO         4265    i.vApplicationGetTimerTaskMemory  cmsis_os2.o
    0x08004774   0x08004774   0x00000016   Code   RO         3213    i.vListInitialise   list.o
    0x0800478a   0x0800478a   0x00000006   Code   RO         3214    i.vListInitialiseItem  list.o
    0x08004790   0x08004790   0x00000030   Code   RO         3215    i.vListInsert       list.o
    0x080047c0   0x080047c0   0x00000018   Code   RO         3216    i.vListInsertEnd    list.o
    0x080047d8   0x080047d8   0x00000040   Code   RO         4763    i.vPortEnterCritical  port.o
    0x08004818   0x08004818   0x00000028   Code   RO         4764    i.vPortExitCritical  port.o
    0x08004840   0x08004840   0x00000064   Code   RO         4707    i.vPortFree         heap_4.o
    0x080048a4   0x080048a4   0x00000024   Code   RO         4765    i.vPortSetupTimerInterrupt  port.o
    0x080048c8   0x080048c8   0x00000054   Code   RO         4766    i.vPortValidateInterruptPriority  port.o
    0x0800491c   0x0800491c   0x00000028   Code   RO         3263    i.vQueueAddToRegistry  queue.o
    0x08004944   0x08004944   0x00000044   Code   RO         3267    i.vQueueWaitForMessageRestricted  queue.o
    0x08004988   0x08004988   0x0000004c   Code   RO         3674    i.vTaskDelay        tasks.o
    0x080049d4   0x080049d4   0x00000010   Code   RO         3679    i.vTaskInternalSetTimeOutState  tasks.o
    0x080049e4   0x080049e4   0x0000000c   Code   RO         3680    i.vTaskMissedYield  tasks.o
    0x080049f0   0x080049f0   0x00000030   Code   RO         3682    i.vTaskPlaceOnEventList  tasks.o
    0x08004a20   0x08004a20   0x00000038   Code   RO         3683    i.vTaskPlaceOnEventListRestricted  tasks.o
    0x08004a58   0x08004a58   0x00000088   Code   RO         3691    i.vTaskStartScheduler  tasks.o
    0x08004ae0   0x08004ae0   0x00000010   Code   RO         3693    i.vTaskSuspendAll   tasks.o
    0x08004af0   0x08004af0   0x00000064   Code   RO         3694    i.vTaskSwitchContext  tasks.o
    0x08004b54   0x08004b54   0x000000f4   Code   RO         4767    i.xPortStartScheduler  port.o
    0x08004c48   0x08004c48   0x0000002c   Code   RO         4768    i.xPortSysTickHandler  port.o
    0x08004c74   0x08004c74   0x00000042   Code   RO         3272    i.xQueueGenericCreate  queue.o
    0x08004cb6   0x08004cb6   0x00000066   Code   RO         3273    i.xQueueGenericCreateStatic  queue.o
    0x08004d1c   0x08004d1c   0x00000088   Code   RO         3274    i.xQueueGenericReset  queue.o
    0x08004da4   0x08004da4   0x00000160   Code   RO         3275    i.xQueueGenericSend  queue.o
    0x08004f04   0x08004f04   0x000000be   Code   RO         3276    i.xQueueGenericSendFromISR  queue.o
    0x08004fc2   0x08004fc2   0x00000002   PAD
    0x08004fc4   0x08004fc4   0x00000138   Code   RO         3285    i.xQueueReceive     queue.o
    0x080050fc   0x080050fc   0x00000074   Code   RO         3696    i.xTaskCheckForTimeOut  tasks.o
    0x08005170   0x08005170   0x0000005a   Code   RO         3697    i.xTaskCreate       tasks.o
    0x080051ca   0x080051ca   0x00000056   Code   RO         3698    i.xTaskCreateStatic  tasks.o
    0x08005220   0x08005220   0x0000001c   Code   RO         3702    i.xTaskGetSchedulerState  tasks.o
    0x0800523c   0x0800523c   0x0000000c   Code   RO         3703    i.xTaskGetTickCount  tasks.o
    0x08005248   0x08005248   0x000000c8   Code   RO         3705    i.xTaskIncrementTick  tasks.o
    0x08005310   0x08005310   0x00000080   Code   RO         3708    i.xTaskPriorityDisinherit  tasks.o
    0x08005390   0x08005390   0x00000070   Code   RO         3710    i.xTaskRemoveFromEventList  tasks.o
    0x08005400   0x08005400   0x000000c4   Code   RO         3711    i.xTaskResumeAll    tasks.o
    0x080054c4   0x080054c4   0x00000060   Code   RO         4036    i.xTimerCreateTimerTask  timers.o
    0x08005524   0x08005524   0x00000068   Code   RO         4037    i.xTimerGenericCommand  timers.o
    0x0800558c   0x0800558c   0x0000002c   Code   RO         5125    locale$$code        c_w.l(lc_numeric_c.o)
    0x080055b8   0x080055b8   0x0000002c   Code   RO         5152    locale$$code        c_w.l(lc_ctype_c.o)
    0x080055e4   0x080055e4   0x0000000a   Code   RO         5220    x$fpl$fpinit        fz_wm.l(fpinit.o)
    0x080055ee   0x080055ee   0x00000004   Code   RO         5045    x$fpl$printf1       fz_wm.l(printf1.o)
    0x080055f2   0x080055f2   0x00000004   Code   RO         5047    x$fpl$printf2       fz_wm.l(printf2.o)
    0x080055f6   0x080055f6   0x00000000   Code   RO         5141    x$fpl$usenofp       fz_wm.l(usenofp.o)
    0x080055f6   0x080055f6   0x00000002   PAD
    0x080055f8   0x080055f8   0x00000024   Data   RO          221    .constdata          freertos.o
    0x0800561c   0x0800561c   0x00000008   Data   RO         1983    .constdata          stm32f4xx_hal_dma.o
    0x08005624   0x08005624   0x00000010   Data   RO         3048    .constdata          system_stm32f4xx.o
    0x08005634   0x08005634   0x00000008   Data   RO         3049    .constdata          system_stm32f4xx.o
    0x0800563c   0x0800563c   0x00000008   Data   RO         4967    .constdata          c_w.l(_printf_wctomb.o)
    0x08005644   0x08005644   0x00000028   Data   RO         4996    .constdata          c_w.l(_printf_hex_int_ll_ptr.o)
    0x0800566c   0x0800566c   0x00000011   Data   RO         5016    .constdata          c_w.l(__printf_flags_ss_wp.o)
    0x0800567d   0x0800567d   0x00000026   Data   RO         5077    .constdata          c_w.l(_printf_fp_hex.o)
    0x080056a3   0x080056a3   0x00000001   PAD
    0x080056a4   0x080056a4   0x00000094   Data   RO         5100    .constdata          c_w.l(bigflt0.o)
    0x08005738   0x08005738   0x0000000c   Data   RO          222    .conststring        freertos.o
    0x08005744   0x08005744   0x00000020   Data   RO         5278    Region$$Table       anon$$obj.o
    0x08005764   0x08005764   0x0000001c   Data   RO         5124    locale$$data        c_w.l(lc_numeric_c.o)
    0x08005780   0x08005780   0x00000110   Data   RO         5151    locale$$data        c_w.l(lc_ctype_c.o)


    Execution Region RW_IRAM1 (Exec base: 0x20000000, Load base: 0x08005890, Size: 0x00005220, Max: 0x00020000, ABSOLUTE)

    Exec Addr    Load Addr    Size         Type   Attr      Idx    E Section Name        Object

    0x20000000   0x08005890   0x00000004   Data   RW          223    .data               freertos.o
    0x20000004   0x08005894   0x0000000c   Data   RW         2452    .data               stm32f4xx_hal.o
    0x20000010   0x080058a0   0x00000004   Data   RW         3050    .data               system_stm32f4xx.o
    0x20000014   0x080058a4   0x0000003c   Data   RW         3714    .data               tasks.o
    0x20000050   0x080058e0   0x00000014   Data   RW         4045    .data               timers.o
    0x20000064   0x080058f4   0x00000004   Data   RW         4267    .data               cmsis_os2.o
    0x20000068   0x080058f8   0x00000020   Data   RW         4713    .data               heap_4.o
    0x20000088   0x08005918   0x0000000c   Data   RW         4769    .data               port.o
    0x20000094   0x08005924   0x00000008   Data   RW         4849    .data               bsp_usart_1.o
    0x2000009c        -       0x00000108   Zero   RW          298    .bss                usart.o
    0x200001a4        -       0x00000048   Zero   RW          446    .bss                stm32f4xx_hal_timebase_tim.o
    0x200001ec        -       0x00000040   Zero   RW         3289    .bss                queue.o
    0x2000022c        -       0x000004c4   Zero   RW         3713    .bss                tasks.o
    0x200006f0        -       0x00000118   Zero   RW         4044    .bss                timers.o
    0x20000808        -       0x000006b8   Zero   RW         4266    .bss                cmsis_os2.o
    0x20000ec0        -       0x00003c00   Zero   RW         4712    .bss                heap_4.o
    0x20004ac0        -       0x00000100   Zero   RW         4848    .bss                bsp_usart_1.o
    0x20004bc0        -       0x00000060   Zero   RW         5145    .bss                c_w.l(libspace.o)
    0x20004c20        -       0x00000200   Zero   RW            2    HEAP                startup_stm32f411xe.o
    0x20004e20        -       0x00000400   Zero   RW            1    STACK               startup_stm32f411xe.o


==============================================================================

Image component sizes


      Code (inc. data)   RO Data    RW Data    ZI Data      Debug   Object Name

       536         62          0          8        256       7104   bsp_usart_1.o
       326         22          0          4       1720      65319   cmsis_os2.o
        60          4          0          0          0        794   dma.o
         0          0          0          0          0      19524   event_groups.o
       116         48         48          4          0       4989   freertos.o
        44          6          0          0          0        811   gpio.o
       472         24          0         32      15360       4911   heap_4.o
       138          0          0          0          0       3594   list.o
       202         14          0          0          0     433308   main.o
       786         82          0         12          0      11577   port.o
      1580         20          0          0         64      18550   queue.o
        64         26        408          0       1536        848   startup_stm32f411xe.o
        80         14          0         12          0       7974   stm32f4xx_hal.o
       158         14          0          0          0      33074   stm32f4xx_hal_cortex.o
      1084         16          8          0          0       7402   stm32f4xx_hal_dma.o
       480         34          0          0          0       1524   stm32f4xx_hal_gpio.o
        56          4          0          0          0        878   stm32f4xx_hal_msp.o
      1412         86          0          0          0       5961   stm32f4xx_hal_rcc.o
       672         50          0          0          0       7532   stm32f4xx_hal_tim.o
         4          0          0          0          0       1653   stm32f4xx_hal_tim_ex.o
       140         20          0          0         72       1451   stm32f4xx_hal_timebase_tim.o
      2240         40          0          0          0      17606   stm32f4xx_hal_uart.o
        52         18          0          0          0       4756   stm32f4xx_it.o
         0          0          0          0          0        416   stream_buffer.o
        16          4         24          4          0       1147   system_stm32f4xx.o
      2084        168          0         60       1220      27072   tasks.o
       972         80          0         20        280      29767   timers.o
       288         28          0          0        264       1928   usart.o

    ----------------------------------------------------------------------
     14090        884        520        156      20772     721470   Object Totals
         0          0         32          0          0          0   (incl. Generated)
        28          0          0          0          0          0   (incl. Padding)

    ----------------------------------------------------------------------

      Code (inc. data)   RO Data    RW Data    ZI Data      Debug   Library Member Name

         8          0          0          0          0         68   __main.o
       392          4         17          0          0         92   __printf_flags_ss_wp.o
        14          0          0          0          0         68   __printf_wp.o
         0          0          0          0          0          0   __rtentry.o
        12          0          0          0          0          0   __rtentry2.o
         6          0          0          0          0          0   __rtentry4.o
        52          8          0          0          0          0   __scatter.o
        26          0          0          0          0          0   __scatter_copy.o
        28          0          0          0          0          0   __scatter_zi.o
         6          0          0          0          0          0   _printf_a.o
         6          0          0          0          0          0   _printf_c.o
        44          0          0          0          0        108   _printf_char.o
        48          6          0          0          0         96   _printf_char_common.o
        40          0          0          0          0         68   _printf_charcount.o
         6          0          0          0          0          0   _printf_d.o
       120         16          0          0          0         92   _printf_dec.o
         6          0          0          0          0          0   _printf_e.o
         6          0          0          0          0          0   _printf_f.o
      1054          0          0          0          0        216   _printf_fp_dec.o
       764          8         38          0          0        100   _printf_fp_hex.o
       128         16          0          0          0         84   _printf_fp_infnan.o
         6          0          0          0          0          0   _printf_g.o
       148          4         40          0          0        160   _printf_hex_int_ll_ptr.o
         6          0          0          0          0          0   _printf_i.o
       178          0          0          0          0         88   _printf_intcommon.o
        10          0          0          0          0          0   _printf_l.o
         6          0          0          0          0          0   _printf_lc.o
        10          0          0          0          0          0   _printf_ll.o
         6          0          0          0          0          0   _printf_lld.o
         6          0          0          0          0          0   _printf_lli.o
         6          0          0          0          0          0   _printf_llo.o
         6          0          0          0          0          0   _printf_llu.o
         6          0          0          0          0          0   _printf_llx.o
       124         16          0          0          0         92   _printf_longlong_dec.o
         6          0          0          0          0          0   _printf_ls.o
         6          0          0          0          0          0   _printf_n.o
         6          0          0          0          0          0   _printf_o.o
       112         10          0          0          0        124   _printf_oct_int_ll.o
         6          0          0          0          0          0   _printf_p.o
        78          0          0          0          0        108   _printf_pad.o
         0          0          0          0          0          0   _printf_percent.o
         4          0          0          0          0          0   _printf_percent_end.o
         6          0          0          0          0          0   _printf_s.o
        82          0          0          0          0         80   _printf_str.o
        36          0          0          0          0         84   _printf_truncate.o
         6          0          0          0          0          0   _printf_u.o
        44          0          0          0          0        108   _printf_wchar.o
       188          6          8          0          0         92   _printf_wctomb.o
         6          0          0          0          0          0   _printf_x.o
        16          0          0          0          0         68   _snputc.o
        10          0          0          0          0         68   _sputc.o
        64          0          0          0          0         92   _wcrtomb.o
        16          0          0          0          0         68   aeabi_memset.o
       228          4        148          0          0         96   bigflt0.o
      1936        128          0          0          0        672   btod.o
        18          0          0          0          0         80   exit.o
         6          0          0          0          0        152   heapauxi.o
         0          0          0          0          0          0   indicate_semi.o
        44         10        272          0          0         76   lc_ctype_c.o
        44         10         28          0          0         76   lc_numeric_c.o
         2          0          0          0          0          0   libinit.o
        34          0          0          0          0          0   libinit2.o
         2          0          0          0          0          0   libshutdown.o
         2          0          0          0          0          0   libshutdown2.o
         8          4          0          0         96         68   libspace.o
       138          0          0          0          0         80   lludiv10.o
       238          0          0          0          0        100   lludivv7m.o
        16          4          0          0          0         76   rt_ctype_table.o
         8          4          0          0          0         68   rt_locale_intlibspace.o
        68          0          0          0          0         68   rt_memclr.o
        78          0          0          0          0         80   rt_memclr_w.o
       138          0          0          0          0         68   rt_memcpy_v6.o
       100          0          0          0          0         80   rt_memcpy_w.o
         2          0          0          0          0          0   rtexit.o
        10          0          0          0          0          0   rtexit2.o
       128          0          0          0          0         68   strcmpv7m.o
        62          0          0          0          0         76   strlen.o
        12          4          0          0          0         68   sys_exit.o
        74          0          0          0          0         80   sys_stackheap_outer.o
         2          0          0          0          0         68   use_no_semi.o
        52          4          0          0          0         80   vsnprintf.o
        10          0          0          0          0        116   fpinit.o
         4          0          0          0          0        116   printf1.o
         4          0          0          0          0        116   printf2.o
         0          0          0          0          0          0   usenofp.o
        48          0          0          0          0        124   fpclassify.o

    ----------------------------------------------------------------------
      7510        266        552          0         96       4976   Library Totals
        18          0          1          0          0          0   (incl. Padding)

    ----------------------------------------------------------------------

      Code (inc. data)   RO Data    RW Data    ZI Data      Debug   Library Name

      7426        266        551          0         96       4504   c_w.l
        18          0          0          0          0        348   fz_wm.l
        48          0          0          0          0        124   m_wm.l

    ----------------------------------------------------------------------
      7510        266        552          0         96       4976   Library Totals

    ----------------------------------------------------------------------

==============================================================================


      Code (inc. data)   RO Data    RW Data    ZI Data      Debug   

     21600       1150       1072        156      20868     708750   Grand Totals
     21600       1150       1072        156      20868     708750   ELF Image Totals
     21600       1150       1072        156          0          0   ROM Totals

==============================================================================

    Total RO  Size (Code + RO Data)                22672 (  22.14kB)
    Total RW  Size (RW Data + ZI Data)             21024 (  20.53kB)
    Total ROM Size (Code + RO Data + RW Data)      22828 (  22.29kB)

==============================================================================

