<html>
<body>
<pre>
<h1>µVision Build Log</h1>
<h2>Tool Versions:</h2>
IDE-Version: ¦ÌVision V5.36.0.0
Copyright (C) 2021 ARM Ltd and ARM Germany GmbH. All rights reserved.
License Information: hyastar hyastar, hyastar, LIC=BUURY-IU1JL-12SLE-59LX7-V2YWF-BRLIU
 
Tool Versions:
Toolchain:       MDK-ARM Plus  Version: 5.36.0.0
Toolchain Path:  D:\Program Files\Keil_v5\ARM\ARMCC\Bin
C Compiler:      Armcc.exe V5.06 update 7 (build 960)
Assembler:       Armasm.exe V5.06 update 7 (build 960)
Linker/Locator:  ArmLink.exe V5.06 update 7 (build 960)
Library Manager: ArmAr.exe V5.06 update 7 (build 960)
Hex Converter:   FromElf.exe V5.06 update 7 (build 960)
CPU DLL:         SARMCM3.DLL V5.36.0.0
Dialog DLL:      DCM.DLL V1.17.3.0
Target DLL:      CMSIS_AGDI.dll V1.33.0.0
Dialog DLL:      TCM.DLL V1.53.0.0
 
<h2>Project:</h2>
G:\Cursor\kato-modbus\STM32F411\Projects\MDK-ARM\f411.uvprojx
Project File Date:  03/20/2026

<h2>Output:</h2>
*** Using Compiler 'V5.06 update 7 (build 960)', folder: 'D:\Program Files\Keil_v5\ARM\ARMCC\Bin'
Rebuild target 'f411'
assembling startup_stm32f411xe.s...
compiling stm32f4xx_it.c...
compiling bsp_led.c...
compiling stm32f4xx_hal_msp.c...
compiling stm32f4xx_hal.c...
compiling stm32f4xx_hal_cortex.c...
compiling user_config.c...
compiling system_stm32f4xx.c...
compiling stm32f4xx_hal_dma_ex.c...
compiling freertos_tasks.c...
compiling stm32f4xx_hal_dma.c...
compiling main.c...
compiling stm32f4xx_hal_gpio.c...
compiling stm32f4xx_hal_rcc_ex.c...
compiling bsp_usart1.c...
..\..\BSP\src\bsp_usart1.c(358): warning:  #223-D: function "vsnprintf" declared implicitly
      int len = vsnprintf(buf, sizeof(buf), fmt, args);
..\..\BSP\src\bsp_usart1.c: 1 warning, 0 errors
compiling stm32f4xx_hal_rcc.c...
compiling sys.c...
compiling stm32f4xx_hal_usart.c...
compiling bsp_timebase.c...
compiling stm32f4xx_hal_tim_ex.c...
compiling stm32f4xx_hal_uart.c...
compiling stm32f4xx_hal_tim.c...
compiling croutine.c...
compiling event_groups.c...
compiling list.c...
compiling heap_4.c...
compiling queue.c...
compiling stream_buffer.c...
compiling port.c...
compiling timers.c...
compiling tasks.c...
linking...
Program Size: Code=22252 RO-data=472 RW-data=168 ZI-data=33184  
FromELF: creating hex file...
".\build\Objects\Kato.axf" - 0 Error(s), 1 Warning(s).

<h2>Software Packages used:</h2>

Package Vendor: Keil
                https://www.keil.com/pack/Keil.STM32F4xx_DFP.3.1.1.pack
                Keil.STM32F4xx_DFP.3.1.1
                STMicroelectronics STM32F4 Series Device Support

<h2>Collection of Component include folders:</h2>

<h2>Collection of Component Files used:</h2>
Build Time Elapsed:  00:00:07
</pre>
</body>
</html>
