Component: ARM Compiler 5.06 update 7 (build 960) Tool: armlink [4d3601]

==============================================================================

Section Cross References

    startup_stm32f411xe.o(RESET) refers to startup_stm32f411xe.o(STACK) for __initial_sp
    startup_stm32f411xe.o(RESET) refers to startup_stm32f411xe.o(.text) for Reset_Handler
    startup_stm32f411xe.o(RESET) refers to stm32f4xx_it.o(i.NMI_Handler) for NMI_Handler
    startup_stm32f411xe.o(RESET) refers to stm32f4xx_it.o(i.HardFault_Handler) for HardFault_Handler
    startup_stm32f411xe.o(RESET) refers to stm32f4xx_it.o(i.MemManage_Handler) for MemManage_Handler
    startup_stm32f411xe.o(RESET) refers to stm32f4xx_it.o(i.BusFault_Handler) for BusFault_Handler
    startup_stm32f411xe.o(RESET) refers to stm32f4xx_it.o(i.UsageFault_Handler) for UsageFault_Handler
    startup_stm32f411xe.o(RESET) refers to port.o(.emb_text) for SVC_Handler
    startup_stm32f411xe.o(RESET) refers to stm32f4xx_it.o(i.DebugMon_Handler) for DebugMon_Handler
    startup_stm32f411xe.o(RESET) refers to stm32f4xx_it.o(i.SysTick_Handler) for SysTick_Handler
    startup_stm32f411xe.o(RESET) refers to bsp_usart1.o(i.USART1_IRQHandler) for USART1_IRQHandler
    startup_stm32f411xe.o(RESET) refers to bsp_timebase.o(i.TIM5_IRQHandler) for TIM5_IRQHandler
    startup_stm32f411xe.o(RESET) refers to bsp_usart1.o(i.DMA2_Stream2_IRQHandler) for DMA2_Stream2_IRQHandler
    startup_stm32f411xe.o(RESET) refers to bsp_usart1.o(i.DMA2_Stream7_IRQHandler) for DMA2_Stream7_IRQHandler
    startup_stm32f411xe.o(.text) refers to system_stm32f4xx.o(i.SystemInit) for SystemInit
    startup_stm32f411xe.o(.text) refers to entry.o(.ARM.Collect$$$$00000000) for __main
    main.o(i.main) refers to stm32f4xx_hal.o(i.HAL_Init) for HAL_Init
    main.o(i.main) refers to sys.o(i.SystemClock_Config) for SystemClock_Config
    main.o(i.main) refers to bsp_led.o(i.BSP_LED_Init) for BSP_LED_Init
    main.o(i.main) refers to bsp_usart1.o(i.BSP_USART1_Init) for BSP_USART1_Init
    main.o(i.main) refers to bsp_timebase.o(i.BSP_TimBase_RunStats_Init) for BSP_TimBase_RunStats_Init
    main.o(i.main) refers to freertos_tasks.o(i.freertos_start) for freertos_start
    system_stm32f4xx.o(i.SystemCoreClockUpdate) refers to system_stm32f4xx.o(.data) for SystemCoreClock
    system_stm32f4xx.o(i.SystemCoreClockUpdate) refers to system_stm32f4xx.o(.constdata) for AHBPrescTable
    freertos_tasks.o(i.echo_task) refers to bsp_usart1.o(i.USART1_Print) for USART1_Print
    freertos_tasks.o(i.echo_task) refers to tasks.o(i.ulTaskGenericNotifyTake) for ulTaskGenericNotifyTake
    freertos_tasks.o(i.echo_task) refers to bsp_usart1.o(i.USART1_Printf) for USART1_Printf
    freertos_tasks.o(i.echo_task) refers to bsp_usart1.o(i.usart1_write) for usart1_write
    freertos_tasks.o(i.echo_task) refers to bsp_usart1.o(i.USART1_ReadRingBuf) for USART1_ReadRingBuf
    freertos_tasks.o(i.freertos_start) refers to tasks.o(i.xTaskCreate) for xTaskCreate
    freertos_tasks.o(i.freertos_start) refers to tasks.o(i.vTaskStartScheduler) for vTaskStartScheduler
    freertos_tasks.o(i.freertos_start) refers to freertos_tasks.o(i.start_task) for start_task
    freertos_tasks.o(i.led_task) refers to bsp_usart1.o(i.USART1_Print) for USART1_Print
    freertos_tasks.o(i.led_task) refers to bsp_led.o(i.LED0_Toggle) for LED0_Toggle
    freertos_tasks.o(i.led_task) refers to tasks.o(i.vTaskDelay) for vTaskDelay
    freertos_tasks.o(i.start_task) refers to port.o(i.vPortEnterCritical) for vPortEnterCritical
    freertos_tasks.o(i.start_task) refers to tasks.o(i.xTaskCreate) for xTaskCreate
    freertos_tasks.o(i.start_task) refers to bsp_usart1.o(i.USART1_SetRxTaskHandle) for USART1_SetRxTaskHandle
    freertos_tasks.o(i.start_task) refers to port.o(i.vPortExitCritical) for vPortExitCritical
    freertos_tasks.o(i.start_task) refers to bsp_usart1.o(i.USART1_Print) for USART1_Print
    freertos_tasks.o(i.start_task) refers to tasks.o(i.vTaskDelete) for vTaskDelete
    freertos_tasks.o(i.start_task) refers to freertos_tasks.o(i.led_task) for led_task
    freertos_tasks.o(i.start_task) refers to freertos_tasks.o(.data) for echo_task_handle
    freertos_tasks.o(i.start_task) refers to freertos_tasks.o(i.echo_task) for echo_task
    bsp_led.o(i.BSP_LED_Init) refers to memseta.o(.text) for __aeabi_memclr4
    bsp_led.o(i.BSP_LED_Init) refers to stm32f4xx_hal_gpio.o(i.HAL_GPIO_Init) for HAL_GPIO_Init
    bsp_led.o(i.BSP_LED_Init) refers to stm32f4xx_hal_gpio.o(i.HAL_GPIO_WritePin) for HAL_GPIO_WritePin
    bsp_led.o(i.LED0_Off) refers to stm32f4xx_hal_gpio.o(i.HAL_GPIO_WritePin) for HAL_GPIO_WritePin
    bsp_led.o(i.LED0_On) refers to stm32f4xx_hal_gpio.o(i.HAL_GPIO_WritePin) for HAL_GPIO_WritePin
    bsp_led.o(i.LED0_Toggle) refers to stm32f4xx_hal_gpio.o(i.HAL_GPIO_TogglePin) for HAL_GPIO_TogglePin
    bsp_usart1.o(i.BSP_USART1_Init) refers to memseta.o(.text) for __aeabi_memclr4
[...]
    ..\\..\\System\\STM32F4xx_HAL_Driver\\Src\\stm32f4xx_hal_usart.c 0x00000000   Number         0  stm32f4xx_hal_usart.o ABSOLUTE
    cdrcmple.s                               0x00000000   Number         0  cdrcmple.o ABSOLUTE
    dc.s                                     0x00000000   Number         0  dc.o ABSOLUTE
    handlers.s                               0x00000000   Number         0  handlers.o ABSOLUTE
    init.s                                   0x00000000   Number         0  init.o ABSOLUTE
    RESET                                    0x08000000   Section      408  startup_stm32f411xe.o(RESET)
    .ARM.Collect$$$$00000000                 0x08000198   Section        0  entry.o(.ARM.Collect$$$$00000000)
    .ARM.Collect$$$$00000001                 0x08000198   Section        4  entry2.o(.ARM.Collect$$$$00000001)
    .ARM.Collect$$$$00000004                 0x0800019c   Section        4  entry5.o(.ARM.Collect$$$$00000004)
    .ARM.Collect$$$$00000008                 0x080001a0   Section        0  entry7b.o(.ARM.Collect$$$$00000008)
    .ARM.Collect$$$$0000000A                 0x080001a0   Section        0  entry8b.o(.ARM.Collect$$$$0000000A)
    .ARM.Collect$$$$0000000B                 0x080001a0   Section        8  entry9a.o(.ARM.Collect$$$$0000000B)
    .ARM.Collect$$$$0000000E                 0x080001a8   Section        4  entry12b.o(.ARM.Collect$$$$0000000E)
    .ARM.Collect$$$$0000000F                 0x080001ac   Section        0  entry10a.o(.ARM.Collect$$$$0000000F)
    .ARM.Collect$$$$00000011                 0x080001ac   Section        0  entry11a.o(.ARM.Collect$$$$00000011)
    .ARM.Collect$$$$00002712                 0x080001ac   Section        4  entry2.o(.ARM.Collect$$$$00002712)
    __lit__00000000                          0x080001ac   Data           4  entry2.o(.ARM.Collect$$$$00002712)
    .emb_text                                0x080001b0   Section      190  port.o(.emb_text)
    $v0                                      0x080001b0   Number         0  port.o(.emb_text)
    .text                                    0x08000270   Section       36  startup_stm32f411xe.o(.text)
    $v0                                      0x08000270   Number         0  startup_stm32f411xe.o(.text)
    .text                                    0x08000294   Section        0  uldiv.o(.text)
    .text                                    0x080002f6   Section        0  memcpya.o(.text)
    .text                                    0x0800031a   Section        0  memseta.o(.text)
    .text                                    0x0800033e   Section        0  strlen.o(.text)
    .text                                    0x0800034c   Section        0  uidiv.o(.text)
    .text                                    0x08000378   Section        0  llshl.o(.text)
    .text                                    0x08000396   Section        0  llushr.o(.text)
    .text                                    0x080003b6   Section        0  iusefp.o(.text)
    .text                                    0x080003b6   Section        0  dadd.o(.text)
    .text                                    0x08000504   Section        0  dmul.o(.text)
    .text                                    0x080005e8   Section        0  ddiv.o(.text)
    .text                                    0x080006c6   Section        0  dfixul.o(.text)
    .text                                    0x080006f8   Section       48  cdrcmple.o(.text)
    .text                                    0x08000728   Section       36  init.o(.text)
    .text                                    0x0800074c   Section        0  llsshr.o(.text)
    .text                                    0x08000770   Section        0  depilogue.o(.text)
    i.BSP_LED_Init                           0x0800082c   Section        0  bsp_led.o(i.BSP_LED_Init)
    i.BSP_TimBase_Init                       0x08000888   Section        0  bsp_timebase.o(i.BSP_TimBase_Init)
    i.BSP_TimBase_RunStats_Init              0x080008f4   Section        0  bsp_timebase.o(i.BSP_TimBase_RunStats_Init)
    i.BSP_USART1_Init                        0x08000954   Section        0  bsp_usart1.o(i.BSP_USART1_Init)
    i.BusFault_Handler                       0x08000b00   Section        0  stm32f4xx_it.o(i.BusFault_Handler)
    i.DMA2_Stream2_IRQHandler                0x08000b04   Section        0  bsp_usart1.o(i.DMA2_Stream2_IRQHandler)
    i.DMA2_Stream7_IRQHandler                0x08000b14   Section        0  bsp_usart1.o(i.DMA2_Stream7_IRQHandler)
    i.DMA_CalcBaseAndBitshift                0x08000b24   Section        0  stm32f4xx_hal_dma.o(i.DMA_CalcBaseAndBitshift)
    DMA_CalcBaseAndBitshift                  0x08000b25   Thumb Code    46  stm32f4xx_hal_dma.o(i.DMA_CalcBaseAndBitshift)
    i.DMA_CheckFifoParam                     0x08000b58   Section        0  stm32f4xx_hal_dma.o(i.DMA_CheckFifoParam)
    DMA_CheckFifoParam                       0x08000b59   Thumb Code   170  stm32f4xx_hal_dma.o(i.DMA_CheckFifoParam)
    i.DMA_SetConfig                          0x08000c02   Section        0  stm32f4xx_hal_dma.o(i.DMA_SetConfig)
    DMA_SetConfig                            0x08000c03   Thumb Code    44  stm32f4xx_hal_dma.o(i.DMA_SetConfig)
    i.DebugMon_Handler                       0x08000c2e   Section        0  stm32f4xx_it.o(i.DebugMon_Handler)
    i.Error_Handler                          0x08000c30   Section        0  sys.o(i.Error_Handler)
    i.HAL_DMA_Abort                          0x08000c36   Section        0  stm32f4xx_hal_dma.o(i.HAL_DMA_Abort)
    i.HAL_DMA_Abort_IT                       0x08000ce2   Section        0  stm32f4xx_hal_dma.o(i.HAL_DMA_Abort_IT)
    i.HAL_DMA_IRQHandler                     0x08000d0c   Section        0  stm32f4xx_hal_dma.o(i.HAL_DMA_IRQHandler)
    i.HAL_DMA_Init                           0x08000f4c   Section        0  stm32f4xx_hal_dma.o(i.HAL_DMA_Init)
    i.HAL_DMA_Start_IT                       0x08001038   Section        0  stm32f4xx_hal_dma.o(i.HAL_DMA_Start_IT)
    i.HAL_GPIO_Init                          0x080010cc   Section        0  stm32f4xx_hal_gpio.o(i.HAL_GPIO_Init)
    i.HAL_GPIO_TogglePin                     0x08001294   Section        0  stm32f4xx_hal_gpio.o(i.HAL_GPIO_TogglePin)
    i.HAL_GPIO_WritePin                      0x080012a8   Section        0  stm32f4xx_hal_gpio.o(i.HAL_GPIO_WritePin)
    i.HAL_GetTick                            0x080012b4   Section        0  stm32f4xx_hal.o(i.HAL_GetTick)
    i.HAL_IncTick                            0x080012c0   Section        0  stm32f4xx_hal.o(i.HAL_IncTick)
    i.HAL_Init                               0x080012d8   Section        0  stm32f4xx_hal.o(i.HAL_Init)
    i.HAL_InitTick                           0x08001314   Section        0  bsp_timebase.o(i.HAL_InitTick)
    i.HAL_MspInit                            0x08001320   Section        0  stm32f4xx_hal_msp.o(i.HAL_MspInit)
    i.HAL_NVIC_EnableIRQ                     0x08001368   Section        0  stm32f4xx_hal_cortex.o(i.HAL_NVIC_EnableIRQ)
    i.HAL_NVIC_SetPriority                   0x08001390   Section        0  stm32f4xx_hal_cortex.o(i.HAL_NVIC_SetPriority)
    i.HAL_NVIC_SetPriorityGrouping           0x0800140c   Section        0  stm32f4xx_hal_cortex.o(i.HAL_NVIC_SetPriorityGrouping)
    i.HAL_RCC_ClockConfig                    0x08001434   Section        0  stm32f4xx_hal_rcc.o(i.HAL_RCC_ClockConfig)
    i.HAL_RCC_GetHCLKFreq                    0x080015b8   Section        0  stm32f4xx_hal_rcc.o(i.HAL_RCC_GetHCLKFreq)
    i.HAL_RCC_GetPCLK1Freq                   0x080015c4   Section        0  stm32f4xx_hal_rcc.o(i.HAL_RCC_GetPCLK1Freq)
    i.HAL_RCC_GetPCLK2Freq                   0x080015e4   Section        0  stm32f4xx_hal_rcc.o(i.HAL_RCC_GetPCLK2Freq)
    i.HAL_RCC_GetSysClockFreq                0x08001604   Section        0  stm32f4xx_hal_rcc.o(i.HAL_RCC_GetSysClockFreq)
    i.HAL_RCC_OscConfig                      0x080016b4   Section        0  stm32f4xx_hal_rcc.o(i.HAL_RCC_OscConfig)
    i.HAL_TIMEx_BreakCallback                0x08001b50   Section        0  stm32f4xx_hal_tim_ex.o(i.HAL_TIMEx_BreakCallback)
    i.HAL_TIMEx_CommutCallback               0x08001b52   Section        0  stm32f4xx_hal_tim_ex.o(i.HAL_TIMEx_CommutCallback)
    i.HAL_TIM_Base_Init                      0x08001b54   Section        0  stm32f4xx_hal_tim.o(i.HAL_TIM_Base_Init)
    i.HAL_TIM_Base_MspInit                   0x08001bba   Section        0  stm32f4xx_hal_tim.o(i.HAL_TIM_Base_MspInit)
    i.HAL_TIM_Base_Start                     0x08001bbc   Section        0  stm32f4xx_hal_tim.o(i.HAL_TIM_Base_Start)
    i.HAL_TIM_Base_Start_IT                  0x08001c40   Section        0  stm32f4xx_hal_tim.o(i.HAL_TIM_Base_Start_IT)
    i.HAL_TIM_IC_CaptureCallback             0x08001cd0   Section        0  stm32f4xx_hal_tim.o(i.HAL_TIM_IC_CaptureCallback)
    i.HAL_TIM_IRQHandler                     0x08001cd2   Section        0  stm32f4xx_hal_tim.o(i.HAL_TIM_IRQHandler)
    i.HAL_TIM_OC_DelayElapsedCallback        0x08001e3e   Section        0  stm32f4xx_hal_tim.o(i.HAL_TIM_OC_DelayElapsedCallback)
    i.HAL_TIM_PWM_PulseFinishedCallback      0x08001e40   Section        0  stm32f4xx_hal_tim.o(i.HAL_TIM_PWM_PulseFinishedCallback)
    i.HAL_TIM_PeriodElapsedCallback          0x08001e44   Section        0  bsp_timebase.o(i.HAL_TIM_PeriodElapsedCallback)
    i.HAL_TIM_TriggerCallback                0x08001e5c   Section        0  stm32f4xx_hal_tim.o(i.HAL_TIM_TriggerCallback)
    i.HAL_UARTEx_RxEventCallback             0x08001e5e   Section        0  stm32f4xx_hal_uart.o(i.HAL_UARTEx_RxEventCallback)
    i.HAL_UART_ErrorCallback                 0x08001e60   Section        0  stm32f4xx_hal_uart.o(i.HAL_UART_ErrorCallback)
    i.HAL_UART_IRQHandler                    0x08001e64   Section        0  stm32f4xx_hal_uart.o(i.HAL_UART_IRQHandler)
    i.HAL_UART_Init                          0x0800214c   Section        0  stm32f4xx_hal_uart.o(i.HAL_UART_Init)
    i.HAL_UART_MspInit                       0x080021c2   Section        0  stm32f4xx_hal_uart.o(i.HAL_UART_MspInit)
    i.HAL_UART_Receive_DMA                   0x080021c4   Section        0  stm32f4xx_hal_uart.o(i.HAL_UART_Receive_DMA)
    i.HAL_UART_RxCpltCallback                0x080021f0   Section        0  stm32f4xx_hal_uart.o(i.HAL_UART_RxCpltCallback)
    i.HAL_UART_RxHalfCpltCallback            0x080021f2   Section        0  stm32f4xx_hal_uart.o(i.HAL_UART_RxHalfCpltCallback)
    i.HAL_UART_Transmit                      0x080021f4   Section        0  stm32f4xx_hal_uart.o(i.HAL_UART_Transmit)
    i.HAL_UART_TxCpltCallback                0x080022b2   Section        0  stm32f4xx_hal_uart.o(i.HAL_UART_TxCpltCallback)
    i.HardFault_Handler                      0x080022b4   Section        0  stm32f4xx_it.o(i.HardFault_Handler)
    i.LED0_Toggle                            0x080022b8   Section        0  bsp_led.o(i.LED0_Toggle)
    i.MemManage_Handler                      0x080022cc   Section        0  stm32f4xx_it.o(i.MemManage_Handler)
    i.NMI_Handler                            0x080022d0   Section        0  stm32f4xx_it.o(i.NMI_Handler)
    i.SysTick_Handler                        0x080022d4   Section        0  stm32f4xx_it.o(i.SysTick_Handler)
    i.SystemClock_Config                     0x080022d8   Section        0  sys.o(i.SystemClock_Config)
    i.SystemInit                             0x08002388   Section        0  system_stm32f4xx.o(i.SystemInit)
    i.TIM5_IRQHandler                        0x0800239c   Section        0  bsp_timebase.o(i.TIM5_IRQHandler)
    i.TIM5_NVIC_Config                       0x080023ac   Section        0  bsp_timebase.o(i.TIM5_NVIC_Config)
    TIM5_NVIC_Config                         0x080023ad   Thumb Code    20  bsp_timebase.o(i.TIM5_NVIC_Config)
    i.TIM_Base_SetConfig                     0x080023c0   Section        0  stm32f4xx_hal_tim.o(i.TIM_Base_SetConfig)
    i.UART_DMAAbortOnError                   0x08002474   Section        0  stm32f4xx_hal_uart.o(i.UART_DMAAbortOnError)
    UART_DMAAbortOnError                     0x08002475   Thumb Code    20  stm32f4xx_hal_uart.o(i.UART_DMAAbortOnError)
    i.UART_DMAError                          0x08002488   Section        0  stm32f4xx_hal_uart.o(i.UART_DMAError)
    UART_DMAError                            0x08002489   Thumb Code    80  stm32f4xx_hal_uart.o(i.UART_DMAError)
    i.UART_DMAReceiveCplt                    0x080024d8   Section        0  stm32f4xx_hal_uart.o(i.UART_DMAReceiveCplt)
    UART_DMAReceiveCplt                      0x080024d9   Thumb Code   180  stm32f4xx_hal_uart.o(i.UART_DMAReceiveCplt)
    i.UART_DMARxHalfCplt                     0x0800258c   Section        0  stm32f4xx_hal_uart.o(i.UART_DMARxHalfCplt)
    UART_DMARxHalfCplt                       0x0800258d   Thumb Code    36  stm32f4xx_hal_uart.o(i.UART_DMARxHalfCplt)
    i.UART_EndRxTransfer                     0x080025b0   Section        0  stm32f4xx_hal_uart.o(i.UART_EndRxTransfer)
    UART_EndRxTransfer                       0x080025b1   Thumb Code   108  stm32f4xx_hal_uart.o(i.UART_EndRxTransfer)
    i.UART_EndTransmit_IT                    0x0800261c   Section        0  stm32f4xx_hal_uart.o(i.UART_EndTransmit_IT)
    UART_EndTransmit_IT                      0x0800261d   Thumb Code    32  stm32f4xx_hal_uart.o(i.UART_EndTransmit_IT)
    i.UART_EndTxTransfer                     0x0800263c   Section        0  stm32f4xx_hal_uart.o(i.UART_EndTxTransfer)
    UART_EndTxTransfer                       0x0800263d   Thumb Code    38  stm32f4xx_hal_uart.o(i.UART_EndTxTransfer)
    i.UART_Receive_IT                        0x08002662   Section        0  stm32f4xx_hal_uart.o(i.UART_Receive_IT)
    UART_Receive_IT                          0x08002663   Thumb Code   252  stm32f4xx_hal_uart.o(i.UART_Receive_IT)
    i.UART_SetConfig                         0x08002760   Section        0  stm32f4xx_hal_uart.o(i.UART_SetConfig)
    UART_SetConfig                           0x08002761   Thumb Code   546  stm32f4xx_hal_uart.o(i.UART_SetConfig)
    i.UART_Start_Receive_DMA                 0x0800298c   Section        0  stm32f4xx_hal_uart.o(i.UART_Start_Receive_DMA)
    i.UART_Transmit_IT                       0x08002a54   Section        0  stm32f4xx_hal_uart.o(i.UART_Transmit_IT)
    UART_Transmit_IT                         0x08002a55   Thumb Code    96  stm32f4xx_hal_uart.o(i.UART_Transmit_IT)
    i.UART_WaitOnFlagUntilTimeout            0x08002ab4   Section        0  stm32f4xx_hal_uart.o(i.UART_WaitOnFlagUntilTimeout)
    UART_WaitOnFlagUntilTimeout              0x08002ab5   Thumb Code   140  stm32f4xx_hal_uart.o(i.UART_WaitOnFlagUntilTimeout)
    i.USART1_IRQHandler                      0x08002b40   Section        0  bsp_usart1.o(i.USART1_IRQHandler)
    i.USART1_Print                           0x08002c18   Section        0  bsp_usart1.o(i.USART1_Print)
    i.USART1_Printf                          0x08002c34   Section        0  bsp_usart1.o(i.USART1_Printf)
    i.USART1_ReadRingBuf                     0x08002c64   Section        0  bsp_usart1.o(i.USART1_ReadRingBuf)
    i.USART1_SetRxTaskHandle                 0x08002d38   Section        0  bsp_usart1.o(i.USART1_SetRxTaskHandle)
    i.UsageFault_Handler                     0x08002d44   Section        0  stm32f4xx_it.o(i.UsageFault_Handler)
    i.__0vsnprintf                           0x08002d48   Section        0  printfa.o(i.__0vsnprintf)
    i.__NVIC_GetPriorityGrouping             0x08002d7c   Section        0  stm32f4xx_hal_cortex.o(i.__NVIC_GetPriorityGrouping)
    __NVIC_GetPriorityGrouping               0x08002d7d   Thumb Code    10  stm32f4xx_hal_cortex.o(i.__NVIC_GetPriorityGrouping)
    i.__NVIC_SetPriority                     0x08002d8c   Section        0  stm32f4xx_hal_cortex.o(i.__NVIC_SetPriority)
    __NVIC_SetPriority                       0x08002d8d   Thumb Code    32  stm32f4xx_hal_cortex.o(i.__NVIC_SetPriority)
    i.__scatterload_copy                     0x08002db4   Section       14  handlers.o(i.__scatterload_copy)
    i.__scatterload_null                     0x08002dc2   Section        2  handlers.o(i.__scatterload_null)
    i.__scatterload_zeroinit                 0x08002dc4   Section       14  handlers.o(i.__scatterload_zeroinit)
    i._fp_digits                             0x08002dd4   Section        0  printfa.o(i._fp_digits)
    _fp_digits                               0x08002dd5   Thumb Code   366  printfa.o(i._fp_digits)
    i._printf_core                           0x08002f58   Section        0  printfa.o(i._printf_core)
    _printf_core                             0x08002f59   Thumb Code  1704  printfa.o(i._printf_core)
    i._printf_post_padding                   0x0800360c   Section        0  printfa.o(i._printf_post_padding)
    _printf_post_padding                     0x0800360d   Thumb Code    36  printfa.o(i._printf_post_padding)
    i._printf_pre_padding                    0x08003630   Section        0  printfa.o(i._printf_pre_padding)
    _printf_pre_padding                      0x08003631   Thumb Code    46  printfa.o(i._printf_pre_padding)
    i._snputc                                0x0800365e   Section        0  printfa.o(i._snputc)
    _snputc                                  0x0800365f   Thumb Code    22  printfa.o(i._snputc)
    i.copy_to_ringbuf                        0x08003674   Section        0  bsp_usart1.o(i.copy_to_ringbuf)
    copy_to_ringbuf                          0x08003675   Thumb Code   126  bsp_usart1.o(i.copy_to_ringbuf)
    i.echo_task                              0x08003700   Section        0  freertos_tasks.o(i.echo_task)
    echo_task                                0x08003701   Thumb Code    60  freertos_tasks.o(i.echo_task)
    i.freertos_start                         0x08003798   Section        0  freertos_tasks.o(i.freertos_start)
    i.led_task                               0x080037c8   Section        0  freertos_tasks.o(i.led_task)
    i.main                                   0x08003814   Section        0  main.o(i.main)
    i.prvAddCurrentTaskToDelayedList         0x08003830   Section        0  tasks.o(i.prvAddCurrentTaskToDelayedList)
    prvAddCurrentTaskToDelayedList           0x08003831   Thumb Code   164  tasks.o(i.prvAddCurrentTaskToDelayedList)
    i.prvAddNewTaskToReadyList               0x080038f0   Section        0  tasks.o(i.prvAddNewTaskToReadyList)
    prvAddNewTaskToReadyList                 0x080038f1   Thumb Code   206  tasks.o(i.prvAddNewTaskToReadyList)
    i.prvCheckForValidListAndQueue           0x080039dc   Section        0  timers.o(i.prvCheckForValidListAndQueue)
    prvCheckForValidListAndQueue             0x080039dd   Thumb Code    56  timers.o(i.prvCheckForValidListAndQueue)
    i.prvCheckTasksWaitingTermination        0x08003a28   Section        0  tasks.o(i.prvCheckTasksWaitingTermination)
    prvCheckTasksWaitingTermination          0x08003a29   Thumb Code    60  tasks.o(i.prvCheckTasksWaitingTermination)
    i.prvCopyDataFromQueue                   0x08003a70   Section        0  queue.o(i.prvCopyDataFromQueue)
    prvCopyDataFromQueue                     0x08003a71   Thumb Code    42  queue.o(i.prvCopyDataFromQueue)
    i.prvCopyDataToQueue                     0x08003a9a   Section        0  queue.o(i.prvCopyDataToQueue)
    prvCopyDataToQueue                       0x08003a9b   Thumb Code   126  queue.o(i.prvCopyDataToQueue)
    i.prvDeleteTCB                           0x08003b18   Section        0  tasks.o(i.prvDeleteTCB)
    prvDeleteTCB                             0x08003b19   Thumb Code    18  tasks.o(i.prvDeleteTCB)
    i.prvGetNextExpireTime                   0x08003b2c   Section        0  timers.o(i.prvGetNextExpireTime)
    prvGetNextExpireTime                     0x08003b2d   Thumb Code    36  timers.o(i.prvGetNextExpireTime)
    i.prvHeapInit                            0x08003b54   Section        0  heap_4.o(i.prvHeapInit)
    prvHeapInit                              0x08003b55   Thumb Code    98  heap_4.o(i.prvHeapInit)
    i.prvIdleTask                            0x08003bd0   Section        0  tasks.o(i.prvIdleTask)
    prvIdleTask                              0x08003bd1   Thumb Code    32  tasks.o(i.prvIdleTask)
    i.prvInitialiseNewQueue                  0x08003bf8   Section        0  queue.o(i.prvInitialiseNewQueue)
    prvInitialiseNewQueue                    0x08003bf9   Thumb Code    46  queue.o(i.prvInitialiseNewQueue)
    i.prvInitialiseNewTask                   0x08003c26   Section        0  tasks.o(i.prvInitialiseNewTask)
    prvInitialiseNewTask                     0x08003c27   Thumb Code   230  tasks.o(i.prvInitialiseNewTask)
    i.prvInitialiseTaskLists                 0x08003d0c   Section        0  tasks.o(i.prvInitialiseTaskLists)
    prvInitialiseTaskLists                   0x08003d0d   Thumb Code    70  tasks.o(i.prvInitialiseTaskLists)
    i.prvInsertBlockIntoFreeList             0x08003d74   Section        0  heap_4.o(i.prvInsertBlockIntoFreeList)
    prvInsertBlockIntoFreeList               0x08003d75   Thumb Code    96  heap_4.o(i.prvInsertBlockIntoFreeList)
    i.prvInsertTimerInActiveList             0x08003ddc   Section        0  timers.o(i.prvInsertTimerInActiveList)
    prvInsertTimerInActiveList               0x08003ddd   Thumb Code    80  timers.o(i.prvInsertTimerInActiveList)
    i.prvIsQueueEmpty                        0x08003e34   Section        0  queue.o(i.prvIsQueueEmpty)
    prvIsQueueEmpty                          0x08003e35   Thumb Code    26  queue.o(i.prvIsQueueEmpty)
    i.prvNotifyQueueSetContainer             0x08003e4e   Section        0  queue.o(i.prvNotifyQueueSetContainer)
    prvNotifyQueueSetContainer               0x08003e4f   Thumb Code   172  queue.o(i.prvNotifyQueueSetContainer)
    i.prvProcessExpiredTimer                 0x08003efc   Section        0  timers.o(i.prvProcessExpiredTimer)
    prvProcessExpiredTimer                   0x08003efd   Thumb Code    62  timers.o(i.prvProcessExpiredTimer)
    i.prvProcessReceivedCommands             0x08003f40   Section        0  timers.o(i.prvProcessReceivedCommands)
    prvProcessReceivedCommands               0x08003f41   Thumb Code   280  timers.o(i.prvProcessReceivedCommands)
    i.prvProcessTimerOrBlockTask             0x0800405c   Section        0  timers.o(i.prvProcessTimerOrBlockTask)
    prvProcessTimerOrBlockTask               0x0800405d   Thumb Code   102  timers.o(i.prvProcessTimerOrBlockTask)
    i.prvReloadTimer                         0x080040d0   Section        0  timers.o(i.prvReloadTimer)
    prvReloadTimer                           0x080040d1   Thumb Code    40  timers.o(i.prvReloadTimer)
    i.prvResetNextTaskUnblockTime            0x080040f8   Section        0  tasks.o(i.prvResetNextTaskUnblockTime)
    prvResetNextTaskUnblockTime              0x080040f9   Thumb Code    40  tasks.o(i.prvResetNextTaskUnblockTime)
    i.prvSampleTimeNow                       0x08004128   Section        0  timers.o(i.prvSampleTimeNow)
    prvSampleTimeNow                         0x08004129   Thumb Code    40  timers.o(i.prvSampleTimeNow)
    i.prvSwitchTimerLists                    0x08004154   Section        0  timers.o(i.prvSwitchTimerLists)
    prvSwitchTimerLists                      0x08004155   Thumb Code    58  timers.o(i.prvSwitchTimerLists)
    i.prvTaskExitError                       0x08004198   Section        0  port.o(i.prvTaskExitError)
    prvTaskExitError                         0x08004199   Thumb Code    60  port.o(i.prvTaskExitError)
    i.prvTimerTask                           0x080041d8   Section        0  timers.o(i.prvTimerTask)
    prvTimerTask                             0x080041d9   Thumb Code    26  timers.o(i.prvTimerTask)
    i.prvUnlockQueue                         0x080041f2   Section        0  queue.o(i.prvUnlockQueue)
    prvUnlockQueue                           0x080041f3   Thumb Code   144  queue.o(i.prvUnlockQueue)
    i.pvPortMalloc                           0x08004284   Section        0  heap_4.o(i.pvPortMalloc)
    i.pxPortInitialiseStack                  0x080043f0   Section        0  port.o(i.pxPortInitialiseStack)
    i.start_task                             0x0800441c   Section        0  freertos_tasks.o(i.start_task)
    start_task                               0x0800441d   Thumb Code    78  freertos_tasks.o(i.start_task)
    i.ulTaskGenericNotifyTake                0x080044b4   Section        0  tasks.o(i.ulTaskGenericNotifyTake)
    i.usart1_write                           0x0800455c   Section        0  bsp_usart1.o(i.usart1_write)
    i.uxListRemove                           0x08004574   Section        0  list.o(i.uxListRemove)
    i.vApplicationStackOverflowHook          0x0800459c   Section        0  freertos_tasks.o(i.vApplicationStackOverflowHook)
    i.vListInitialise                        0x080045b4   Section        0  list.o(i.vListInitialise)
    i.vListInitialiseItem                    0x080045ce   Section        0  list.o(i.vListInitialiseItem)
    i.vListInsert                            0x080045d4   Section        0  list.o(i.vListInsert)
    i.vListInsertEnd                         0x08004608   Section        0  list.o(i.vListInsertEnd)
    i.vPortEnterCritical                     0x08004620   Section        0  port.o(i.vPortEnterCritical)
    i.vPortExitCritical                      0x08004674   Section        0  port.o(i.vPortExitCritical)
    i.vPortFree                              0x080046b0   Section        0  heap_4.o(i.vPortFree)
    i.vPortSetupTimerInterrupt               0x08004754   Section        0  port.o(i.vPortSetupTimerInterrupt)
    i.vPortValidateInterruptPriority         0x0800477c   Section        0  port.o(i.vPortValidateInterruptPriority)
    i.vQueueWaitForMessageRestricted         0x080047f4   Section        0  queue.o(i.vQueueWaitForMessageRestricted)
    i.vTaskDelay                             0x08004840   Section        0  tasks.o(i.vTaskDelay)
    i.vTaskDelete                            0x0800489c   Section        0  tasks.o(i.vTaskDelete)
    i.vTaskGenericNotifyGiveFromISR          0x08004998   Section        0  tasks.o(i.vTaskGenericNotifyGiveFromISR)
    i.vTaskInternalSetTimeOutState           0x08004b24   Section        0  tasks.o(i.vTaskInternalSetTimeOutState)
    i.vTaskMissedYield                       0x08004b3c   Section        0  tasks.o(i.vTaskMissedYield)
    i.vTaskPlaceOnEventList                  0x08004b48   Section        0  tasks.o(i.vTaskPlaceOnEventList)
    i.vTaskPlaceOnEventListRestricted        0x08004b80   Section        0  tasks.o(i.vTaskPlaceOnEventListRestricted)
    i.vTaskStartScheduler                    0x08004be4   Section        0  tasks.o(i.vTaskStartScheduler)
    i.vTaskSuspendAll                        0x08004c84   Section        0  tasks.o(i.vTaskSuspendAll)
    i.vTaskSwitchContext                     0x08004c94   Section        0  tasks.o(i.vTaskSwitchContext)
    i.xPortStartScheduler                    0x08004d94   Section        0  port.o(i.xPortStartScheduler)
    i.xQueueGenericCreate                    0x08004f20   Section        0  queue.o(i.xQueueGenericCreate)
    i.xQueueGenericReset                     0x08004f88   Section        0  queue.o(i.xQueueGenericReset)
    i.xQueueReceive                          0x08005064   Section        0  queue.o(i.xQueueReceive)
    i.xTaskCheckForTimeOut                   0x080051cc   Section        0  tasks.o(i.xTaskCheckForTimeOut)
    i.xTaskCreate                            0x0800525c   Section        0  tasks.o(i.xTaskCreate)
    i.xTaskGetSchedulerState                 0x080052bc   Section        0  tasks.o(i.xTaskGetSchedulerState)
    i.xTaskGetTickCount                      0x080052dc   Section        0  tasks.o(i.xTaskGetTickCount)
    i.xTaskIncrementTick                     0x080052e8   Section        0  tasks.o(i.xTaskIncrementTick)
    i.xTaskPriorityDisinherit                0x080054a4   Section        0  tasks.o(i.xTaskPriorityDisinherit)
    i.xTaskRemoveFromEventList               0x08005594   Section        0  tasks.o(i.xTaskRemoveFromEventList)
    i.xTaskResumeAll                         0x080056b4   Section        0  tasks.o(i.xTaskResumeAll)
    i.xTimerCreateTimerTask                  0x0800582c   Section        0  timers.o(i.xTimerCreateTimerTask)
    .constdata                               0x08005884   Section       24  system_stm32f4xx.o(.constdata)
    .constdata                               0x0800589c   Section        8  stm32f4xx_hal_dma.o(.constdata)
    flagBitshiftOffset                       0x0800589c   Data           8  stm32f4xx_hal_dma.o(.constdata)
    .data                                    0x20000000   Section        4  system_stm32f4xx.o(.data)
    .data                                    0x20000004   Section        4  freertos_tasks.o(.data)
    echo_task_handle                         0x20000004   Data           4  freertos_tasks.o(.data)
    .data                                    0x20000008   Section       12  bsp_usart1.o(.data)
    ring_buf_head                            0x20000008   Data           2  bsp_usart1.o(.data)
    ring_buf_tail                            0x2000000a   Data           2  bsp_usart1.o(.data)
    dma_last_pos                             0x2000000c   Data           2  bsp_usart1.o(.data)
    usart1_rx_task_handle                    0x20000010   Data           4  bsp_usart1.o(.data)
    .data                                    0x20000014   Section        9  stm32f4xx_hal.o(.data)
    .data                                    0x20000020   Section       72  tasks.o(.data)
    pxDelayedTaskList                        0x20000024   Data           4  tasks.o(.data)
    pxOverflowDelayedTaskList                0x20000028   Data           4  tasks.o(.data)
    uxDeletedTasksWaitingCleanUp             0x2000002c   Data           4  tasks.o(.data)
    uxCurrentNumberOfTasks                   0x20000030   Data           4  tasks.o(.data)
    xTickCount                               0x20000034   Data           4  tasks.o(.data)
    uxTopReadyPriority                       0x20000038   Data           4  tasks.o(.data)
    xSchedulerRunning                        0x2000003c   Data           4  tasks.o(.data)
    xPendedTicks                             0x20000040   Data           4  tasks.o(.data)
    xYieldPending                            0x20000044   Data           4  tasks.o(.data)
    xNumOfOverflows                          0x20000048   Data           4  tasks.o(.data)
    uxTaskNumber                             0x2000004c   Data           4  tasks.o(.data)
    xNextTaskUnblockTime                     0x20000050   Data           4  tasks.o(.data)
    xIdleTaskHandle                          0x20000054   Data           4  tasks.o(.data)
    uxSchedulerSuspended                     0x2000005c   Data           4  tasks.o(.data)
    ulTaskSwitchedInTime                     0x20000060   Data           4  tasks.o(.data)
    ulTotalRunTime                           0x20000064   Data           4  tasks.o(.data)
    .data                                    0x20000068   Section       20  timers.o(.data)
    pxCurrentTimerList                       0x20000068   Data           4  timers.o(.data)
    pxOverflowTimerList                      0x2000006c   Data           4  timers.o(.data)
    xTimerQueue                              0x20000070   Data           4  timers.o(.data)
    xTimerTaskHandle                         0x20000074   Data           4  timers.o(.data)
    xLastTime                                0x20000078   Data           4  timers.o(.data)
    .data                                    0x2000007c   Section       32  heap_4.o(.data)
    xStart                                   0x2000007c   Data           8  heap_4.o(.data)
    pxEnd                                    0x20000084   Data           4  heap_4.o(.data)
    xFreeBytesRemaining                      0x20000088   Data           4  heap_4.o(.data)
    xMinimumEverFreeBytesRemaining           0x2000008c   Data           4  heap_4.o(.data)
    xNumberOfSuccessfulAllocations           0x20000090   Data           4  heap_4.o(.data)
    xNumberOfSuccessfulFrees                 0x20000094   Data           4  heap_4.o(.data)
    xBlockAllocatedBit                       0x20000098   Data           4  heap_4.o(.data)
    .data                                    0x2000009c   Section       12  port.o(.data)
    uxCriticalNesting                        0x2000009c   Data           4  port.o(.data)
    ucMaxSysCallPriority                     0x200000a0   Data           1  port.o(.data)
    ulMaxPRIGROUPValue                       0x200000a4   Data           4  port.o(.data)
    .bss                                     0x200000a8   Section     1032  bsp_usart1.o(.bss)
    huart1                                   0x200000a8   Data          72  bsp_usart1.o(.bss)
    hdma_usart1_tx                           0x200000f0   Data          96  bsp_usart1.o(.bss)
    hdma_usart1_rx                           0x20000150   Data          96  bsp_usart1.o(.bss)
    dma_raw_buf                              0x200001b0   Data         256  bsp_usart1.o(.bss)
    ring_buf                                 0x200002b0   Data         512  bsp_usart1.o(.bss)
    .bss                                     0x200004b0   Section      144  bsp_timebase.o(.bss)
    htim5                                    0x200004b0   Data          72  bsp_timebase.o(.bss)
    htim2                                    0x200004f8   Data          72  bsp_timebase.o(.bss)
    .bss                                     0x20000540   Section      220  tasks.o(.bss)
    pxReadyTasksLists                        0x20000540   Data         120  tasks.o(.bss)
    xDelayedTaskList1                        0x200005b8   Data          20  tasks.o(.bss)
    xDelayedTaskList2                        0x200005cc   Data          20  tasks.o(.bss)
    xPendingReadyList                        0x200005e0   Data          20  tasks.o(.bss)
    xTasksWaitingTermination                 0x200005f4   Data          20  tasks.o(.bss)
    xSuspendedTaskList                       0x20000608   Data          20  tasks.o(.bss)
    .bss                                     0x2000061c   Section       40  timers.o(.bss)
    xActiveTimerList1                        0x2000061c   Data          20  timers.o(.bss)
    xActiveTimerList2                        0x20000630   Data          20  timers.o(.bss)
    .bss                                     0x20000644   Section    30720  heap_4.o(.bss)
    ucHeap                                   0x20000644   Data       30720  heap_4.o(.bss)
    STACK                                    0x20007e48   Section     1024  startup_stm32f411xe.o(STACK)

    Global Symbols

    Symbol Name                              Value     Ov Type        Size  Object(Section)

    BuildAttributes$$THM_ISAv4$E$P$D$K$B$S$7EM$VFPi3$EXTD16$VFPS$VFMA$PE$A:L22UL41UL21$X:L11$S22US41US21$IEEE1$IW$USESV6$~STKCKD$USESV7$~SHL$OSPACE$ROPI$EBA8$MICROLIB$REQ8$PRES8$EABIv2 0x00000000   Number         0  anon$$obj.o ABSOLUTE
    __ARM_use_no_argv                        0x00000000   Number         0  main.o ABSOLUTE
    _printf_a                                0x00000000   Number         0  stubs.o ABSOLUTE
    _printf_c                                0x00000000   Number         0  stubs.o ABSOLUTE
    _printf_charcount                        0x00000000   Number         0  stubs.o ABSOLUTE
    _printf_d                                0x00000000   Number         0  stubs.o ABSOLUTE
    _printf_e                                0x00000000   Number         0  stubs.o ABSOLUTE
    _printf_f                                0x00000000   Number         0  stubs.o ABSOLUTE
    _printf_flags                            0x00000000   Number         0  stubs.o ABSOLUTE
    _printf_fp_dec                           0x00000000   Number         0  stubs.o ABSOLUTE
    _printf_fp_hex                           0x00000000   Number         0  stubs.o ABSOLUTE
    _printf_g                                0x00000000   Number         0  stubs.o ABSOLUTE
    _printf_i                                0x00000000   Number         0  stubs.o ABSOLUTE
    _printf_int_dec                          0x00000000   Number         0  stubs.o ABSOLUTE
    _printf_l                                0x00000000   Number         0  stubs.o ABSOLUTE
    _printf_lc                               0x00000000   Number         0  stubs.o ABSOLUTE
    _printf_ll                               0x00000000   Number         0  stubs.o ABSOLUTE
    _printf_lld                              0x00000000   Number         0  stubs.o ABSOLUTE
    _printf_lli                              0x00000000   Number         0  stubs.o ABSOLUTE
    _printf_llo                              0x00000000   Number         0  stubs.o ABSOLUTE
    _printf_llu                              0x00000000   Number         0  stubs.o ABSOLUTE
    _printf_llx                              0x00000000   Number         0  stubs.o ABSOLUTE
    _printf_longlong_dec                     0x00000000   Number         0  stubs.o ABSOLUTE
    _printf_longlong_hex                     0x00000000   Number         0  stubs.o ABSOLUTE
    _printf_longlong_oct                     0x00000000   Number         0  stubs.o ABSOLUTE
    _printf_ls                               0x00000000   Number         0  stubs.o ABSOLUTE
    _printf_mbtowc                           0x00000000   Number         0  stubs.o ABSOLUTE
    _printf_n                                0x00000000   Number         0  stubs.o ABSOLUTE
    _printf_o                                0x00000000   Number         0  stubs.o ABSOLUTE
    _printf_p                                0x00000000   Number         0  stubs.o ABSOLUTE
    _printf_percent                          0x00000000   Number         0  stubs.o ABSOLUTE
    _printf_pre_padding                      0x00000000   Number         0  stubs.o ABSOLUTE
    _printf_return_value                     0x00000000   Number         0  stubs.o ABSOLUTE
    _printf_s                                0x00000000   Number         0  stubs.o ABSOLUTE
    _printf_sizespec                         0x00000000   Number         0  stubs.o ABSOLUTE
    _printf_str                              0x00000000   Number         0  stubs.o ABSOLUTE
    _printf_truncate_signed                  0x00000000   Number         0  stubs.o ABSOLUTE
    _printf_truncate_unsigned                0x00000000   Number         0  stubs.o ABSOLUTE
    _printf_u                                0x00000000   Number         0  stubs.o ABSOLUTE
    _printf_wc                               0x00000000   Number         0  stubs.o ABSOLUTE
    _printf_wctomb                           0x00000000   Number         0  stubs.o ABSOLUTE
    _printf_widthprec                        0x00000000   Number         0  stubs.o ABSOLUTE
    _printf_x                                0x00000000   Number         0  stubs.o ABSOLUTE
    __arm_fini_                               - Undefined Weak Reference
    __cpp_initialize__aeabi_                  - Undefined Weak Reference
    __cxa_finalize                            - Undefined Weak Reference
    __decompress                              - Undefined Weak Reference
    _clock_init                               - Undefined Weak Reference
    _microlib_exit                            - Undefined Weak Reference
    __Vectors_Size                           0x00000198   Number         0  startup_stm32f411xe.o ABSOLUTE
    __Vectors                                0x08000000   Data           4  startup_stm32f411xe.o(RESET)
    __Vectors_End                            0x08000198   Data           0  startup_stm32f411xe.o(RESET)
    __main                                   0x08000199   Thumb Code     0  entry.o(.ARM.Collect$$$$00000000)
    _main_stk                                0x08000199   Thumb Code     0  entry2.o(.ARM.Collect$$$$00000001)
    _main_scatterload                        0x0800019d   Thumb Code     0  entry5.o(.ARM.Collect$$$$00000004)
    __main_after_scatterload                 0x080001a1   Thumb Code     0  entry5.o(.ARM.Collect$$$$00000004)
    _main_clock                              0x080001a1   Thumb Code     0  entry7b.o(.ARM.Collect$$$$00000008)
    _main_cpp_init                           0x080001a1   Thumb Code     0  entry8b.o(.ARM.Collect$$$$0000000A)
    _main_init                               0x080001a1   Thumb Code     0  entry9a.o(.ARM.Collect$$$$0000000B)
    __rt_lib_shutdown_fini                   0x080001a9   Thumb Code     0  entry12b.o(.ARM.Collect$$$$0000000E)
    __rt_final_cpp                           0x080001ad   Thumb Code     0  entry10a.o(.ARM.Collect$$$$0000000F)
    __rt_final_exit                          0x080001ad   Thumb Code     0  entry11a.o(.ARM.Collect$$$$00000011)
    SVC_Handler                              0x080001b1   Thumb Code    28  port.o(.emb_text)
    __asm___6_port_c_39a90d8d__prvStartFirstTask 0x080001d1   Thumb Code    36  port.o(.emb_text)
    __asm___6_port_c_39a90d8d__prvEnableVFP  0x080001f9   Thumb Code    16  port.o(.emb_text)
    PendSV_Handler                           0x0800020d   Thumb Code    88  port.o(.emb_text)
    vPortGetIPSR                             0x08000269   Thumb Code     6  port.o(.emb_text)
    Reset_Handler                            0x08000271   Thumb Code     8  startup_stm32f411xe.o(.text)
    ADC_IRQHandler                           0x0800028b   Thumb Code     0  startup_stm32f411xe.o(.text)
    DMA1_Stream0_IRQHandler                  0x0800028b   Thumb Code     0  startup_stm32f411xe.o(.text)
    DMA1_Stream1_IRQHandler                  0x0800028b   Thumb Code     0  startup_stm32f411xe.o(.text)
    DMA1_Stream2_IRQHandler                  0x0800028b   Thumb Code     0  startup_stm32f411xe.o(.text)
    DMA1_Stream3_IRQHandler                  0x0800028b   Thumb Code     0  startup_stm32f411xe.o(.text)
    DMA1_Stream4_IRQHandler                  0x0800028b   Thumb Code     0  startup_stm32f411xe.o(.text)
    DMA1_Stream5_IRQHandler                  0x0800028b   Thumb Code     0  startup_stm32f411xe.o(.text)
    DMA1_Stream6_IRQHandler                  0x0800028b   Thumb Code     0  startup_stm32f411xe.o(.text)
    DMA1_Stream7_IRQHandler                  0x0800028b   Thumb Code     0  startup_stm32f411xe.o(.text)
    DMA2_Stream0_IRQHandler                  0x0800028b   Thumb Code     0  startup_stm32f411xe.o(.text)
    DMA2_Stream1_IRQHandler                  0x0800028b   Thumb Code     0  startup_stm32f411xe.o(.text)
    DMA2_Stream3_IRQHandler                  0x0800028b   Thumb Code     0  startup_stm32f411xe.o(.text)
    DMA2_Stream4_IRQHandler                  0x0800028b   Thumb Code     0  startup_stm32f411xe.o(.text)
    DMA2_Stream5_IRQHandler                  0x0800028b   Thumb Code     0  startup_stm32f411xe.o(.text)
    DMA2_Stream6_IRQHandler                  0x0800028b   Thumb Code     0  startup_stm32f411xe.o(.text)
    EXTI0_IRQHandler                         0x0800028b   Thumb Code     0  startup_stm32f411xe.o(.text)
    EXTI15_10_IRQHandler                     0x0800028b   Thumb Code     0  startup_stm32f411xe.o(.text)
    EXTI1_IRQHandler                         0x0800028b   Thumb Code     0  startup_stm32f411xe.o(.text)
    EXTI2_IRQHandler                         0x0800028b   Thumb Code     0  startup_stm32f411xe.o(.text)
    EXTI3_IRQHandler                         0x0800028b   Thumb Code     0  startup_stm32f411xe.o(.text)
    EXTI4_IRQHandler                         0x0800028b   Thumb Code     0  startup_stm32f411xe.o(.text)
    EXTI9_5_IRQHandler                       0x0800028b   Thumb Code     0  startup_stm32f411xe.o(.text)
    FLASH_IRQHandler                         0x0800028b   Thumb Code     0  startup_stm32f411xe.o(.text)
    FPU_IRQHandler                           0x0800028b   Thumb Code     0  startup_stm32f411xe.o(.text)
    I2C1_ER_IRQHandler                       0x0800028b   Thumb Code     0  startup_stm32f411xe.o(.text)
    I2C1_EV_IRQHandler                       0x0800028b   Thumb Code     0  startup_stm32f411xe.o(.text)
    I2C2_ER_IRQHandler                       0x0800028b   Thumb Code     0  startup_stm32f411xe.o(.text)
    I2C2_EV_IRQHandler                       0x0800028b   Thumb Code     0  startup_stm32f411xe.o(.text)
    I2C3_ER_IRQHandler                       0x0800028b   Thumb Code     0  startup_stm32f411xe.o(.text)
    I2C3_EV_IRQHandler                       0x0800028b   Thumb Code     0  startup_stm32f411xe.o(.text)
    OTG_FS_IRQHandler                        0x0800028b   Thumb Code     0  startup_stm32f411xe.o(.text)
    OTG_FS_WKUP_IRQHandler                   0x0800028b   Thumb Code     0  startup_stm32f411xe.o(.text)
    PVD_IRQHandler                           0x0800028b   Thumb Code     0  startup_stm32f411xe.o(.text)
    RCC_IRQHandler                           0x0800028b   Thumb Code     0  startup_stm32f411xe.o(.text)
    RTC_Alarm_IRQHandler                     0x0800028b   Thumb Code     0  startup_stm32f411xe.o(.text)
    RTC_WKUP_IRQHandler                      0x0800028b   Thumb Code     0  startup_stm32f411xe.o(.text)
    SDIO_IRQHandler                          0x0800028b   Thumb Code     0  startup_stm32f411xe.o(.text)
    SPI1_IRQHandler                          0x0800028b   Thumb Code     0  startup_stm32f411xe.o(.text)
    SPI2_IRQHandler                          0x0800028b   Thumb Code     0  startup_stm32f411xe.o(.text)
    SPI3_IRQHandler                          0x0800028b   Thumb Code     0  startup_stm32f411xe.o(.text)
    SPI4_IRQHandler                          0x0800028b   Thumb Code     0  startup_stm32f411xe.o(.text)
    SPI5_IRQHandler                          0x0800028b   Thumb Code     0  startup_stm32f411xe.o(.text)
    TAMP_STAMP_IRQHandler                    0x0800028b   Thumb Code     0  startup_stm32f411xe.o(.text)
    TIM1_BRK_TIM9_IRQHandler                 0x0800028b   Thumb Code     0  startup_stm32f411xe.o(.text)
    TIM1_CC_IRQHandler                       0x0800028b   Thumb Code     0  startup_stm32f411xe.o(.text)
    TIM1_TRG_COM_TIM11_IRQHandler            0x0800028b   Thumb Code     0  startup_stm32f411xe.o(.text)
    TIM1_UP_TIM10_IRQHandler                 0x0800028b   Thumb Code     0  startup_stm32f411xe.o(.text)
    TIM2_IRQHandler                          0x0800028b   Thumb Code     0  startup_stm32f411xe.o(.text)
    TIM3_IRQHandler                          0x0800028b   Thumb Code     0  startup_stm32f411xe.o(.text)
    TIM4_IRQHandler                          0x0800028b   Thumb Code     0  startup_stm32f411xe.o(.text)
    USART2_IRQHandler                        0x0800028b   Thumb Code     0  startup_stm32f411xe.o(.text)
    USART6_IRQHandler                        0x0800028b   Thumb Code     0  startup_stm32f411xe.o(.text)
    WWDG_IRQHandler                          0x0800028b   Thumb Code     0  startup_stm32f411xe.o(.text)
    __aeabi_uldivmod                         0x08000295   Thumb Code    98  uldiv.o(.text)
    __aeabi_memcpy                           0x080002f7   Thumb Code    36  memcpya.o(.text)
    __aeabi_memcpy4                          0x080002f7   Thumb Code     0  memcpya.o(.text)
    __aeabi_memcpy8                          0x080002f7   Thumb Code     0  memcpya.o(.text)
    __aeabi_memset                           0x0800031b   Thumb Code    14  memseta.o(.text)
    __aeabi_memset4                          0x0800031b   Thumb Code     0  memseta.o(.text)
    __aeabi_memset8                          0x0800031b   Thumb Code     0  memseta.o(.text)
    __aeabi_memclr                           0x08000329   Thumb Code     4  memseta.o(.text)
    __aeabi_memclr4                          0x08000329   Thumb Code     0  memseta.o(.text)
    __aeabi_memclr8                          0x08000329   Thumb Code     0  memseta.o(.text)
    memset                                   0x0800032d   Thumb Code    18  memseta.o(.text)
    strlen                                   0x0800033f   Thumb Code    14  strlen.o(.text)
    __aeabi_uidiv                            0x0800034d   Thumb Code     0  uidiv.o(.text)
    __aeabi_uidivmod                         0x0800034d   Thumb Code    44  uidiv.o(.text)
    __aeabi_llsl                             0x08000379   Thumb Code    30  llshl.o(.text)
    _ll_shift_l                              0x08000379   Thumb Code     0  llshl.o(.text)
    __aeabi_llsr                             0x08000397   Thumb Code    32  llushr.o(.text)
    _ll_ushift_r                             0x08000397   Thumb Code     0  llushr.o(.text)
    __I$use$fp                               0x080003b7   Thumb Code     0  iusefp.o(.text)
    __aeabi_dadd                             0x080003b7   Thumb Code   322  dadd.o(.text)
    __aeabi_dsub                             0x080004f9   Thumb Code     6  dadd.o(.text)
    __aeabi_drsub                            0x080004ff   Thumb Code     6  dadd.o(.text)
    __aeabi_dmul                             0x08000505   Thumb Code   228  dmul.o(.text)
    __aeabi_ddiv                             0x080005e9   Thumb Code   222  ddiv.o(.text)
    __aeabi_d2ulz                            0x080006c7   Thumb Code    48  dfixul.o(.text)
    __aeabi_cdrcmple                         0x080006f9   Thumb Code    48  cdrcmple.o(.text)
    __scatterload                            0x08000729   Thumb Code    28  init.o(.text)
    __scatterload_rt2                        0x08000729   Thumb Code     0  init.o(.text)
    __aeabi_lasr                             0x0800074d   Thumb Code    36  llsshr.o(.text)
    _ll_sshift_r                             0x0800074d   Thumb Code     0  llsshr.o(.text)
    _double_round                            0x08000771   Thumb Code    30  depilogue.o(.text)
    _double_epilogue                         0x0800078f   Thumb Code   156  depilogue.o(.text)
    BSP_LED_Init                             0x0800082d   Thumb Code    82  bsp_led.o(i.BSP_LED_Init)
    BSP_TimBase_Init                         0x08000889   Thumb Code    94  bsp_timebase.o(i.BSP_TimBase_Init)
    BSP_TimBase_RunStats_Init                0x080008f5   Thumb Code    88  bsp_timebase.o(i.BSP_TimBase_RunStats_Init)
    BSP_USART1_Init                          0x08000955   Thumb Code   396  bsp_usart1.o(i.BSP_USART1_Init)
    BusFault_Handler                         0x08000b01   Thumb Code     4  stm32f4xx_it.o(i.BusFault_Handler)
    DMA2_Stream2_IRQHandler                  0x08000b05   Thumb Code    10  bsp_usart1.o(i.DMA2_Stream2_IRQHandler)
    DMA2_Stream7_IRQHandler                  0x08000b15   Thumb Code    10  bsp_usart1.o(i.DMA2_Stream7_IRQHandler)
    DebugMon_Handler                         0x08000c2f   Thumb Code     2  stm32f4xx_it.o(i.DebugMon_Handler)
    Error_Handler                            0x08000c31   Thumb Code     6  sys.o(i.Error_Handler)
    HAL_DMA_Abort                            0x08000c37   Thumb Code   172  stm32f4xx_hal_dma.o(i.HAL_DMA_Abort)
    HAL_DMA_Abort_IT                         0x08000ce3   Thumb Code    40  stm32f4xx_hal_dma.o(i.HAL_DMA_Abort_IT)
    HAL_DMA_IRQHandler                       0x08000d0d   Thumb Code   570  stm32f4xx_hal_dma.o(i.HAL_DMA_IRQHandler)
    HAL_DMA_Init                             0x08000f4d   Thumb Code   232  stm32f4xx_hal_dma.o(i.HAL_DMA_Init)
    HAL_DMA_Start_IT                         0x08001039   Thumb Code   146  stm32f4xx_hal_dma.o(i.HAL_DMA_Start_IT)
    HAL_GPIO_Init                            0x080010cd   Thumb Code   424  stm32f4xx_hal_gpio.o(i.HAL_GPIO_Init)
    HAL_GPIO_TogglePin                       0x08001295   Thumb Code    20  stm32f4xx_hal_gpio.o(i.HAL_GPIO_TogglePin)
    HAL_GPIO_WritePin                        0x080012a9   Thumb Code    12  stm32f4xx_hal_gpio.o(i.HAL_GPIO_WritePin)
    HAL_GetTick                              0x080012b5   Thumb Code     6  stm32f4xx_hal.o(i.HAL_GetTick)
    HAL_IncTick                              0x080012c1   Thumb Code    16  stm32f4xx_hal.o(i.HAL_IncTick)
    HAL_Init                                 0x080012d9   Thumb Code    54  stm32f4xx_hal.o(i.HAL_Init)
    HAL_InitTick                             0x08001315   Thumb Code    12  bsp_timebase.o(i.HAL_InitTick)
    HAL_MspInit                              0x08001321   Thumb Code    68  stm32f4xx_hal_msp.o(i.HAL_MspInit)
    HAL_NVIC_EnableIRQ                       0x08001369   Thumb Code    40  stm32f4xx_hal_cortex.o(i.HAL_NVIC_EnableIRQ)
    HAL_NVIC_SetPriority                     0x08001391   Thumb Code   124  stm32f4xx_hal_cortex.o(i.HAL_NVIC_SetPriority)
    HAL_NVIC_SetPriorityGrouping             0x0800140d   Thumb Code    32  stm32f4xx_hal_cortex.o(i.HAL_NVIC_SetPriorityGrouping)
    HAL_RCC_ClockConfig                      0x08001435   Thumb Code   368  stm32f4xx_hal_rcc.o(i.HAL_RCC_ClockConfig)
    HAL_RCC_GetHCLKFreq                      0x080015b9   Thumb Code     6  stm32f4xx_hal_rcc.o(i.HAL_RCC_GetHCLKFreq)
    HAL_RCC_GetPCLK1Freq                     0x080015c5   Thumb Code    22  stm32f4xx_hal_rcc.o(i.HAL_RCC_GetPCLK1Freq)
    HAL_RCC_GetPCLK2Freq                     0x080015e5   Thumb Code    22  stm32f4xx_hal_rcc.o(i.HAL_RCC_GetPCLK2Freq)
    HAL_RCC_GetSysClockFreq                  0x08001605   Thumb Code   162  stm32f4xx_hal_rcc.o(i.HAL_RCC_GetSysClockFreq)
    HAL_RCC_OscConfig                        0x080016b5   Thumb Code  1172  stm32f4xx_hal_rcc.o(i.HAL_RCC_OscConfig)
    HAL_TIMEx_BreakCallback                  0x08001b51   Thumb Code     2  stm32f4xx_hal_tim_ex.o(i.HAL_TIMEx_BreakCallback)
    HAL_TIMEx_CommutCallback                 0x08001b53   Thumb Code     2  stm32f4xx_hal_tim_ex.o(i.HAL_TIMEx_CommutCallback)
    HAL_TIM_Base_Init                        0x08001b55   Thumb Code   102  stm32f4xx_hal_tim.o(i.HAL_TIM_Base_Init)
    HAL_TIM_Base_MspInit                     0x08001bbb   Thumb Code     2  stm32f4xx_hal_tim.o(i.HAL_TIM_Base_MspInit)
    HAL_TIM_Base_Start                       0x08001bbd   Thumb Code   110  stm32f4xx_hal_tim.o(i.HAL_TIM_Base_Start)
    HAL_TIM_Base_Start_IT                    0x08001c41   Thumb Code   122  stm32f4xx_hal_tim.o(i.HAL_TIM_Base_Start_IT)
    HAL_TIM_IC_CaptureCallback               0x08001cd1   Thumb Code     2  stm32f4xx_hal_tim.o(i.HAL_TIM_IC_CaptureCallback)
    HAL_TIM_IRQHandler                       0x08001cd3   Thumb Code   364  stm32f4xx_hal_tim.o(i.HAL_TIM_IRQHandler)
    HAL_TIM_OC_DelayElapsedCallback          0x08001e3f   Thumb Code     2  stm32f4xx_hal_tim.o(i.HAL_TIM_OC_DelayElapsedCallback)
    HAL_TIM_PWM_PulseFinishedCallback        0x08001e41   Thumb Code     2  stm32f4xx_hal_tim.o(i.HAL_TIM_PWM_PulseFinishedCallback)
    HAL_TIM_PeriodElapsedCallback            0x08001e45   Thumb Code    18  bsp_timebase.o(i.HAL_TIM_PeriodElapsedCallback)
    HAL_TIM_TriggerCallback                  0x08001e5d   Thumb Code     2  stm32f4xx_hal_tim.o(i.HAL_TIM_TriggerCallback)
    HAL_UARTEx_RxEventCallback               0x08001e5f   Thumb Code     2  stm32f4xx_hal_uart.o(i.HAL_UARTEx_RxEventCallback)
    HAL_UART_ErrorCallback                   0x08001e61   Thumb Code     2  stm32f4xx_hal_uart.o(i.HAL_UART_ErrorCallback)
    HAL_UART_IRQHandler                      0x08001e65   Thumb Code   740  stm32f4xx_hal_uart.o(i.HAL_UART_IRQHandler)
    HAL_UART_Init                            0x0800214d   Thumb Code   118  stm32f4xx_hal_uart.o(i.HAL_UART_Init)
    HAL_UART_MspInit                         0x080021c3   Thumb Code     2  stm32f4xx_hal_uart.o(i.HAL_UART_MspInit)
    HAL_UART_Receive_DMA                     0x080021c5   Thumb Code    44  stm32f4xx_hal_uart.o(i.HAL_UART_Receive_DMA)
    HAL_UART_RxCpltCallback                  0x080021f1   Thumb Code     2  stm32f4xx_hal_uart.o(i.HAL_UART_RxCpltCallback)
    HAL_UART_RxHalfCpltCallback              0x080021f3   Thumb Code     2  stm32f4xx_hal_uart.o(i.HAL_UART_RxHalfCpltCallback)
    HAL_UART_Transmit                        0x080021f5   Thumb Code   190  stm32f4xx_hal_uart.o(i.HAL_UART_Transmit)
    HAL_UART_TxCpltCallback                  0x080022b3   Thumb Code     2  stm32f4xx_hal_uart.o(i.HAL_UART_TxCpltCallback)
    HardFault_Handler                        0x080022b5   Thumb Code     4  stm32f4xx_it.o(i.HardFault_Handler)
    LED0_Toggle                              0x080022b9   Thumb Code    14  bsp_led.o(i.LED0_Toggle)
    MemManage_Handler                        0x080022cd   Thumb Code     4  stm32f4xx_it.o(i.MemManage_Handler)
    NMI_Handler                              0x080022d1   Thumb Code     4  stm32f4xx_it.o(i.NMI_Handler)
    SysTick_Handler                          0x080022d5   Thumb Code     2  stm32f4xx_it.o(i.SysTick_Handler)
    SystemClock_Config                       0x080022d9   Thumb Code   168  sys.o(i.SystemClock_Config)
    SystemInit                               0x08002389   Thumb Code    14  system_stm32f4xx.o(i.SystemInit)
    TIM5_IRQHandler                          0x0800239d   Thumb Code    10  bsp_timebase.o(i.TIM5_IRQHandler)
    TIM_Base_SetConfig                       0x080023c1   Thumb Code   150  stm32f4xx_hal_tim.o(i.TIM_Base_SetConfig)
    UART_Start_Receive_DMA                   0x0800298d   Thumb Code   186  stm32f4xx_hal_uart.o(i.UART_Start_Receive_DMA)
    USART1_IRQHandler                        0x08002b41   Thumb Code   194  bsp_usart1.o(i.USART1_IRQHandler)
    USART1_Print                             0x08002c19   Thumb Code    28  bsp_usart1.o(i.USART1_Print)
    USART1_Printf                            0x08002c35   Thumb Code    48  bsp_usart1.o(i.USART1_Printf)
    USART1_ReadRingBuf                       0x08002c65   Thumb Code   198  bsp_usart1.o(i.USART1_ReadRingBuf)
    USART1_SetRxTaskHandle                   0x08002d39   Thumb Code     6  bsp_usart1.o(i.USART1_SetRxTaskHandle)
    UsageFault_Handler                       0x08002d45   Thumb Code     4  stm32f4xx_it.o(i.UsageFault_Handler)
    __0vsnprintf                             0x08002d49   Thumb Code    46  printfa.o(i.__0vsnprintf)
    __1vsnprintf                             0x08002d49   Thumb Code     0  printfa.o(i.__0vsnprintf)
    __2vsnprintf                             0x08002d49   Thumb Code     0  printfa.o(i.__0vsnprintf)
    __c89vsnprintf                           0x08002d49   Thumb Code     0  printfa.o(i.__0vsnprintf)
    vsnprintf                                0x08002d49   Thumb Code     0  printfa.o(i.__0vsnprintf)
    __scatterload_copy                       0x08002db5   Thumb Code    14  handlers.o(i.__scatterload_copy)
    __scatterload_null                       0x08002dc3   Thumb Code     2  handlers.o(i.__scatterload_null)
    __scatterload_zeroinit                   0x08002dc5   Thumb Code    14  handlers.o(i.__scatterload_zeroinit)
    freertos_start                           0x08003799   Thumb Code    30  freertos_tasks.o(i.freertos_start)
    led_task                                 0x080037c9   Thumb Code    28  freertos_tasks.o(i.led_task)
    main                                     0x08003815   Thumb Code    28  main.o(i.main)
    pvPortMalloc                             0x08004285   Thumb Code   338  heap_4.o(i.pvPortMalloc)
    pxPortInitialiseStack                    0x080043f1   Thumb Code    38  port.o(i.pxPortInitialiseStack)
    ulTaskGenericNotifyTake                  0x080044b5   Thumb Code   160  tasks.o(i.ulTaskGenericNotifyTake)
    usart1_write                             0x0800455d   Thumb Code    20  bsp_usart1.o(i.usart1_write)
    uxListRemove                             0x08004575   Thumb Code    40  list.o(i.uxListRemove)
    vApplicationStackOverflowHook            0x0800459d   Thumb Code    24  freertos_tasks.o(i.vApplicationStackOverflowHook)
    vListInitialise                          0x080045b5   Thumb Code    26  list.o(i.vListInitialise)
    vListInitialiseItem                      0x080045cf   Thumb Code     6  list.o(i.vListInitialiseItem)
    vListInsert                              0x080045d5   Thumb Code    52  list.o(i.vListInsert)
    vListInsertEnd                           0x08004609   Thumb Code    24  list.o(i.vListInsertEnd)
    vPortEnterCritical                       0x08004621   Thumb Code    76  port.o(i.vPortEnterCritical)
    vPortExitCritical                        0x08004675   Thumb Code    56  port.o(i.vPortExitCritical)
    vPortFree                                0x080046b1   Thumb Code   150  heap_4.o(i.vPortFree)
    vPortSetupTimerInterrupt                 0x08004755   Thumb Code    36  port.o(i.vPortSetupTimerInterrupt)
    vPortValidateInterruptPriority           0x0800477d   Thumb Code   106  port.o(i.vPortValidateInterruptPriority)
    vQueueWaitForMessageRestricted           0x080047f5   Thumb Code    74  queue.o(i.vQueueWaitForMessageRestricted)
    vTaskDelay                               0x08004841   Thumb Code    82  tasks.o(i.vTaskDelay)
    vTaskDelete                              0x0800489d   Thumb Code   210  tasks.o(i.vTaskDelete)
    vTaskGenericNotifyGiveFromISR            0x08004999   Thumb Code   372  tasks.o(i.vTaskGenericNotifyGiveFromISR)
    vTaskInternalSetTimeOutState             0x08004b25   Thumb Code    14  tasks.o(i.vTaskInternalSetTimeOutState)
    vTaskMissedYield                         0x08004b3d   Thumb Code     8  tasks.o(i.vTaskMissedYield)
    vTaskPlaceOnEventList                    0x08004b49   Thumb Code    52  tasks.o(i.vTaskPlaceOnEventList)
    vTaskPlaceOnEventListRestricted          0x08004b81   Thumb Code    94  tasks.o(i.vTaskPlaceOnEventListRestricted)
    vTaskStartScheduler                      0x08004be5   Thumb Code   126  tasks.o(i.vTaskStartScheduler)
    vTaskSuspendAll                          0x08004c85   Thumb Code    12  tasks.o(i.vTaskSuspendAll)
    vTaskSwitchContext                       0x08004c95   Thumb Code   228  tasks.o(i.vTaskSwitchContext)
    xPortStartScheduler                      0x08004d95   Thumb Code   368  port.o(i.xPortStartScheduler)
    xQueueGenericCreate                      0x08004f21   Thumb Code   102  queue.o(i.xQueueGenericCreate)
    xQueueGenericReset                       0x08004f89   Thumb Code   214  queue.o(i.xQueueGenericReset)
    xQueueReceive                            0x08005065   Thumb Code   356  queue.o(i.xQueueReceive)
    xTaskCheckForTimeOut                     0x080051cd   Thumb Code   136  tasks.o(i.xTaskCheckForTimeOut)
    xTaskCreate                              0x0800525d   Thumb Code    96  tasks.o(i.xTaskCreate)
    xTaskGetSchedulerState                   0x080052bd   Thumb Code    24  tasks.o(i.xTaskGetSchedulerState)
    xTaskGetTickCount                        0x080052dd   Thumb Code     6  tasks.o(i.xTaskGetTickCount)
    xTaskIncrementTick                       0x080052e9   Thumb Code   398  tasks.o(i.xTaskIncrementTick)
    xTaskPriorityDisinherit                  0x080054a5   Thumb Code   226  tasks.o(i.xTaskPriorityDisinherit)
    xTaskRemoveFromEventList                 0x08005595   Thumb Code   264  tasks.o(i.xTaskRemoveFromEventList)
    xTaskResumeAll                           0x080056b5   Thumb Code   338  tasks.o(i.xTaskResumeAll)
    xTimerCreateTimerTask                    0x0800582d   Thumb Code    66  timers.o(i.xTimerCreateTimerTask)
    AHBPrescTable                            0x08005884   Data          16  system_stm32f4xx.o(.constdata)
    APBPrescTable                            0x08005894   Data           8  system_stm32f4xx.o(.constdata)
    Region$$Table$$Base                      0x080058a4   Number         0  anon$$obj.o(Region$$Table)
    Region$$Table$$Limit                     0x080058c4   Number         0  anon$$obj.o(Region$$Table)
    SystemCoreClock                          0x20000000   Data           4  system_stm32f4xx.o(.data)
    uwTick                                   0x20000014   Data           4  stm32f4xx_hal.o(.data)
    uwTickPrio                               0x20000018   Data           4  stm32f4xx_hal.o(.data)
    uwTickFreq                               0x2000001c   Data           1  stm32f4xx_hal.o(.data)
    pxCurrentTCB                             0x20000020   Data           4  tasks.o(.data)
    uxTopUsedPriority                        0x20000058   Data           4  tasks.o(.data)
    __initial_sp                             0x20008248   Data           0  startup_stm32f411xe.o(STACK)



==============================================================================

Memory Map of the image

  Image Entry point : 0x08000199

  Load Region LR_IROM1 (Base: 0x08000000, Size: 0x0000596c, Max: 0x00080000, ABSOLUTE)

    Execution Region ER_IROM1 (Exec base: 0x08000000, Load base: 0x08000000, Size: 0x000058c4, Max: 0x00080000, ABSOLUTE)

    Exec Addr    Load Addr    Size         Type   Attr      Idx    E Section Name        Object

    0x08000000   0x08000000   0x00000198   Data   RO            3    RESET               startup_stm32f411xe.o
    0x08000198   0x08000198   0x00000000   Code   RO         4029  * .ARM.Collect$$$$00000000  mc_w.l(entry.o)
    0x08000198   0x08000198   0x00000004   Code   RO         4307    .ARM.Collect$$$$00000001  mc_w.l(entry2.o)
    0x0800019c   0x0800019c   0x00000004   Code   RO         4310    .ARM.Collect$$$$00000004  mc_w.l(entry5.o)
    0x080001a0   0x080001a0   0x00000000   Code   RO         4312    .ARM.Collect$$$$00000008  mc_w.l(entry7b.o)
    0x080001a0   0x080001a0   0x00000000   Code   RO         4314    .ARM.Collect$$$$0000000A  mc_w.l(entry8b.o)
    0x080001a0   0x080001a0   0x00000008   Code   RO         4315    .ARM.Collect$$$$0000000B  mc_w.l(entry9a.o)
    0x080001a8   0x080001a8   0x00000004   Code   RO         4322    .ARM.Collect$$$$0000000E  mc_w.l(entry12b.o)
    0x080001ac   0x080001ac   0x00000000   Code   RO         4317    .ARM.Collect$$$$0000000F  mc_w.l(entry10a.o)
    0x080001ac   0x080001ac   0x00000000   Code   RO         4319    .ARM.Collect$$$$00000011  mc_w.l(entry11a.o)
    0x080001ac   0x080001ac   0x00000004   Code   RO         4308    .ARM.Collect$$$$00002712  mc_w.l(entry2.o)
    0x080001b0   0x080001b0   0x000000be   Code   RO         3943    .emb_text           port.o
    0x0800026e   0x0800026e   0x00000002   PAD
    0x08000270   0x08000270   0x00000024   Code   RO            4    .text               startup_stm32f411xe.o
    0x08000294   0x08000294   0x00000062   Code   RO         4032    .text               mc_w.l(uldiv.o)
    0x080002f6   0x080002f6   0x00000024   Code   RO         4034    .text               mc_w.l(memcpya.o)
    0x0800031a   0x0800031a   0x00000024   Code   RO         4038    .text               mc_w.l(memseta.o)
    0x0800033e   0x0800033e   0x0000000e   Code   RO         4040    .text               mc_w.l(strlen.o)
    0x0800034c   0x0800034c   0x0000002c   Code   RO         4326    .text               mc_w.l(uidiv.o)
    0x08000378   0x08000378   0x0000001e   Code   RO         4328    .text               mc_w.l(llshl.o)
    0x08000396   0x08000396   0x00000020   Code   RO         4330    .text               mc_w.l(llushr.o)
    0x080003b6   0x080003b6   0x00000000   Code   RO         4332    .text               mc_w.l(iusefp.o)
    0x080003b6   0x080003b6   0x0000014e   Code   RO         4333    .text               mf_w.l(dadd.o)
    0x08000504   0x08000504   0x000000e4   Code   RO         4335    .text               mf_w.l(dmul.o)
    0x080005e8   0x080005e8   0x000000de   Code   RO         4337    .text               mf_w.l(ddiv.o)
    0x080006c6   0x080006c6   0x00000030   Code   RO         4339    .text               mf_w.l(dfixul.o)
    0x080006f6   0x080006f6   0x00000002   PAD
    0x080006f8   0x080006f8   0x00000030   Code   RO         4341    .text               mf_w.l(cdrcmple.o)
    0x08000728   0x08000728   0x00000024   Code   RO         4343    .text               mc_w.l(init.o)
    0x0800074c   0x0800074c   0x00000024   Code   RO         4346    .text               mc_w.l(llsshr.o)
    0x08000770   0x08000770   0x000000ba   Code   RO         4349    .text               mf_w.l(depilogue.o)
    0x0800082a   0x0800082a   0x00000002   PAD
    0x0800082c   0x0800082c   0x0000005c   Code   RO          368    i.BSP_LED_Init      bsp_led.o
    0x08000888   0x08000888   0x0000006c   Code   RO         2635    i.BSP_TimBase_Init  bsp_timebase.o
    0x080008f4   0x080008f4   0x00000060   Code   RO         2636    i.BSP_TimBase_RunStats_Init  bsp_timebase.o
    0x08000954   0x08000954   0x000001ac   Code   RO          410    i.BSP_USART1_Init   bsp_usart1.o
    0x08000b00   0x08000b00   0x00000004   Code   RO          197    i.BusFault_Handler  stm32f4xx_it.o
    0x08000b04   0x08000b04   0x00000010   Code   RO          412    i.DMA2_Stream2_IRQHandler  bsp_usart1.o
    0x08000b14   0x08000b14   0x00000010   Code   RO          413    i.DMA2_Stream7_IRQHandler  bsp_usart1.o
    0x08000b24   0x08000b24   0x00000034   Code   RO          855    i.DMA_CalcBaseAndBitshift  stm32f4xx_hal_dma.o
    0x08000b58   0x08000b58   0x000000aa   Code   RO          856    i.DMA_CheckFifoParam  stm32f4xx_hal_dma.o
    0x08000c02   0x08000c02   0x0000002c   Code   RO          857    i.DMA_SetConfig     stm32f4xx_hal_dma.o
    0x08000c2e   0x08000c2e   0x00000002   Code   RO          198    i.DebugMon_Handler  stm32f4xx_it.o
    0x08000c30   0x08000c30   0x00000006   Code   RO         2605    i.Error_Handler     sys.o
    0x08000c36   0x08000c36   0x000000ac   Code   RO          858    i.HAL_DMA_Abort     stm32f4xx_hal_dma.o
    0x08000ce2   0x08000ce2   0x00000028   Code   RO          859    i.HAL_DMA_Abort_IT  stm32f4xx_hal_dma.o
    0x08000d0a   0x08000d0a   0x00000002   PAD
    0x08000d0c   0x08000d0c   0x00000240   Code   RO          863    i.HAL_DMA_IRQHandler  stm32f4xx_hal_dma.o
    0x08000f4c   0x08000f4c   0x000000ec   Code   RO          864    i.HAL_DMA_Init      stm32f4xx_hal_dma.o
    0x08001038   0x08001038   0x00000092   Code   RO          868    i.HAL_DMA_Start_IT  stm32f4xx_hal_dma.o
    0x080010ca   0x080010ca   0x00000002   PAD
    0x080010cc   0x080010cc   0x000001c8   Code   RO         1005    i.HAL_GPIO_Init     stm32f4xx_hal_gpio.o
    0x08001294   0x08001294   0x00000014   Code   RO         1008    i.HAL_GPIO_TogglePin  stm32f4xx_hal_gpio.o
    0x080012a8   0x080012a8   0x0000000c   Code   RO         1009    i.HAL_GPIO_WritePin  stm32f4xx_hal_gpio.o
    0x080012b4   0x080012b4   0x0000000c   Code   RO          536    i.HAL_GetTick       stm32f4xx_hal.o
    0x080012c0   0x080012c0   0x00000018   Code   RO          542    i.HAL_IncTick       stm32f4xx_hal.o
    0x080012d8   0x080012d8   0x0000003c   Code   RO          543    i.HAL_Init          stm32f4xx_hal.o
    0x08001314   0x08001314   0x0000000c   Code   RO         2637    i.HAL_InitTick      bsp_timebase.o
    0x08001320   0x08001320   0x00000048   Code   RO          173    i.HAL_MspInit       stm32f4xx_hal_msp.o
    0x08001368   0x08001368   0x00000028   Code   RO          715    i.HAL_NVIC_EnableIRQ  stm32f4xx_hal_cortex.o
    0x08001390   0x08001390   0x0000007c   Code   RO          721    i.HAL_NVIC_SetPriority  stm32f4xx_hal_cortex.o
    0x0800140c   0x0800140c   0x00000028   Code   RO          722    i.HAL_NVIC_SetPriorityGrouping  stm32f4xx_hal_cortex.o
    0x08001434   0x08001434   0x00000184   Code   RO         1069    i.HAL_RCC_ClockConfig  stm32f4xx_hal_rcc.o
    0x080015b8   0x080015b8   0x0000000c   Code   RO         1074    i.HAL_RCC_GetHCLKFreq  stm32f4xx_hal_rcc.o
    0x080015c4   0x080015c4   0x00000020   Code   RO         1076    i.HAL_RCC_GetPCLK1Freq  stm32f4xx_hal_rcc.o
    0x080015e4   0x080015e4   0x00000020   Code   RO         1077    i.HAL_RCC_GetPCLK2Freq  stm32f4xx_hal_rcc.o
    0x08001604   0x08001604   0x000000b0   Code   RO         1078    i.HAL_RCC_GetSysClockFreq  stm32f4xx_hal_rcc.o
    0x080016b4   0x080016b4   0x0000049c   Code   RO         1081    i.HAL_RCC_OscConfig  stm32f4xx_hal_rcc.o
    0x08001b50   0x08001b50   0x00000002   Code   RO         1947    i.HAL_TIMEx_BreakCallback  stm32f4xx_hal_tim_ex.o
    0x08001b52   0x08001b52   0x00000002   Code   RO         1948    i.HAL_TIMEx_CommutCallback  stm32f4xx_hal_tim_ex.o
    0x08001b54   0x08001b54   0x00000066   Code   RO         1232    i.HAL_TIM_Base_Init  stm32f4xx_hal_tim.o
    0x08001bba   0x08001bba   0x00000002   Code   RO         1234    i.HAL_TIM_Base_MspInit  stm32f4xx_hal_tim.o
    0x08001bbc   0x08001bbc   0x00000084   Code   RO         1235    i.HAL_TIM_Base_Start  stm32f4xx_hal_tim.o
    0x08001c40   0x08001c40   0x00000090   Code   RO         1237    i.HAL_TIM_Base_Start_IT  stm32f4xx_hal_tim.o
    0x08001cd0   0x08001cd0   0x00000002   Code   RO         1266    i.HAL_TIM_IC_CaptureCallback  stm32f4xx_hal_tim.o
    0x08001cd2   0x08001cd2   0x0000016c   Code   RO         1280    i.HAL_TIM_IRQHandler  stm32f4xx_hal_tim.o
    0x08001e3e   0x08001e3e   0x00000002   Code   RO         1283    i.HAL_TIM_OC_DelayElapsedCallback  stm32f4xx_hal_tim.o
    0x08001e40   0x08001e40   0x00000002   Code   RO         1310    i.HAL_TIM_PWM_PulseFinishedCallback  stm32f4xx_hal_tim.o
    0x08001e42   0x08001e42   0x00000002   PAD
    0x08001e44   0x08001e44   0x00000018   Code   RO         2638    i.HAL_TIM_PeriodElapsedCallback  bsp_timebase.o
    0x08001e5c   0x08001e5c   0x00000002   Code   RO         1323    i.HAL_TIM_TriggerCallback  stm32f4xx_hal_tim.o
    0x08001e5e   0x08001e5e   0x00000002   Code   RO         2226    i.HAL_UARTEx_RxEventCallback  stm32f4xx_hal_uart.o
    0x08001e60   0x08001e60   0x00000002   Code   RO         2240    i.HAL_UART_ErrorCallback  stm32f4xx_hal_uart.o
    0x08001e62   0x08001e62   0x00000002   PAD
    0x08001e64   0x08001e64   0x000002e8   Code   RO         2243    i.HAL_UART_IRQHandler  stm32f4xx_hal_uart.o
    0x0800214c   0x0800214c   0x00000076   Code   RO         2244    i.HAL_UART_Init     stm32f4xx_hal_uart.o
    0x080021c2   0x080021c2   0x00000002   Code   RO         2246    i.HAL_UART_MspInit  stm32f4xx_hal_uart.o
    0x080021c4   0x080021c4   0x0000002c   Code   RO         2248    i.HAL_UART_Receive_DMA  stm32f4xx_hal_uart.o
    0x080021f0   0x080021f0   0x00000002   Code   RO         2250    i.HAL_UART_RxCpltCallback  stm32f4xx_hal_uart.o
    0x080021f2   0x080021f2   0x00000002   Code   RO         2251    i.HAL_UART_RxHalfCpltCallback  stm32f4xx_hal_uart.o
    0x080021f4   0x080021f4   0x000000be   Code   RO         2252    i.HAL_UART_Transmit  stm32f4xx_hal_uart.o
    0x080022b2   0x080022b2   0x00000002   Code   RO         2255    i.HAL_UART_TxCpltCallback  stm32f4xx_hal_uart.o
    0x080022b4   0x080022b4   0x00000004   Code   RO          199    i.HardFault_Handler  stm32f4xx_it.o
    0x080022b8   0x080022b8   0x00000014   Code   RO          371    i.LED0_Toggle       bsp_led.o
    0x080022cc   0x080022cc   0x00000004   Code   RO          200    i.MemManage_Handler  stm32f4xx_it.o
    0x080022d0   0x080022d0   0x00000004   Code   RO          201    i.NMI_Handler       stm32f4xx_it.o
    0x080022d4   0x080022d4   0x00000002   Code   RO          202    i.SysTick_Handler   stm32f4xx_it.o
    0x080022d6   0x080022d6   0x00000002   PAD
    0x080022d8   0x080022d8   0x000000b0   Code   RO         2606    i.SystemClock_Config  sys.o
    0x08002388   0x08002388   0x00000014   Code   RO          261    i.SystemInit        system_stm32f4xx.o
    0x0800239c   0x0800239c   0x00000010   Code   RO         2639    i.TIM5_IRQHandler   bsp_timebase.o
    0x080023ac   0x080023ac   0x00000014   Code   RO         2640    i.TIM5_NVIC_Config  bsp_timebase.o
    0x080023c0   0x080023c0   0x000000b4   Code   RO         1325    i.TIM_Base_SetConfig  stm32f4xx_hal_tim.o
    0x08002474   0x08002474   0x00000014   Code   RO         2257    i.UART_DMAAbortOnError  stm32f4xx_hal_uart.o
    0x08002488   0x08002488   0x00000050   Code   RO         2258    i.UART_DMAError     stm32f4xx_hal_uart.o
    0x080024d8   0x080024d8   0x000000b4   Code   RO         2259    i.UART_DMAReceiveCplt  stm32f4xx_hal_uart.o
    0x0800258c   0x0800258c   0x00000024   Code   RO         2261    i.UART_DMARxHalfCplt  stm32f4xx_hal_uart.o
    0x080025b0   0x080025b0   0x0000006c   Code   RO         2267    i.UART_EndRxTransfer  stm32f4xx_hal_uart.o
    0x0800261c   0x0800261c   0x00000020   Code   RO         2268    i.UART_EndTransmit_IT  stm32f4xx_hal_uart.o
    0x0800263c   0x0800263c   0x00000026   Code   RO         2269    i.UART_EndTxTransfer  stm32f4xx_hal_uart.o
    0x08002662   0x08002662   0x000000fc   Code   RO         2270    i.UART_Receive_IT   stm32f4xx_hal_uart.o
    0x0800275e   0x0800275e   0x00000002   PAD
    0x08002760   0x08002760   0x0000022c   Code   RO         2271    i.UART_SetConfig    stm32f4xx_hal_uart.o
    0x0800298c   0x0800298c   0x000000c8   Code   RO         2272    i.UART_Start_Receive_DMA  stm32f4xx_hal_uart.o
    0x08002a54   0x08002a54   0x00000060   Code   RO         2274    i.UART_Transmit_IT  stm32f4xx_hal_uart.o
    0x08002ab4   0x08002ab4   0x0000008c   Code   RO         2275    i.UART_WaitOnFlagUntilTimeout  stm32f4xx_hal_uart.o
    0x08002b40   0x08002b40   0x000000d8   Code   RO          414    i.USART1_IRQHandler  bsp_usart1.o
    0x08002c18   0x08002c18   0x0000001c   Code   RO          415    i.USART1_Print      bsp_usart1.o
    0x08002c34   0x08002c34   0x00000030   Code   RO          416    i.USART1_Printf     bsp_usart1.o
    0x08002c64   0x08002c64   0x000000d4   Code   RO          417    i.USART1_ReadRingBuf  bsp_usart1.o
    0x08002d38   0x08002d38   0x0000000c   Code   RO          418    i.USART1_SetRxTaskHandle  bsp_usart1.o
    0x08002d44   0x08002d44   0x00000004   Code   RO          203    i.UsageFault_Handler  stm32f4xx_it.o
    0x08002d48   0x08002d48   0x00000034   Code   RO         4284    i.__0vsnprintf      mc_w.l(printfa.o)
    0x08002d7c   0x08002d7c   0x00000010   Code   RO          728    i.__NVIC_GetPriorityGrouping  stm32f4xx_hal_cortex.o
    0x08002d8c   0x08002d8c   0x00000028   Code   RO          729    i.__NVIC_SetPriority  stm32f4xx_hal_cortex.o
    0x08002db4   0x08002db4   0x0000000e   Code   RO         4353    i.__scatterload_copy  mc_w.l(handlers.o)
    0x08002dc2   0x08002dc2   0x00000002   Code   RO         4354    i.__scatterload_null  mc_w.l(handlers.o)
    0x08002dc4   0x08002dc4   0x0000000e   Code   RO         4355    i.__scatterload_zeroinit  mc_w.l(handlers.o)
    0x08002dd2   0x08002dd2   0x00000002   PAD
    0x08002dd4   0x08002dd4   0x00000184   Code   RO         4286    i._fp_digits        mc_w.l(printfa.o)
    0x08002f58   0x08002f58   0x000006b4   Code   RO         4287    i._printf_core      mc_w.l(printfa.o)
    0x0800360c   0x0800360c   0x00000024   Code   RO         4288    i._printf_post_padding  mc_w.l(printfa.o)
    0x08003630   0x08003630   0x0000002e   Code   RO         4289    i._printf_pre_padding  mc_w.l(printfa.o)
    0x0800365e   0x0800365e   0x00000016   Code   RO         4290    i._snputc           mc_w.l(printfa.o)
    0x08003674   0x08003674   0x0000008c   Code   RO          419    i.copy_to_ringbuf   bsp_usart1.o
    0x08003700   0x08003700   0x00000098   Code   RO          297    i.echo_task         freertos_tasks.o
    0x08003798   0x08003798   0x00000030   Code   RO          298    i.freertos_start    freertos_tasks.o
    0x080037c8   0x080037c8   0x0000004c   Code   RO          299    i.led_task          freertos_tasks.o
    0x08003814   0x08003814   0x0000001c   Code   RO           13    i.main              main.o
    0x08003830   0x08003830   0x000000c0   Code   RO         3294    i.prvAddCurrentTaskToDelayedList  tasks.o
    0x080038f0   0x080038f0   0x000000ec   Code   RO         3295    i.prvAddNewTaskToReadyList  tasks.o
    0x080039dc   0x080039dc   0x0000004c   Code   RO         3708    i.prvCheckForValidListAndQueue  timers.o
    0x08003a28   0x08003a28   0x00000048   Code   RO         3296    i.prvCheckTasksWaitingTermination  tasks.o
    0x08003a70   0x08003a70   0x0000002a   Code   RO         2878    i.prvCopyDataFromQueue  queue.o
    0x08003a9a   0x08003a9a   0x0000007e   Code   RO         2879    i.prvCopyDataToQueue  queue.o
    0x08003b18   0x08003b18   0x00000012   Code   RO         3297    i.prvDeleteTCB      tasks.o
    0x08003b2a   0x08003b2a   0x00000002   PAD
    0x08003b2c   0x08003b2c   0x00000028   Code   RO         3709    i.prvGetNextExpireTime  timers.o
    0x08003b54   0x08003b54   0x0000007c   Code   RO         3876    i.prvHeapInit       heap_4.o
    0x08003bd0   0x08003bd0   0x00000028   Code   RO         3298    i.prvIdleTask       tasks.o
    0x08003bf8   0x08003bf8   0x0000002e   Code   RO         2882    i.prvInitialiseNewQueue  queue.o
    0x08003c26   0x08003c26   0x000000e6   Code   RO         3299    i.prvInitialiseNewTask  tasks.o
    0x08003d0c   0x08003d0c   0x00000068   Code   RO         3300    i.prvInitialiseTaskLists  tasks.o
    0x08003d74   0x08003d74   0x00000068   Code   RO         3877    i.prvInsertBlockIntoFreeList  heap_4.o
    0x08003ddc   0x08003ddc   0x00000058   Code   RO         3711    i.prvInsertTimerInActiveList  timers.o
    0x08003e34   0x08003e34   0x0000001a   Code   RO         2883    i.prvIsQueueEmpty   queue.o
    0x08003e4e   0x08003e4e   0x000000ac   Code   RO         2885    i.prvNotifyQueueSetContainer  queue.o
    0x08003efa   0x08003efa   0x00000002   PAD
    0x08003efc   0x08003efc   0x00000044   Code   RO         3712    i.prvProcessExpiredTimer  timers.o
    0x08003f40   0x08003f40   0x0000011c   Code   RO         3713    i.prvProcessReceivedCommands  timers.o
    0x0800405c   0x0800405c   0x00000074   Code   RO         3714    i.prvProcessTimerOrBlockTask  timers.o
    0x080040d0   0x080040d0   0x00000028   Code   RO         3715    i.prvReloadTimer    timers.o
    0x080040f8   0x080040f8   0x00000030   Code   RO         3302    i.prvResetNextTaskUnblockTime  tasks.o
    0x08004128   0x08004128   0x0000002c   Code   RO         3716    i.prvSampleTimeNow  timers.o
    0x08004154   0x08004154   0x00000044   Code   RO         3717    i.prvSwitchTimerLists  timers.o
    0x08004198   0x08004198   0x00000040   Code   RO         3944    i.prvTaskExitError  port.o
    0x080041d8   0x080041d8   0x0000001a   Code   RO         3718    i.prvTimerTask      timers.o
    0x080041f2   0x080041f2   0x00000090   Code   RO         2886    i.prvUnlockQueue    queue.o
    0x08004282   0x08004282   0x00000002   PAD
    0x08004284   0x08004284   0x0000016c   Code   RO         3878    i.pvPortMalloc      heap_4.o
    0x080043f0   0x080043f0   0x0000002c   Code   RO         3945    i.pxPortInitialiseStack  port.o
    0x0800441c   0x0800441c   0x00000098   Code   RO          300    i.start_task        freertos_tasks.o
    0x080044b4   0x080044b4   0x000000a8   Code   RO         3308    i.ulTaskGenericNotifyTake  tasks.o
    0x0800455c   0x0800455c   0x00000018   Code   RO          420    i.usart1_write      bsp_usart1.o
    0x08004574   0x08004574   0x00000028   Code   RO         2827    i.uxListRemove      list.o
    0x0800459c   0x0800459c   0x00000018   Code   RO          301    i.vApplicationStackOverflowHook  freertos_tasks.o
    0x080045b4   0x080045b4   0x0000001a   Code   RO         2828    i.vListInitialise   list.o
    0x080045ce   0x080045ce   0x00000006   Code   RO         2829    i.vListInitialiseItem  list.o
    0x080045d4   0x080045d4   0x00000034   Code   RO         2830    i.vListInsert       list.o
    0x08004608   0x08004608   0x00000018   Code   RO         2831    i.vListInsertEnd    list.o
    0x08004620   0x08004620   0x00000054   Code   RO         3947    i.vPortEnterCritical  port.o
    0x08004674   0x08004674   0x0000003c   Code   RO         3948    i.vPortExitCritical  port.o
    0x080046b0   0x080046b0   0x000000a4   Code   RO         3879    i.vPortFree         heap_4.o
    0x08004754   0x08004754   0x00000028   Code   RO         3949    i.vPortSetupTimerInterrupt  port.o
    0x0800477c   0x0800477c   0x00000078   Code   RO         3950    i.vPortValidateInterruptPriority  port.o
    0x080047f4   0x080047f4   0x0000004a   Code   RO         2894    i.vQueueWaitForMessageRestricted  queue.o
    0x0800483e   0x0800483e   0x00000002   PAD
    0x08004840   0x08004840   0x0000005c   Code   RO         3317    i.vTaskDelay        tasks.o
    0x0800489c   0x0800489c   0x000000fc   Code   RO         3318    i.vTaskDelete       tasks.o
    0x08004998   0x08004998   0x0000018c   Code   RO         3320    i.vTaskGenericNotifyGiveFromISR  tasks.o
    0x08004b24   0x08004b24   0x00000018   Code   RO         3323    i.vTaskInternalSetTimeOutState  tasks.o
    0x08004b3c   0x08004b3c   0x0000000c   Code   RO         3325    i.vTaskMissedYield  tasks.o
    0x08004b48   0x08004b48   0x00000038   Code   RO         3326    i.vTaskPlaceOnEventList  tasks.o
    0x08004b80   0x08004b80   0x00000064   Code   RO         3327    i.vTaskPlaceOnEventListRestricted  tasks.o
    0x08004be4   0x08004be4   0x000000a0   Code   RO         3335    i.vTaskStartScheduler  tasks.o
    0x08004c84   0x08004c84   0x00000010   Code   RO         3337    i.vTaskSuspendAll   tasks.o
    0x08004c94   0x08004c94   0x00000100   Code   RO         3338    i.vTaskSwitchContext  tasks.o
    0x08004d94   0x08004d94   0x0000018c   Code   RO         3951    i.xPortStartScheduler  port.o
    0x08004f20   0x08004f20   0x00000066   Code   RO         2899    i.xQueueGenericCreate  queue.o
    0x08004f86   0x08004f86   0x00000002   PAD
    0x08004f88   0x08004f88   0x000000dc   Code   RO         2900    i.xQueueGenericReset  queue.o
    0x08005064   0x08005064   0x00000168   Code   RO         2909    i.xQueueReceive     queue.o
    0x080051cc   0x080051cc   0x00000090   Code   RO         3340    i.xTaskCheckForTimeOut  tasks.o
    0x0800525c   0x0800525c   0x00000060   Code   RO         3341    i.xTaskCreate       tasks.o
    0x080052bc   0x080052bc   0x00000020   Code   RO         3349    i.xTaskGetSchedulerState  tasks.o
    0x080052dc   0x080052dc   0x0000000c   Code   RO         3350    i.xTaskGetTickCount  tasks.o
    0x080052e8   0x080052e8   0x000001bc   Code   RO         3352    i.xTaskIncrementTick  tasks.o
    0x080054a4   0x080054a4   0x000000f0   Code   RO         3353    i.xTaskPriorityDisinherit  tasks.o
    0x08005594   0x08005594   0x00000120   Code   RO         3355    i.xTaskRemoveFromEventList  tasks.o
    0x080056b4   0x080056b4   0x00000178   Code   RO         3356    i.xTaskResumeAll    tasks.o
    0x0800582c   0x0800582c   0x00000058   Code   RO         3726    i.xTimerCreateTimerTask  timers.o
    0x08005884   0x08005884   0x00000018   Data   RO          262    .constdata          system_stm32f4xx.o
    0x0800589c   0x0800589c   0x00000008   Data   RO          870    .constdata          stm32f4xx_hal_dma.o
    0x080058a4   0x080058a4   0x00000020   Data   RO         4351    Region$$Table       anon$$obj.o


    Execution Region RW_IRAM1 (Exec base: 0x20000000, Load base: 0x080058c4, Size: 0x00008248, Max: 0x00020000, ABSOLUTE)

    Exec Addr    Load Addr    Size         Type   Attr      Idx    E Section Name        Object

    0x20000000   0x080058c4   0x00000004   Data   RW          263    .data               system_stm32f4xx.o
    0x20000004   0x080058c8   0x00000004   Data   RW          302    .data               freertos_tasks.o
    0x20000008   0x080058cc   0x0000000c   Data   RW          422    .data               bsp_usart1.o
    0x20000014   0x080058d8   0x00000009   Data   RW          550    .data               stm32f4xx_hal.o
    0x2000001d   0x080058e1   0x00000003   PAD
    0x20000020   0x080058e4   0x00000048   Data   RW         3359    .data               tasks.o
    0x20000068   0x0800592c   0x00000014   Data   RW         3733    .data               timers.o
    0x2000007c   0x08005940   0x00000020   Data   RW         3885    .data               heap_4.o
    0x2000009c   0x08005960   0x0000000c   Data   RW         3953    .data               port.o
    0x200000a8        -       0x00000408   Zero   RW          421    .bss                bsp_usart1.o
    0x200004b0        -       0x00000090   Zero   RW         2641    .bss                bsp_timebase.o
    0x20000540        -       0x000000dc   Zero   RW         3358    .bss                tasks.o
    0x2000061c        -       0x00000028   Zero   RW         3732    .bss                timers.o
    0x20000644        -       0x00007800   Zero   RW         3884    .bss                heap_4.o
    0x20007e44   0x0800596c   0x00000004   PAD
    0x20007e48        -       0x00000400   Zero   RW            1    STACK               startup_stm32f411xe.o


==============================================================================

Image component sizes


      Code (inc. data)   RO Data    RW Data    ZI Data      Debug   Object Name

       112         16          0          0          0       1357   bsp_led.o
       276         34          0          0        144       4020   bsp_timebase.o
      1140        104          0         12       1032       8222   bsp_usart1.o
         0          0          0          0          0      14752   event_groups.o
       452        232          0          4          0      15336   freertos_tasks.o
       756         74          0         32      30720       4695   heap_4.o
       148          0          0          0          0       3466   list.o
        28          0          0          0          0     434567   main.o
       998         84          0         12          0      11127   port.o
      1312         10          0          0          0      12672   queue.o
        36          8        408          0       1024        964   startup_stm32f411xe.o
        96         20          0          9          0       7974   stm32f4xx_hal.o
       260         22          0          0          0      33622   stm32f4xx_hal_cortex.o
      1436         16          8          0          0       7094   stm32f4xx_hal_dma.o
       488         32          0          0          0       2765   stm32f4xx_hal_gpio.o
        72          4          0          0          0        906   stm32f4xx_hal_msp.o
      1820         84          0          0          0       5668   stm32f4xx_hal_rcc.o
       932         74          0          0          0       7423   stm32f4xx_hal_tim.o
         4          0          0          0          0       1621   stm32f4xx_hal_tim_ex.o
      2846         28          0          0          0      17393   stm32f4xx_hal_uart.o
        24          0          0          0          0       3315   stm32f4xx_it.o
       182          8          0          0          0       1509   sys.o
        20          6         24          4          0       1151   system_stm32f4xx.o
      4104        438          0         72        220      32528   tasks.o
       938        102          0         20         40      13816   timers.o

    ----------------------------------------------------------------------
     18504       1396        472        168      33184     647963   Object Totals
         0          0         32          0          0          0   (incl. Generated)
        24          0          0          3          4          0   (incl. Padding)

    ----------------------------------------------------------------------

      Code (inc. data)   RO Data    RW Data    ZI Data      Debug   Library Member Name

         0          0          0          0          0          0   entry.o
         0          0          0          0          0          0   entry10a.o
         0          0          0          0          0          0   entry11a.o
         4          0          0          0          0          0   entry12b.o
         8          4          0          0          0          0   entry2.o
         4          0          0          0          0          0   entry5.o
         0          0          0          0          0          0   entry7b.o
         0          0          0          0          0          0   entry8b.o
         8          4          0          0          0          0   entry9a.o
        30          0          0          0          0          0   handlers.o
        36          8          0          0          0         68   init.o
         0          0          0          0          0          0   iusefp.o
        30          0          0          0          0         68   llshl.o
        36          0          0          0          0         68   llsshr.o
        32          0          0          0          0         68   llushr.o
        36          0          0          0          0         68   memcpya.o
        36          0          0          0          0        108   memseta.o
      2260         86          0          0          0        528   printfa.o
        14          0          0          0          0         68   strlen.o
        44          0          0          0          0         80   uidiv.o
        98          0          0          0          0         92   uldiv.o
        48          0          0          0          0         68   cdrcmple.o
       334          0          0          0          0        148   dadd.o
       222          0          0          0          0        100   ddiv.o
       186          0          0          0          0        176   depilogue.o
        48          0          0          0          0         68   dfixul.o
       228          0          0          0          0         96   dmul.o

    ----------------------------------------------------------------------
      3748        102          0          0          0       1872   Library Totals
         6          0          0          0          0          0   (incl. Padding)

    ----------------------------------------------------------------------

      Code (inc. data)   RO Data    RW Data    ZI Data      Debug   Library Name

      2676        102          0          0          0       1216   mc_w.l
      1066          0          0          0          0        656   mf_w.l

    ----------------------------------------------------------------------
      3748        102          0          0          0       1872   Library Totals

    ----------------------------------------------------------------------

==============================================================================


      Code (inc. data)   RO Data    RW Data    ZI Data      Debug   

     22252       1498        472        168      33184     633903   Grand Totals
     22252       1498        472        168      33184     633903   ELF Image Totals
     22252       1498        472        168          0          0   ROM Totals

==============================================================================

    Total RO  Size (Code + RO Data)                22724 (  22.19kB)
    Total RW  Size (RW Data + ZI Data)             33352 (  32.57kB)
    Total ROM Size (Code + RO Data + RW Data)      22892 (  22.36kB)

==============================================================================

