<html>
<body>
<pre>
<h1>µVision Build Log</h1>
<h2>Tool Versions:</h2>
IDE-Version: ¦ÌVision V5.36.0.0
Copyright (C) 2021 ARM Ltd and ARM Germany GmbH. All rights reserved.
License Information: hyastar hyastar, hyastar, LIC=BUURY-IU1JL-12SLE-59LX7-V2YWF-BRLIU
 
Tool Versions:
Toolchain:       MDK-ARM Plus  Version: 5.36.0.0
Toolchain Path:  D:\Program Files\Keil_v5\ARM\ARMCC\Bin
C Compiler:      Armcc.exe V5.06 update 7 (build 960)
Assembler:       Armasm.exe V5.06 update 7 (build 960)
Linker/Locator:  ArmLink.exe V5.06 update 7 (build 960)
Library Manager: ArmAr.exe V5.06 update 7 (build 960)
Hex Converter:   FromElf.exe V5.06 update 7 (build 960)
CPU DLL:         SARMCM3.DLL V5.36.0.0
Dialog DLL:      DCM.DLL V1.17.3.0
Target DLL:      CMSIS_AGDI.dll V1.33.0.0
Dialog DLL:      TCM.DLL V1.53.0.0
 
<h2>Project:</h2>
G:\Cursor\kato-modbus\STM32F429\Projects\MDK-ARM\atk_f429.uvprojx
Project File Date:  03/19/2026

<h2>Output:</h2>
*** Using Compiler 'V5.06 update 7 (build 960)', folder: 'D:\Program Files\Keil_v5\ARM\ARMCC\Bin'
Rebuild target 'lwIP'
Note: source file '..\..\Middlewares\lwip\src\core\sys.c' - object file renamed from '..\..\Output\sys.o' to '..\..\Output\sys_1.o'.
Note: source file '..\..\Middlewares\lwip\src\netif\ethernet.c' - object file renamed from '..\..\Output\ethernet.o' to '..\..\Output\ethernet_1.o'.
assembling startup_stm32f429xx.s...
compiling system_stm32f4xx.c...
compiling stm32f4xx_it.c...
compiling sys.c...
compiling main.c...
compiling usart.c...
compiling freertos_demo.c...
..\..\User\freertos_demo.c(309): warning:  #1-D: last line of file ends without a newline
   
..\..\User\freertos_demo.c: 1 warning, 0 errors
compiling stm32f4xx_hal_cortex.c...
compiling stm32f4xx_hal.c...
compiling stm32f4xx_hal_gpio.c...
compiling stm32f4xx_hal_dma.c...
compiling delay.c...
compiling stm32f4xx_hal_rcc_ex.c...
compiling stm32f4xx_hal_rcc.c...
compiling stm32f4xx_hal_usart.c...
compiling stm32f4xx_hal_dma_ex.c...
compiling stm32f4xx_hal_pwr.c...
compiling stm32f4xx_hal_pwr_ex.c...
compiling stm32f4xx_hal_tim_ex.c...
compiling stm32f4xx_hal_uart.c...
compiling stm32f4xx_hal_ltdc_ex.c...
compiling stm32f4xx_hal_flash.c...
compiling stm32f4xx_hal_flash_ex.c...
compiling stm32f4xx_hal_ltdc.c...
compiling stm32f4xx_ll_fmc.c...
compiling stm32f4xx_hal_flash_ramfunc.c...
compiling stm32f4xx_hal_sram.c...
compiling stm32f4xx_hal_dcmi.c...
compiling stm32f4xx_hal_dcmi_ex.c...
compiling stm32f4xx_hal_sdram.c...
compiling stm32f4xx_hal_tim.c...
compiling led.c...
compiling stm32f4xx_hal_eth.c...
compiling key.c...
compiling ltdc.c...
compiling lcd.c...
compiling sdram.c...
compiling ethernet_chip.c...
compiling ethernet.c...
compiling pcf8574.c...
compiling err.c...
compiling myiic.c...
compiling api_lib.c...
compiling if_api.c...
compiling usmart_config.c...
compiling api_msg.c...
compiling usmart.c...
compiling usmart_port.c...
compiling usmart_str.c...
compiling netbuf.c...
compiling netifapi.c...
compiling malloc.c...
compiling netdb.c...
compiling tcpip.c...
compiling altcp.c...
compiling altcp_alloc.c...
compiling sockets.c...
compiling altcp_tcp.c...
compiling def.c...
compiling inet_chksum.c...
compiling dns.c...
compiling init.c...
compiling ip.c...
compiling mem.c...
compiling raw.c...
compiling stats.c...
compiling memp.c...
compiling netif.c...
compiling pbuf.c...
compiling sys.c...
compiling tcp_in.c...
compiling timeouts.c...
compiling tcp.c...
compiling udp.c...
compiling autoip.c...
compiling tcp_out.c...
compiling igmp.c...
compiling icmp.c...
compiling dhcp.c...
compiling etharp.c...
compiling ip4.c...
compiling ip4_addr.c...
compiling ethernet.c...
compiling ip4_frag.c...
compiling lwip_comm.c...
compiling ethernetif.c...
compiling lwip_demo.c...
compiling sys_arch.c...
compiling croutine.c...
compiling modbus_tcp_client.c...
..\..\Middlewares\Modbus\Src\modbus_tcp_client.c(211): warning:  #1-D: last line of file ends without a newline
   }
..\..\Middlewares\Modbus\Src\modbus_tcp_client.c: 1 warning, 0 errors
compiling list.c...
compiling event_groups.c...
compiling stream_buffer.c...
compiling queue.c...
compiling port.c...
compiling heap_4.c...
compiling timers.c...
compiling tasks.c...
linking...
Program Size: Code=143140 RO-data=21824 RW-data=1040 ZI-data=33745016  
FromELF: creating hex file...
"..\..\Output\atk_f429.axf" - 0 Error(s), 2 Warning(s).

<h2>Software Packages used:</h2>

Package Vendor: Keil
                https://www.keil.com/pack/Keil.STM32F4xx_DFP.3.1.1.pack
                Keil.STM32F4xx_DFP.3.1.1
                STMicroelectronics STM32F4 Series Device Support

<h2>Collection of Component include folders:</h2>

<h2>Collection of Component Files used:</h2>
Build Time Elapsed:  00:00:09
</pre>
</body>
</html>
